Archive member included to satisfy reference by file (symbol)

c:/st/stm32cubeide_1.10.0/stm32cubeide/plugins/com.st.stm32cube.ide.mcu.externaltools.gnu-tools-for-stm32.10.3-2021.10.win32_1.0.0.202111181127/tools/bin/../lib/gcc/arm-none-eabi/10.3.1/../../../../arm-none-eabi/lib/thumb/v7e-m+dp/hard\libc_nano.a(lib_a-errno.o)
                              ./Core/Src/syscalls.o (__errno)
c:/st/stm32cubeide_1.10.0/stm32cubeide/plugins/com.st.stm32cube.ide.mcu.externaltools.gnu-tools-for-stm32.10.3-2021.10.win32_1.0.0.202111181127/tools/bin/../lib/gcc/arm-none-eabi/10.3.1/../../../../arm-none-eabi/lib/thumb/v7e-m+dp/hard\libc_nano.a(lib_a-exit.o)
                              c:/st/stm32cubeide_1.10.0/stm32cubeide/plugins/com.st.stm32cube.ide.mcu.externaltools.gnu-tools-for-stm32.10.3-2021.10.win32_1.0.0.202111181127/tools/bin/../lib/gcc/arm-none-eabi/10.3.1/../../../../arm-none-eabi/lib/thumb/v7e-m+dp/hard/crt0.o (exit)
c:/st/stm32cubeide_1.10.0/stm32cubeide/plugins/com.st.stm32cube.ide.mcu.externaltools.gnu-tools-for-stm32.10.3-2021.10.win32_1.0.0.202111181127/tools/bin/../lib/gcc/arm-none-eabi/10.3.1/../../../../arm-none-eabi/lib/thumb/v7e-m+dp/hard\libc_nano.a(lib_a-impure.o)
                              c:/st/stm32cubeide_1.10.0/stm32cubeide/plugins/com.st.stm32cube.ide.mcu.externaltools.gnu-tools-for-stm32.10.3-2021.10.win32_1.0.0.202111181127/tools/bin/../lib/gcc/arm-none-eabi/10.3.1/../../../../arm-none-eabi/lib/thumb/v7e-m+dp/hard\libc_nano.a(lib_a-exit.o) (_global_impure_ptr)
c:/st/stm32cubeide_1.10.0/stm32cubeide/plugins/com.st.stm32cube.ide.mcu.externaltools.gnu-tools-for-stm32.10.3-2021.10.win32_1.0.0.202111181127/tools/bin/../lib/gcc/arm-none-eabi/10.3.1/../../../../arm-none-eabi/lib/thumb/v7e-m+dp/hard\libc_nano.a(lib_a-init.o)
                              c:/st/stm32cubeide_1.10.0/stm32cubeide/plugins/com.st.stm32cube.ide.mcu.externaltools.gnu-tools-for-stm32.10.3-2021.10.win32_1.0.0.202111181127/tools/bin/../lib/gcc/arm-none-eabi/10.3.1/../../../../arm-none-eabi/lib/thumb/v7e-m+dp/hard/crt0.o (__libc_init_array)
c:/st/stm32cubeide_1.10.0/stm32cubeide/plugins/com.st.stm32cube.ide.mcu.externaltools.gnu-tools-for-stm32.10.3-2021.10.win32_1.0.0.202111181127/tools/bin/../lib/gcc/arm-none-eabi/10.3.1/../../../../arm-none-eabi/lib/thumb/v7e-m+dp/hard\libc_nano.a(lib_a-memcmp.o)
                              ./common/ThridParty/SEGGER/OS/SEGGER_SYSVIEW_FreeRTOS.o (memcmp)
c:/st/stm32cubeide_1.10.0/stm32cubeide/plugins/com.st.stm32cube.ide.mcu.externaltools.gnu-tools-for-stm32.10.3-2021.10.win32_1.0.0.202111181127/tools/bin/../lib/gcc/arm-none-eabi/10.3.1/../../../../arm-none-eabi/lib/thumb/v7e-m+dp/hard\libc_nano.a(lib_a-memcpy-stub.o)
                              ./common/ThridParty/FreeRTOS/queue.o (memcpy)
c:/st/stm32cubeide_1.10.0/stm32cubeide/plugins/com.st.stm32cube.ide.mcu.externaltools.gnu-tools-for-stm32.10.3-2021.10.win32_1.0.0.202111181127/tools/bin/../lib/gcc/arm-none-eabi/10.3.1/../../../../arm-none-eabi/lib/thumb/v7e-m+dp/hard\libc_nano.a(lib_a-memset.o)
                              c:/st/stm32cubeide_1.10.0/stm32cubeide/plugins/com.st.stm32cube.ide.mcu.externaltools.gnu-tools-for-stm32.10.3-2021.10.win32_1.0.0.202111181127/tools/bin/../lib/gcc/arm-none-eabi/10.3.1/../../../../arm-none-eabi/lib/thumb/v7e-m+dp/hard/crt0.o (memset)
c:/st/stm32cubeide_1.10.0/stm32cubeide/plugins/com.st.stm32cube.ide.mcu.externaltools.gnu-tools-for-stm32.10.3-2021.10.win32_1.0.0.202111181127/tools/bin/../lib/gcc/arm-none-eabi/10.3.1/../../../../arm-none-eabi/lib/thumb/v7e-m+dp/hard\libc_nano.a(lib_a-strlen.o)
                              ./common/ThridParty/SEGGER/SEGGER/SEGGER_RTT.o (strlen)
c:/st/stm32cubeide_1.10.0/stm32cubeide/plugins/com.st.stm32cube.ide.mcu.externaltools.gnu-tools-for-stm32.10.3-2021.10.win32_1.0.0.202111181127/tools/bin/../lib/gcc/arm-none-eabi/10.3.1/thumb/v7e-m+dp/hard\libgcc.a(_aeabi_uldivmod.o)
                              ./Drivers/STM32F7xx_HAL_Driver/Src/stm32f7xx_hal_rcc.o (__aeabi_uldivmod)
c:/st/stm32cubeide_1.10.0/stm32cubeide/plugins/com.st.stm32cube.ide.mcu.externaltools.gnu-tools-for-stm32.10.3-2021.10.win32_1.0.0.202111181127/tools/bin/../lib/gcc/arm-none-eabi/10.3.1/thumb/v7e-m+dp/hard\libgcc.a(_udivmoddi4.o)
                              c:/st/stm32cubeide_1.10.0/stm32cubeide/plugins/com.st.stm32cube.ide.mcu.externaltools.gnu-tools-for-stm32.10.3-2021.10.win32_1.0.0.202111181127/tools/bin/../lib/gcc/arm-none-eabi/10.3.1/thumb/v7e-m+dp/hard\libgcc.a(_aeabi_uldivmod.o) (__udivmoddi4)
c:/st/stm32cubeide_1.10.0/stm32cubeide/plugins/com.st.stm32cube.ide.mcu.externaltools.gnu-tools-for-stm32.10.3-2021.10.win32_1.0.0.202111181127/tools/bin/../lib/gcc/arm-none-eabi/10.3.1/thumb/v7e-m+dp/hard\libgcc.a(_dvmd_tls.o)
[...]
Memory Configuration

Name             Origin             Length             Attributes
RAM              0x0000000020000000 0x0000000000080000 xrw
FLASH            0x0000000008000000 0x0000000000200000 xr
*default*        0x0000000000000000 0xffffffffffffffff

Linker script and memory map

LOAD c:/st/stm32cubeide_1.10.0/stm32cubeide/plugins/com.st.stm32cube.ide.mcu.externaltools.gnu-tools-for-stm32.10.3-2021.10.win32_1.0.0.202111181127/tools/bin/../lib/gcc/arm-none-eabi/10.3.1/thumb/v7e-m+dp/hard/crti.o
LOAD c:/st/stm32cubeide_1.10.0/stm32cubeide/plugins/com.st.stm32cube.ide.mcu.externaltools.gnu-tools-for-stm32.10.3-2021.10.win32_1.0.0.202111181127/tools/bin/../lib/gcc/arm-none-eabi/10.3.1/thumb/v7e-m+dp/hard/crtbegin.o
LOAD c:/st/stm32cubeide_1.10.0/stm32cubeide/plugins/com.st.stm32cube.ide.mcu.externaltools.gnu-tools-for-stm32.10.3-2021.10.win32_1.0.0.202111181127/tools/bin/../lib/gcc/arm-none-eabi/10.3.1/../../../../arm-none-eabi/lib/thumb/v7e-m+dp/hard/crt0.o
LOAD ./Core/Src/gpio.o
LOAD ./Core/Src/main.o
LOAD ./Core/Src/stm32f7xx_hal_msp.o
LOAD ./Core/Src/stm32f7xx_hal_timebase_tim.o
LOAD ./Core/Src/stm32f7xx_it.o
LOAD ./Core/Src/syscalls.o
LOAD ./Core/Src/sysmem.o
LOAD ./Core/Src/system_stm32f7xx.o
LOAD ./Core/Startup/startup_stm32f767zitx.o
LOAD ./Drivers/STM32F7xx_HAL_Driver/Src/stm32f7xx_hal.o
LOAD ./Drivers/STM32F7xx_HAL_Driver/Src/stm32f7xx_hal_cortex.o
LOAD ./Drivers/STM32F7xx_HAL_Driver/Src/stm32f7xx_hal_dma.o
LOAD ./Drivers/STM32F7xx_HAL_Driver/Src/stm32f7xx_hal_dma_ex.o
LOAD ./Drivers/STM32F7xx_HAL_Driver/Src/stm32f7xx_hal_exti.o
LOAD ./Drivers/STM32F7xx_HAL_Driver/Src/stm32f7xx_hal_flash.o
LOAD ./Drivers/STM32F7xx_HAL_Driver/Src/stm32f7xx_hal_flash_ex.o
LOAD ./Drivers/STM32F7xx_HAL_Driver/Src/stm32f7xx_hal_gpio.o
LOAD ./Drivers/STM32F7xx_HAL_Driver/Src/stm32f7xx_hal_i2c.o
LOAD ./Drivers/STM32F7xx_HAL_Driver/Src/stm32f7xx_hal_i2c_ex.o
LOAD ./Drivers/STM32F7xx_HAL_Driver/Src/stm32f7xx_hal_pwr.o
LOAD ./Drivers/STM32F7xx_HAL_Driver/Src/stm32f7xx_hal_pwr_ex.o
LOAD ./Drivers/STM32F7xx_HAL_Driver/Src/stm32f7xx_hal_rcc.o
LOAD ./Drivers/STM32F7xx_HAL_Driver/Src/stm32f7xx_hal_rcc_ex.o
LOAD ./Drivers/STM32F7xx_HAL_Driver/Src/stm32f7xx_hal_tim.o
LOAD ./Drivers/STM32F7xx_HAL_Driver/Src/stm32f7xx_hal_tim_ex.o
LOAD ./common/ThridParty/FreeRTOS/croutine.o
LOAD ./common/ThridParty/FreeRTOS/event_groups.o
LOAD ./common/ThridParty/FreeRTOS/list.o
LOAD ./common/ThridParty/FreeRTOS/queue.o
LOAD ./common/ThridParty/FreeRTOS/stream_buffer.o
LOAD ./common/ThridParty/FreeRTOS/tasks.o
LOAD ./common/ThridParty/FreeRTOS/timers.o
LOAD ./common/ThridParty/FreeRTOS/portable/GCC/ARM_CM4F/port.o
LOAD ./common/ThridParty/FreeRTOS/portable/MemMang/heap_4.o
LOAD ./common/ThridParty/SEGGER/Config/SEGGER_SYSVIEW_Config_FreeRTOS.o
LOAD ./common/ThridParty/SEGGER/OS/SEGGER_SYSVIEW_FreeRTOS.o
LOAD ./common/ThridParty/SEGGER/Rec/segger_uart.o
LOAD ./common/ThridParty/SEGGER/SEGGER/SEGGER_RTT.o
LOAD ./common/ThridParty/SEGGER/SEGGER/SEGGER_RTT_ASM_ARMv7M.o
LOAD ./common/ThridParty/SEGGER/SEGGER/SEGGER_RTT_printf.o
LOAD ./common/ThridParty/SEGGER/SEGGER/SEGGER_SYSVIEW.o
LOAD ./common/ThridParty/SEGGER/SEGGER/Syscalls/SEGGER_RTT_Syscalls_GCC.o
LOAD ./common/ThridParty/SEGGER/SEGGER/Syscalls/SEGGER_RTT_Syscalls_IAR.o
LOAD ./common/ThridParty/SEGGER/SEGGER/Syscalls/SEGGER_RTT_Syscalls_KEIL.o
LOAD ./common/ThridParty/SEGGER/SEGGER/Syscalls/SEGGER_RTT_Syscalls_SES.o
START GROUP
LOAD c:/st/stm32cubeide_1.10.0/stm32cubeide/plugins/com.st.stm32cube.ide.mcu.externaltools.gnu-tools-for-stm32.10.3-2021.10.win32_1.0.0.202111181127/tools/bin/../lib/gcc/arm-none-eabi/10.3.1/../../../../arm-none-eabi/lib/thumb/v7e-m+dp/hard\libc_nano.a
LOAD c:/st/stm32cubeide_1.10.0/stm32cubeide/plugins/com.st.stm32cube.ide.mcu.externaltools.gnu-tools-for-stm32.10.3-2021.10.win32_1.0.0.202111181127/tools/bin/../lib/gcc/arm-none-eabi/10.3.1/../../../../arm-none-eabi/lib/thumb/v7e-m+dp/hard\libm.a
END GROUP
START GROUP
LOAD c:/st/stm32cubeide_1.10.0/stm32cubeide/plugins/com.st.stm32cube.ide.mcu.externaltools.gnu-tools-for-stm32.10.3-2021.10.win32_1.0.0.202111181127/tools/bin/../lib/gcc/arm-none-eabi/10.3.1/thumb/v7e-m+dp/hard\libgcc.a
LOAD c:/st/stm32cubeide_1.10.0/stm32cubeide/plugins/com.st.stm32cube.ide.mcu.externaltools.gnu-tools-for-stm32.10.3-2021.10.win32_1.0.0.202111181127/tools/bin/../lib/gcc/arm-none-eabi/10.3.1/../../../../arm-none-eabi/lib/thumb/v7e-m+dp/hard\libc_nano.a
END GROUP
START GROUP
LOAD c:/st/stm32cubeide_1.10.0/stm32cubeide/plugins/com.st.stm32cube.ide.mcu.externaltools.gnu-tools-for-stm32.10.3-2021.10.win32_1.0.0.202111181127/tools/bin/../lib/gcc/arm-none-eabi/10.3.1/thumb/v7e-m+dp/hard\libgcc.a
LOAD c:/st/stm32cubeide_1.10.0/stm32cubeide/plugins/com.st.stm32cube.ide.mcu.externaltools.gnu-tools-for-stm32.10.3-2021.10.win32_1.0.0.202111181127/tools/bin/../lib/gcc/arm-none-eabi/10.3.1/../../../../arm-none-eabi/lib/thumb/v7e-m+dp/hard\libc_nano.a
LOAD c:/st/stm32cubeide_1.10.0/stm32cubeide/plugins/com.st.stm32cube.ide.mcu.externaltools.gnu-tools-for-stm32.10.3-2021.10.win32_1.0.0.202111181127/tools/bin/../lib/gcc/arm-none-eabi/10.3.1/../../../../arm-none-eabi/lib/thumb/v7e-m+dp/hard\libnosys.a
END GROUP
START GROUP
LOAD c:/st/stm32cubeide_1.10.0/stm32cubeide/plugins/com.st.stm32cube.ide.mcu.externaltools.gnu-tools-for-stm32.10.3-2021.10.win32_1.0.0.202111181127/tools/bin/../lib/gcc/arm-none-eabi/10.3.1/thumb/v7e-m+dp/hard\libgcc.a
LOAD c:/st/stm32cubeide_1.10.0/stm32cubeide/plugins/com.st.stm32cube.ide.mcu.externaltools.gnu-tools-for-stm32.10.3-2021.10.win32_1.0.0.202111181127/tools/bin/../lib/gcc/arm-none-eabi/10.3.1/../../../../arm-none-eabi/lib/thumb/v7e-m+dp/hard\libc_nano.a
LOAD c:/st/stm32cubeide_1.10.0/stm32cubeide/plugins/com.st.stm32cube.ide.mcu.externaltools.gnu-tools-for-stm32.10.3-2021.10.win32_1.0.0.202111181127/tools/bin/../lib/gcc/arm-none-eabi/10.3.1/../../../../arm-none-eabi/lib/thumb/v7e-m+dp/hard\libnosys.a
END GROUP
LOAD c:/st/stm32cubeide_1.10.0/stm32cubeide/plugins/com.st.stm32cube.ide.mcu.externaltools.gnu-tools-for-stm32.10.3-2021.10.win32_1.0.0.202111181127/tools/bin/../lib/gcc/arm-none-eabi/10.3.1/thumb/v7e-m+dp/hard/crtend.o
LOAD c:/st/stm32cubeide_1.10.0/stm32cubeide/plugins/com.st.stm32cube.ide.mcu.externaltools.gnu-tools-for-stm32.10.3-2021.10.win32_1.0.0.202111181127/tools/bin/../lib/gcc/arm-none-eabi/10.3.1/thumb/v7e-m+dp/hard/crtn.o
                0x0000000020080000                _estack = (ORIGIN (RAM) + LENGTH (RAM))
                0x0000000000000200                _Min_Heap_Size = 0x200
                0x0000000000000400                _Min_Stack_Size = 0x400

.isr_vector     0x0000000008000000      0x1f8
                0x0000000008000000                . = ALIGN (0x4)
 *(.isr_vector)
 .isr_vector    0x0000000008000000      0x1f8 ./Core/Startup/startup_stm32f767zitx.o
                0x0000000008000000                g_pfnVectors
                0x00000000080001f8                . = ALIGN (0x4)

.text           0x0000000008000200     0x7bf8
                0x0000000008000200                . = ALIGN (0x4)
 *(.text)
 .text          0x0000000008000200       0x40 c:/st/stm32cubeide_1.10.0/stm32cubeide/plugins/com.st.stm32cube.ide.mcu.externaltools.gnu-tools-for-stm32.10.3-2021.10.win32_1.0.0.202111181127/tools/bin/../lib/gcc/arm-none-eabi/10.3.1/thumb/v7e-m+dp/hard/crtbegin.o
 .text          0x0000000008000240       0x94 ./common/ThridParty/SEGGER/SEGGER/SEGGER_RTT_ASM_ARMv7M.o
                0x0000000008000240                SEGGER_RTT_ASM_WriteSkipNoLock
 .text          0x00000000080002d4       0x30 c:/st/stm32cubeide_1.10.0/stm32cubeide/plugins/com.st.stm32cube.ide.mcu.externaltools.gnu-tools-for-stm32.10.3-2021.10.win32_1.0.0.202111181127/tools/bin/../lib/gcc/arm-none-eabi/10.3.1/thumb/v7e-m+dp/hard\libgcc.a(_aeabi_uldivmod.o)
                0x00000000080002d4                __aeabi_uldivmod
 .text          0x0000000008000304      0x2d0 c:/st/stm32cubeide_1.10.0/stm32cubeide/plugins/com.st.stm32cube.ide.mcu.externaltools.gnu-tools-for-stm32.10.3-2021.10.win32_1.0.0.202111181127/tools/bin/../lib/gcc/arm-none-eabi/10.3.1/thumb/v7e-m+dp/hard\libgcc.a(_udivmoddi4.o)
                0x0000000008000304                __udivmoddi4
 .text          0x00000000080005d4        0x4 c:/st/stm32cubeide_1.10.0/stm32cubeide/plugins/com.st.stm32cube.ide.mcu.externaltools.gnu-tools-for-stm32.10.3-2021.10.win32_1.0.0.202111181127/tools/bin/../lib/gcc/arm-none-eabi/10.3.1/thumb/v7e-m+dp/hard\libgcc.a(_dvmd_tls.o)
                0x00000000080005d4                __aeabi_idiv0
                0x00000000080005d4                __aeabi_ldiv0
 *(.text*)
 .text.MX_GPIO_Init
                0x00000000080005d8      0x22c ./Core/Src/gpio.o
                0x00000000080005d8                MX_GPIO_Init
 .text.main     0x0000000008000804      0x13c ./Core/Src/main.o
                0x0000000008000804                main
 .text.SystemClock_Config
                0x0000000008000940       0xdc ./Core/Src/main.o
                0x0000000008000940                SystemClock_Config
 .text.vLED_Green_handler
                0x0000000008000a1c       0x6c ./Core/Src/main.o
 .text.vLED_Blue_handler
                0x0000000008000a88       0x6c ./Core/Src/main.o
 .text.vLED_Red_handler
                0x0000000008000af4       0x78 ./Core/Src/main.o
 .text.vButton_handler
                0x0000000008000b6c       0x50 ./Core/Src/main.o
 .text.HAL_TIM_PeriodElapsedCallback
                0x0000000008000bbc       0x24 ./Core/Src/main.o
                0x0000000008000bbc                HAL_TIM_PeriodElapsedCallback
 .text.Error_Handler
                0x0000000008000be0        0xa ./Core/Src/main.o
                0x0000000008000be0                Error_Handler
 *fill*         0x0000000008000bea        0x2 
 .text.HAL_MspInit
                0x0000000008000bec       0x48 ./Core/Src/stm32f7xx_hal_msp.o
                0x0000000008000bec                HAL_MspInit
 .text.HAL_InitTick
                0x0000000008000c34       0xf4 ./Core/Src/stm32f7xx_hal_timebase_tim.o
                0x0000000008000c34                HAL_InitTick
 .text.NMI_Handler
                0x0000000008000d28        0x6 ./Core/Src/stm32f7xx_it.o
                0x0000000008000d28                NMI_Handler
 .text.HardFault_Handler
                0x0000000008000d2e        0x6 ./Core/Src/stm32f7xx_it.o
                0x0000000008000d2e                HardFault_Handler
 .text.MemManage_Handler
                0x0000000008000d34        0x6 ./Core/Src/stm32f7xx_it.o
                0x0000000008000d34                MemManage_Handler
 .text.BusFault_Handler
                0x0000000008000d3a        0x6 ./Core/Src/stm32f7xx_it.o
                0x0000000008000d3a                BusFault_Handler
 .text.UsageFault_Handler
                0x0000000008000d40        0x6 ./Core/Src/stm32f7xx_it.o
                0x0000000008000d40                UsageFault_Handler
 .text.DebugMon_Handler
                0x0000000008000d46        0xe ./Core/Src/stm32f7xx_it.o
                0x0000000008000d46                DebugMon_Handler
 .text.TIM6_DAC_IRQHandler
                0x0000000008000d54       0x14 ./Core/Src/stm32f7xx_it.o
                0x0000000008000d54                TIM6_DAC_IRQHandler
 .text.SystemInit
                0x0000000008000d68       0x24 ./Core/Src/system_stm32f7xx.o
                0x0000000008000d68                SystemInit
 .text.Reset_Handler
                0x0000000008000d8c       0x50 ./Core/Startup/startup_stm32f767zitx.o
                0x0000000008000d8c                Reset_Handler
 .text.Default_Handler
                0x0000000008000ddc        0x2 ./Core/Startup/startup_stm32f767zitx.o
                0x0000000008000ddc                RTC_Alarm_IRQHandler
                0x0000000008000ddc                EXTI2_IRQHandler
                0x0000000008000ddc                TIM8_CC_IRQHandler
                0x0000000008000ddc                UART8_IRQHandler
                0x0000000008000ddc                SPI4_IRQHandler
                0x0000000008000ddc                TIM1_CC_IRQHandler
                0x0000000008000ddc                DMA2_Stream5_IRQHandler
                0x0000000008000ddc                JPEG_IRQHandler
                0x0000000008000ddc                DMA1_Stream5_IRQHandler
                0x0000000008000ddc                CAN3_RX1_IRQHandler
                0x0000000008000ddc                PVD_IRQHandler
                0x0000000008000ddc                TAMP_STAMP_IRQHandler
                0x0000000008000ddc                CAN2_RX1_IRQHandler
                0x0000000008000ddc                EXTI3_IRQHandler
                0x0000000008000ddc                TIM8_TRG_COM_TIM14_IRQHandler
                0x0000000008000ddc                DFSDM1_FLT1_IRQHandler
                0x0000000008000ddc                TIM1_UP_TIM10_IRQHandler
                0x0000000008000ddc                TIM8_UP_TIM13_IRQHandler
                0x0000000008000ddc                I2C3_ER_IRQHandler
                0x0000000008000ddc                DFSDM1_FLT2_IRQHandler
                0x0000000008000ddc                EXTI0_IRQHandler
                0x0000000008000ddc                I2C2_EV_IRQHandler
                0x0000000008000ddc                DMA1_Stream2_IRQHandler
                0x0000000008000ddc                CAN1_RX0_IRQHandler
                0x0000000008000ddc                FPU_IRQHandler
                0x0000000008000ddc                OTG_HS_WKUP_IRQHandler
                0x0000000008000ddc                CAN3_SCE_IRQHandler
                0x0000000008000ddc                LTDC_ER_IRQHandler
                0x0000000008000ddc                CAN2_SCE_IRQHandler
                0x0000000008000ddc                DMA2_Stream2_IRQHandler
                0x0000000008000ddc                SPI1_IRQHandler
                0x0000000008000ddc                TIM1_BRK_TIM9_IRQHandler
                0x0000000008000ddc                DCMI_IRQHandler
                0x0000000008000ddc                CAN2_RX0_IRQHandler
                0x0000000008000ddc                DMA2_Stream3_IRQHandler
                0x0000000008000ddc                SAI2_IRQHandler
                0x0000000008000ddc                DFSDM1_FLT3_IRQHandler
                0x0000000008000ddc                USART6_IRQHandler
                0x0000000008000ddc                CAN3_RX0_IRQHandler
                0x0000000008000ddc                CAN1_RX1_IRQHandler
                0x0000000008000ddc                UART5_IRQHandler
                0x0000000008000ddc                DMA2_Stream0_IRQHandler
                0x0000000008000ddc                TIM4_IRQHandler
                0x0000000008000ddc                QUADSPI_IRQHandler
                0x0000000008000ddc                I2C1_EV_IRQHandler
                0x0000000008000ddc                DMA1_Stream6_IRQHandler
                0x0000000008000ddc                DMA1_Stream1_IRQHandler
                0x0000000008000ddc                UART4_IRQHandler
                0x0000000008000ddc                TIM3_IRQHandler
                0x0000000008000ddc                RCC_IRQHandler
                0x0000000008000ddc                TIM8_BRK_TIM12_IRQHandler
                0x0000000008000ddc                Default_Handler
                0x0000000008000ddc                CEC_IRQHandler
                0x0000000008000ddc                EXTI15_10_IRQHandler
                0x0000000008000ddc                ADC_IRQHandler
                0x0000000008000ddc                DMA1_Stream7_IRQHandler
                0x0000000008000ddc                SPI5_IRQHandler
                0x0000000008000ddc                TIM7_IRQHandler
                0x0000000008000ddc                SDMMC1_IRQHandler
                0x0000000008000ddc                CAN2_TX_IRQHandler
                0x0000000008000ddc                TIM5_IRQHandler
                0x0000000008000ddc                DMA2_Stream7_IRQHandler
                0x0000000008000ddc                I2C3_EV_IRQHandler
                0x0000000008000ddc                EXTI9_5_IRQHandler
                0x0000000008000ddc                RTC_WKUP_IRQHandler
                0x0000000008000ddc                LTDC_IRQHandler
                0x0000000008000ddc                ETH_WKUP_IRQHandler
                0x0000000008000ddc                SPDIF_RX_IRQHandler
                0x0000000008000ddc                SPI2_IRQHandler
                0x0000000008000ddc                OTG_HS_EP1_IN_IRQHandler
                0x0000000008000ddc                DMA1_Stream0_IRQHandler
                0x0000000008000ddc                CAN1_TX_IRQHandler
                0x0000000008000ddc                EXTI4_IRQHandler
                0x0000000008000ddc                RNG_IRQHandler
                0x0000000008000ddc                ETH_IRQHandler
                0x0000000008000ddc                OTG_HS_EP1_OUT_IRQHandler
                0x0000000008000ddc                WWDG_IRQHandler
                0x0000000008000ddc                SPI6_IRQHandler
                0x0000000008000ddc                MDIOS_IRQHandler
                0x0000000008000ddc                I2C4_EV_IRQHandler
                0x0000000008000ddc                CAN3_TX_IRQHandler
                0x0000000008000ddc                TIM2_IRQHandler
                0x0000000008000ddc                OTG_FS_WKUP_IRQHandler
                0x0000000008000ddc                TIM1_TRG_COM_TIM11_IRQHandler
                0x0000000008000ddc                OTG_HS_IRQHandler
                0x0000000008000ddc                DMA2D_IRQHandler
                0x0000000008000ddc                EXTI1_IRQHandler
                0x0000000008000ddc                SDMMC2_IRQHandler
                0x0000000008000ddc                UART7_IRQHandler
                0x0000000008000ddc                USART2_IRQHandler
                0x0000000008000ddc                DFSDM1_FLT0_IRQHandler
                0x0000000008000ddc                I2C2_ER_IRQHandler
                0x0000000008000ddc                DMA2_Stream1_IRQHandler
                0x0000000008000ddc                CAN1_SCE_IRQHandler
                0x0000000008000ddc                FLASH_IRQHandler
                0x0000000008000ddc                DMA2_Stream4_IRQHandler
                0x0000000008000ddc                USART1_IRQHandler
                0x0000000008000ddc                OTG_FS_IRQHandler
                0x0000000008000ddc                SPI3_IRQHandler
                0x0000000008000ddc                DMA1_Stream4_IRQHandler
                0x0000000008000ddc                I2C1_ER_IRQHandler
                0x0000000008000ddc                FMC_IRQHandler
                0x0000000008000ddc                LPTIM1_IRQHandler
                0x0000000008000ddc                I2C4_ER_IRQHandler
                0x0000000008000ddc                DMA2_Stream6_IRQHandler
                0x0000000008000ddc                SAI1_IRQHandler
                0x0000000008000ddc                DMA1_Stream3_IRQHandler
 .text.HAL_Init
                0x0000000008000dde       0x1a ./Drivers/STM32F7xx_HAL_Driver/Src/stm32f7xx_hal.o
                0x0000000008000dde                HAL_Init
 .text.HAL_IncTick
                0x0000000008000df8       0x28 ./Drivers/STM32F7xx_HAL_Driver/Src/stm32f7xx_hal.o
                0x0000000008000df8                HAL_IncTick
 .text.HAL_GetTick
                0x0000000008000e20       0x18 ./Drivers/STM32F7xx_HAL_Driver/Src/stm32f7xx_hal.o
                0x0000000008000e20                HAL_GetTick
 .text.__NVIC_SetPriorityGrouping
                0x0000000008000e38       0x48 ./Drivers/STM32F7xx_HAL_Driver/Src/stm32f7xx_hal_cortex.o
 .text.__NVIC_GetPriorityGrouping
                0x0000000008000e80       0x1c ./Drivers/STM32F7xx_HAL_Driver/Src/stm32f7xx_hal_cortex.o
 .text.__NVIC_EnableIRQ
                0x0000000008000e9c       0x3c ./Drivers/STM32F7xx_HAL_Driver/Src/stm32f7xx_hal_cortex.o
 .text.__NVIC_SetPriority
                0x0000000008000ed8       0x54 ./Drivers/STM32F7xx_HAL_Driver/Src/stm32f7xx_hal_cortex.o
 .text.NVIC_EncodePriority
                0x0000000008000f2c       0x66 ./Drivers/STM32F7xx_HAL_Driver/Src/stm32f7xx_hal_cortex.o
 .text.HAL_NVIC_SetPriorityGrouping
                0x0000000008000f92       0x16 ./Drivers/STM32F7xx_HAL_Driver/Src/stm32f7xx_hal_cortex.o
                0x0000000008000f92                HAL_NVIC_SetPriorityGrouping
 .text.HAL_NVIC_SetPriority
                0x0000000008000fa8       0x38 ./Drivers/STM32F7xx_HAL_Driver/Src/stm32f7xx_hal_cortex.o
                0x0000000008000fa8                HAL_NVIC_SetPriority
 .text.HAL_NVIC_EnableIRQ
                0x0000000008000fe0       0x1c ./Drivers/STM32F7xx_HAL_Driver/Src/stm32f7xx_hal_cortex.o
                0x0000000008000fe0                HAL_NVIC_EnableIRQ
 .text.HAL_GPIO_Init
                0x0000000008000ffc      0x358 ./Drivers/STM32F7xx_HAL_Driver/Src/stm32f7xx_hal_gpio.o
                0x0000000008000ffc                HAL_GPIO_Init
 .text.HAL_GPIO_ReadPin
                0x0000000008001354       0x30 ./Drivers/STM32F7xx_HAL_Driver/Src/stm32f7xx_hal_gpio.o
                0x0000000008001354                HAL_GPIO_ReadPin
 .text.HAL_GPIO_WritePin
                0x0000000008001384       0x32 ./Drivers/STM32F7xx_HAL_Driver/Src/stm32f7xx_hal_gpio.o
                0x0000000008001384                HAL_GPIO_WritePin
 .text.HAL_GPIO_TogglePin
                0x00000000080013b6       0x34 ./Drivers/STM32F7xx_HAL_Driver/Src/stm32f7xx_hal_gpio.o
                0x00000000080013b6                HAL_GPIO_TogglePin
 *fill*         0x00000000080013ea        0x2 
 .text.HAL_PWREx_EnableOverDrive
                0x00000000080013ec       0xa0 ./Drivers/STM32F7xx_HAL_Driver/Src/stm32f7xx_hal_pwr_ex.o
                0x00000000080013ec                HAL_PWREx_EnableOverDrive
 .text.HAL_RCC_OscConfig
                0x000000000800148c      0x55c ./Drivers/STM32F7xx_HAL_Driver/Src/stm32f7xx_hal_rcc.o
                0x000000000800148c                HAL_RCC_OscConfig
 .text.HAL_RCC_ClockConfig
                0x00000000080019e8      0x1d8 ./Drivers/STM32F7xx_HAL_Driver/Src/stm32f7xx_hal_rcc.o
                0x00000000080019e8                HAL_RCC_ClockConfig
 .text.HAL_RCC_GetSysClockFreq
                0x0000000008001bc0      0x208 ./Drivers/STM32F7xx_HAL_Driver/Src/stm32f7xx_hal_rcc.o
                0x0000000008001bc0                HAL_RCC_GetSysClockFreq
 .text.HAL_RCC_GetHCLKFreq
                0x0000000008001dc8       0x18 ./Drivers/STM32F7xx_HAL_Driver/Src/stm32f7xx_hal_rcc.o
                0x0000000008001dc8                HAL_RCC_GetHCLKFreq
 .text.HAL_RCC_GetPCLK1Freq
                0x0000000008001de0       0x28 ./Drivers/STM32F7xx_HAL_Driver/Src/stm32f7xx_hal_rcc.o
                0x0000000008001de0                HAL_RCC_GetPCLK1Freq
 .text.HAL_RCC_GetClockConfig
                0x0000000008001e08       0x64 ./Drivers/STM32F7xx_HAL_Driver/Src/stm32f7xx_hal_rcc.o
                0x0000000008001e08                HAL_RCC_GetClockConfig
 .text.HAL_TIM_Base_Init
                0x0000000008001e6c       0xae ./Drivers/STM32F7xx_HAL_Driver/Src/stm32f7xx_hal_tim.o
                0x0000000008001e6c                HAL_TIM_Base_Init
 .text.HAL_TIM_Base_MspInit
                0x0000000008001f1a       0x14 ./Drivers/STM32F7xx_HAL_Driver/Src/stm32f7xx_hal_tim.o
                0x0000000008001f1a                HAL_TIM_Base_MspInit
 *fill*         0x0000000008001f2e        0x2 
 .text.HAL_TIM_Base_Start_IT
                0x0000000008001f30       0xf0 ./Drivers/STM32F7xx_HAL_Driver/Src/stm32f7xx_hal_tim.o
                0x0000000008001f30                HAL_TIM_Base_Start_IT
 .text.HAL_TIM_IRQHandler
                0x0000000008002020      0x20e ./Drivers/STM32F7xx_HAL_Driver/Src/stm32f7xx_hal_tim.o
                0x0000000008002020                HAL_TIM_IRQHandler
 .text.HAL_TIM_OC_DelayElapsedCallback
                0x000000000800222e       0x14 ./Drivers/STM32F7xx_HAL_Driver/Src/stm32f7xx_hal_tim.o
                0x000000000800222e                HAL_TIM_OC_DelayElapsedCallback
 .text.HAL_TIM_IC_CaptureCallback
                0x0000000008002242       0x14 ./Drivers/STM32F7xx_HAL_Driver/Src/stm32f7xx_hal_tim.o
                0x0000000008002242                HAL_TIM_IC_CaptureCallback
 .text.HAL_TIM_PWM_PulseFinishedCallback
                0x0000000008002256       0x14 ./Drivers/STM32F7xx_HAL_Driver/Src/stm32f7xx_hal_tim.o
                0x0000000008002256                HAL_TIM_PWM_PulseFinishedCallback
 .text.HAL_TIM_TriggerCallback
                0x000000000800226a       0x14 ./Drivers/STM32F7xx_HAL_Driver/Src/stm32f7xx_hal_tim.o
                0x000000000800226a                HAL_TIM_TriggerCallback
 *fill*         0x000000000800227e        0x2 
 .text.TIM_Base_SetConfig
                0x0000000008002280      0x158 ./Drivers/STM32F7xx_HAL_Driver/Src/stm32f7xx_hal_tim.o
                0x0000000008002280                TIM_Base_SetConfig
 .text.HAL_TIMEx_CommutCallback
                0x00000000080023d8       0x14 ./Drivers/STM32F7xx_HAL_Driver/Src/stm32f7xx_hal_tim_ex.o
                0x00000000080023d8                HAL_TIMEx_CommutCallback
 .text.HAL_TIMEx_BreakCallback
                0x00000000080023ec       0x14 ./Drivers/STM32F7xx_HAL_Driver/Src/stm32f7xx_hal_tim_ex.o
                0x00000000080023ec                HAL_TIMEx_BreakCallback
 .text.HAL_TIMEx_Break2Callback
                0x0000000008002400       0x14 ./Drivers/STM32F7xx_HAL_Driver/Src/stm32f7xx_hal_tim_ex.o
                0x0000000008002400                HAL_TIMEx_Break2Callback
 .text.vListInitialise
                0x0000000008002414       0x40 ./common/ThridParty/FreeRTOS/list.o
                0x0000000008002414                vListInitialise
 .text.vListInitialiseItem
                0x0000000008002454       0x1a ./common/ThridParty/FreeRTOS/list.o
                0x0000000008002454                vListInitialiseItem
 .text.vListInsertEnd
                0x000000000800246e       0x48 ./common/ThridParty/FreeRTOS/list.o
                0x000000000800246e                vListInsertEnd
 .text.vListInsert
                0x00000000080024b6       0x72 ./common/ThridParty/FreeRTOS/list.o
                0x00000000080024b6                vListInsert
 .text.uxListRemove
                0x0000000008002528       0x54 ./common/ThridParty/FreeRTOS/list.o
                0x0000000008002528                uxListRemove
 .text.xQueueGenericReset
                0x000000000800257c       0xd0 ./common/ThridParty/FreeRTOS/queue.o
                0x000000000800257c                xQueueGenericReset
 .text.xQueueGenericCreate
                0x000000000800264c       0xbe ./common/ThridParty/FreeRTOS/queue.o
                0x000000000800264c                xQueueGenericCreate
 .text.prvInitialiseNewQueue
                0x000000000800270a       0x52 ./common/ThridParty/FreeRTOS/queue.o
 .text.xQueueGenericSend
                0x000000000800275c      0x24c ./common/ThridParty/FreeRTOS/queue.o
                0x000000000800275c                xQueueGenericSend
 .text.xQueueGenericSendFromISR
                0x00000000080029a8      0x17c ./common/ThridParty/FreeRTOS/queue.o
                0x00000000080029a8                xQueueGenericSendFromISR
 .text.xQueueReceive
                0x0000000008002b24      0x220 ./common/ThridParty/FreeRTOS/queue.o
                0x0000000008002b24                xQueueReceive
 .text.prvCopyDataToQueue
                0x0000000008002d44       0xd4 ./common/ThridParty/FreeRTOS/queue.o
 .text.prvCopyDataFromQueue
                0x0000000008002e18       0x4c ./common/ThridParty/FreeRTOS/queue.o
 .text.prvUnlockQueue
                0x0000000008002e64       0xa4 ./common/ThridParty/FreeRTOS/queue.o
 .text.prvIsQueueEmpty
                0x0000000008002f08       0x2c ./common/ThridParty/FreeRTOS/queue.o
 .text.prvIsQueueFull
                0x0000000008002f34       0x30 ./common/ThridParty/FreeRTOS/queue.o
 .text.vQueueAddToRegistry
                0x0000000008002f64       0x64 ./common/ThridParty/FreeRTOS/queue.o
                0x0000000008002f64                vQueueAddToRegistry
 .text.vQueueWaitForMessageRestricted
                0x0000000008002fc8       0x68 ./common/ThridParty/FreeRTOS/queue.o
                0x0000000008002fc8                vQueueWaitForMessageRestricted
 .text.xTaskCreate
                0x0000000008003030       0x82 ./common/ThridParty/FreeRTOS/tasks.o
                0x0000000008003030                xTaskCreate
 .text.prvInitialiseNewTask
                0x00000000080030b2      0x12c ./common/ThridParty/FreeRTOS/tasks.o
 *fill*         0x00000000080031de        0x2 
 .text.prvAddNewTaskToReadyList
                0x00000000080031e0      0x118 ./common/ThridParty/FreeRTOS/tasks.o
 .text.vTaskDelete
                0x00000000080032f8      0x154 ./common/ThridParty/FreeRTOS/tasks.o
                0x00000000080032f8                vTaskDelete
 .text.vTaskDelay
                0x000000000800344c       0x70 ./common/ThridParty/FreeRTOS/tasks.o
                0x000000000800344c                vTaskDelay
 .text.vTaskStartScheduler
                0x00000000080034bc       0xc4 ./common/ThridParty/FreeRTOS/tasks.o
                0x00000000080034bc                vTaskStartScheduler
 .text.vTaskSuspendAll
                0x0000000008003580       0x1c ./common/ThridParty/FreeRTOS/tasks.o
                0x0000000008003580                vTaskSuspendAll
 .text.xTaskResumeAll
                0x000000000800359c      0x140 ./common/ThridParty/FreeRTOS/tasks.o
                0x000000000800359c                xTaskResumeAll
 .text.xTaskGetTickCount
                0x00000000080036dc       0x20 ./common/ThridParty/FreeRTOS/tasks.o
                0x00000000080036dc                xTaskGetTickCount
 .text.xTaskGetTickCountFromISR
                0x00000000080036fc       0x24 ./common/ThridParty/FreeRTOS/tasks.o
                0x00000000080036fc                xTaskGetTickCountFromISR
 .text.xTaskIncrementTick
                0x0000000008003720      0x178 ./common/ThridParty/FreeRTOS/tasks.o
                0x0000000008003720                xTaskIncrementTick
 .text.vTaskSwitchContext
                0x0000000008003898       0xd4 ./common/ThridParty/FreeRTOS/tasks.o
                0x0000000008003898                vTaskSwitchContext
 .text.vTaskPlaceOnEventList
                0x000000000800396c       0x48 ./common/ThridParty/FreeRTOS/tasks.o
                0x000000000800396c                vTaskPlaceOnEventList
 .text.vTaskPlaceOnEventListRestricted
                0x00000000080039b4       0x5c ./common/ThridParty/FreeRTOS/tasks.o
                0x00000000080039b4                vTaskPlaceOnEventListRestricted
 .text.xTaskRemoveFromEventList
                0x0000000008003a10       0xcc ./common/ThridParty/FreeRTOS/tasks.o
                0x0000000008003a10                xTaskRemoveFromEventList
 .text.vTaskInternalSetTimeOutState
                0x0000000008003adc       0x2c ./common/ThridParty/FreeRTOS/tasks.o
                0x0000000008003adc                vTaskInternalSetTimeOutState
 .text.xTaskCheckForTimeOut
                0x0000000008003b08       0xcc ./common/ThridParty/FreeRTOS/tasks.o
                0x0000000008003b08                xTaskCheckForTimeOut
 .text.vTaskMissedYield
                0x0000000008003bd4       0x18 ./common/ThridParty/FreeRTOS/tasks.o
                0x0000000008003bd4                vTaskMissedYield
 .text.prvIdleTask
                0x0000000008003bec       0x30 ./common/ThridParty/FreeRTOS/tasks.o
 .text.prvInitialiseTaskLists
                0x0000000008003c1c       0x80 ./common/ThridParty/FreeRTOS/tasks.o
 .text.prvCheckTasksWaitingTermination
                0x0000000008003c9c       0x5c ./common/ThridParty/FreeRTOS/tasks.o
 .text.prvDeleteTCB
                0x0000000008003cf8       0x20 ./common/ThridParty/FreeRTOS/tasks.o
 .text.prvResetNextTaskUnblockTime
                0x0000000008003d18       0x38 ./common/ThridParty/FreeRTOS/tasks.o
 .text.xTaskGetSchedulerState
                0x0000000008003d50       0x3c ./common/ThridParty/FreeRTOS/tasks.o
                0x0000000008003d50                xTaskGetSchedulerState
 .text.xTaskPriorityDisinherit
                0x0000000008003d8c      0x100 ./common/ThridParty/FreeRTOS/tasks.o
                0x0000000008003d8c                xTaskPriorityDisinherit
 .text.xTaskGenericNotifyWait
                0x0000000008003e8c      0x110 ./common/ThridParty/FreeRTOS/tasks.o
                0x0000000008003e8c                xTaskGenericNotifyWait
 .text.xTaskGenericNotify
                0x0000000008003f9c      0x1e4 ./common/ThridParty/FreeRTOS/tasks.o
                0x0000000008003f9c                xTaskGenericNotify
 .text.prvAddCurrentTaskToDelayedList
                0x0000000008004180       0xf0 ./common/ThridParty/FreeRTOS/tasks.o
 .text.xTimerCreateTimerTask
                0x0000000008004270       0x64 ./common/ThridParty/FreeRTOS/timers.o
                0x0000000008004270                xTimerCreateTimerTask
 .text.xTimerGenericCommand
                0x00000000080042d4       0x9c ./common/ThridParty/FreeRTOS/timers.o
                0x00000000080042d4                xTimerGenericCommand
 .text.prvProcessExpiredTimer
                0x0000000008004370       0x98 ./common/ThridParty/FreeRTOS/timers.o
 .text.prvTimerTask
                0x0000000008004408       0x24 ./common/ThridParty/FreeRTOS/timers.o
 .text.prvProcessTimerOrBlockTask
                0x000000000800442c       0x9c ./common/ThridParty/FreeRTOS/timers.o
 .text.prvGetNextExpireTime
                0x00000000080044c8       0x48 ./common/ThridParty/FreeRTOS/timers.o
 .text.prvSampleTimeNow
                0x0000000008004510       0x40 ./common/ThridParty/FreeRTOS/timers.o
 .text.prvInsertTimerInActiveList
                0x0000000008004550       0x84 ./common/ThridParty/FreeRTOS/timers.o
 .text.prvProcessReceivedCommands
                0x00000000080045d4      0x18c ./common/ThridParty/FreeRTOS/timers.o
 .text.prvSwitchTimerLists
                0x0000000008004760       0xc8 ./common/ThridParty/FreeRTOS/timers.o
 .text.prvCheckForValidListAndQueue
                0x0000000008004828       0x6c ./common/ThridParty/FreeRTOS/timers.o
 .text.pxPortInitialiseStack
                0x0000000008004894       0x68 ./common/ThridParty/FreeRTOS/portable/GCC/ARM_CM4F/port.o
                0x0000000008004894                pxPortInitialiseStack
 .text.prvTaskExitError
                0x00000000080048fc       0x58 ./common/ThridParty/FreeRTOS/portable/GCC/ARM_CM4F/port.o
 *fill*         0x0000000008004954        0xc 
 .text.SVC_Handler
                0x0000000008004960       0x28 ./common/ThridParty/FreeRTOS/portable/GCC/ARM_CM4F/port.o
                0x0000000008004960                SVC_Handler
 .text.prvPortStartFirstTask
                0x0000000008004988       0x2c ./common/ThridParty/FreeRTOS/portable/GCC/ARM_CM4F/port.o
 .text.xPortStartScheduler
                0x00000000080049b4      0x144 ./common/ThridParty/FreeRTOS/portable/GCC/ARM_CM4F/port.o
                0x00000000080049b4                xPortStartScheduler
 .text.vInitPrioGroupValue
                0x0000000008004af8       0xfc ./common/ThridParty/FreeRTOS/portable/GCC/ARM_CM4F/port.o
                0x0000000008004af8                vInitPrioGroupValue
 .text.vPortEnterCritical
                0x0000000008004bf4       0x60 ./common/ThridParty/FreeRTOS/portable/GCC/ARM_CM4F/port.o
                0x0000000008004bf4                vPortEnterCritical
 .text.vPortExitCritical
                0x0000000008004c54       0x54 ./common/ThridParty/FreeRTOS/portable/GCC/ARM_CM4F/port.o
                0x0000000008004c54                vPortExitCritical
 *fill*         0x0000000008004ca8        0x8 
 .text.PendSV_Handler
                0x0000000008004cb0       0x68 ./common/ThridParty/FreeRTOS/portable/GCC/ARM_CM4F/port.o
                0x0000000008004cb0                PendSV_Handler
 .text.SysTick_Handler
                0x0000000008004d18       0x54 ./common/ThridParty/FreeRTOS/portable/GCC/ARM_CM4F/port.o
                0x0000000008004d18                SysTick_Handler
 .text.vPortSetupTimerInterrupt
                0x0000000008004d6c       0x48 ./common/ThridParty/FreeRTOS/portable/GCC/ARM_CM4F/port.o
                0x0000000008004d6c                vPortSetupTimerInterrupt
 .text.vPortEnableVFP
                0x0000000008004db4       0x18 ./common/ThridParty/FreeRTOS/portable/GCC/ARM_CM4F/port.o
 .text.vPortValidateInterruptPriority
                0x0000000008004dcc       0x80 ./common/ThridParty/FreeRTOS/portable/GCC/ARM_CM4F/port.o
                0x0000000008004dcc                vPortValidateInterruptPriority
 .text.pvPortMalloc
                0x0000000008004e4c      0x1c0 ./common/ThridParty/FreeRTOS/portable/MemMang/heap_4.o
                0x0000000008004e4c                pvPortMalloc
 .text.vPortFree
                0x000000000800500c       0xc4 ./common/ThridParty/FreeRTOS/portable/MemMang/heap_4.o
                0x000000000800500c                vPortFree
 .text.prvHeapInit
                0x00000000080050d0       0xc4 ./common/ThridParty/FreeRTOS/portable/MemMang/heap_4.o
 .text.prvInsertBlockIntoFreeList
                0x0000000008005194       0xb4 ./common/ThridParty/FreeRTOS/portable/MemMang/heap_4.o
 .text._cbSendSystemDesc
                0x0000000008005248       0x1c ./common/ThridParty/SEGGER/Config/SEGGER_SYSVIEW_Config_FreeRTOS.o
 .text.SEGGER_SYSVIEW_Conf
                0x0000000008005264       0x2c ./common/ThridParty/SEGGER/Config/SEGGER_SYSVIEW_Config_FreeRTOS.o
                0x0000000008005264                SEGGER_SYSVIEW_Conf
 .text._cbSendTaskList
                0x0000000008005290       0x90 ./common/ThridParty/SEGGER/OS/SEGGER_SYSVIEW_FreeRTOS.o
 .text._cbGetTime
                0x0000000008005320       0x86 ./common/ThridParty/SEGGER/OS/SEGGER_SYSVIEW_FreeRTOS.o
 *fill*         0x00000000080053a6        0x2 
 .text.SYSVIEW_AddTask
                0x00000000080053a8       0xd0 ./common/ThridParty/SEGGER/OS/SEGGER_SYSVIEW_FreeRTOS.o
                0x00000000080053a8                SYSVIEW_AddTask
 .text.SYSVIEW_DeleteTask
                0x0000000008005478      0x178 ./common/ThridParty/SEGGER/OS/SEGGER_SYSVIEW_FreeRTOS.o
                0x0000000008005478                SYSVIEW_DeleteTask
 .text.SYSVIEW_SendTaskInfo
                0x00000000080055f0       0x42 ./common/ThridParty/SEGGER/OS/SEGGER_SYSVIEW_FreeRTOS.o
                0x00000000080055f0                SYSVIEW_SendTaskInfo
 *fill*         0x0000000008005632        0x2 
 .text.__NVIC_EnableIRQ
                0x0000000008005634       0x3c ./common/ThridParty/SEGGER/Rec/segger_uart.o
 .text.__NVIC_SetPriority
                0x0000000008005670       0x54 ./common/ThridParty/SEGGER/Rec/segger_uart.o
 .text._StartSysView
                0x00000000080056c4       0x1e ./common/ThridParty/SEGGER/Rec/segger_uart.o
 *fill*         0x00000000080056e2        0x2 
 .text._cbOnUARTRx
                0x00000000080056e4       0x40 ./common/ThridParty/SEGGER/Rec/segger_uart.o
 .text._cbOnUARTTx
                0x0000000008005724       0x64 ./common/ThridParty/SEGGER/Rec/segger_uart.o
 .text.SEGGER_UART_init
                0x0000000008005788       0x24 ./common/ThridParty/SEGGER/Rec/segger_uart.o
                0x0000000008005788                SEGGER_UART_init
 .text.USART3_IRQHandler
                0x00000000080057ac       0x98 ./common/ThridParty/SEGGER/Rec/segger_uart.o
                0x00000000080057ac                USART3_IRQHandler
 .text.HIF_UART_EnableTXEInterrupt
                0x0000000008005844       0x20 ./common/ThridParty/SEGGER/Rec/segger_uart.o
                0x0000000008005844                HIF_UART_EnableTXEInterrupt
 .text.HIF_UART_Init
                0x0000000008005864       0xf4 ./common/ThridParty/SEGGER/Rec/segger_uart.o
                0x0000000008005864                HIF_UART_Init
 .text._DoInit  0x0000000008005958       0xb4 ./common/ThridParty/SEGGER/SEGGER/SEGGER_RTT.o
 .text._WriteBlocking
                0x0000000008005a0c       0xba ./common/ThridParty/SEGGER/SEGGER/SEGGER_RTT.o
 .text._WriteNoCheck
                0x0000000008005ac6       0x90 ./common/ThridParty/SEGGER/SEGGER/SEGGER_RTT.o
 .text._GetAvailWriteSpace
                0x0000000008005b56       0x46 ./common/ThridParty/SEGGER/SEGGER/SEGGER_RTT.o
 .text.SEGGER_RTT_ReadUpBufferNoLock
                0x0000000008005b9c      0x10c ./common/ThridParty/SEGGER/SEGGER/SEGGER_RTT.o
                0x0000000008005b9c                SEGGER_RTT_ReadUpBufferNoLock
 .text.SEGGER_RTT_ReadNoLock
                0x0000000008005ca8      0x10c ./common/ThridParty/SEGGER/SEGGER/SEGGER_RTT.o
                0x0000000008005ca8                SEGGER_RTT_ReadNoLock
 .text.SEGGER_RTT_WriteDownBufferNoLock
                0x0000000008005db4       0xa0 ./common/ThridParty/SEGGER/SEGGER/SEGGER_RTT.o
                0x0000000008005db4                SEGGER_RTT_WriteDownBufferNoLock
 .text.SEGGER_RTT_WriteDownBuffer
                0x0000000008005e54       0x4c ./common/ThridParty/SEGGER/SEGGER/SEGGER_RTT.o
                0x0000000008005e54                SEGGER_RTT_WriteDownBuffer
 .text.SEGGER_RTT_AllocUpBuffer
                0x0000000008005ea0      0x108 ./common/ThridParty/SEGGER/SEGGER/SEGGER_RTT.o
                0x0000000008005ea0                SEGGER_RTT_AllocUpBuffer
 .text.SEGGER_RTT_ConfigDownBuffer
                0x0000000008005fa8       0x98 ./common/ThridParty/SEGGER/SEGGER/SEGGER_RTT.o
                0x0000000008005fa8                SEGGER_RTT_ConfigDownBuffer
 .text._EncodeStr
                0x0000000008006040       0x72 ./common/ThridParty/SEGGER/SEGGER/SEGGER_SYSVIEW.o
 .text._PreparePacket
                0x00000000080060b2       0x18 ./common/ThridParty/SEGGER/SEGGER/SEGGER_SYSVIEW.o
 *fill*         0x00000000080060ca        0x2 
 .text._HandleIncomingPacket
                0x00000000080060cc       0xe0 ./common/ThridParty/SEGGER/SEGGER/SEGGER_SYSVIEW.o
 .text._TrySendOverflowPacket
                0x00000000080061ac       0xe8 ./common/ThridParty/SEGGER/SEGGER/SEGGER_SYSVIEW.o
 .text._SendPacket
                0x0000000008006294      0x2e0 ./common/ThridParty/SEGGER/SEGGER/SEGGER_SYSVIEW.o
 .text._StoreChar
                0x0000000008006574       0xf6 ./common/ThridParty/SEGGER/SEGGER/SEGGER_SYSVIEW.o
 *fill*         0x000000000800666a        0x2 
 .text._PrintUnsigned
                0x000000000800666c      0x12c ./common/ThridParty/SEGGER/SEGGER/SEGGER_SYSVIEW.o
 .text._PrintInt
                0x0000000008006798      0x11e ./common/ThridParty/SEGGER/SEGGER/SEGGER_SYSVIEW.o
 *fill*         0x00000000080068b6        0x2 
 .text._VPrintTarget
                0x00000000080068b8      0x440 ./common/ThridParty/SEGGER/SEGGER/SEGGER_SYSVIEW.o
 .text.SEGGER_SYSVIEW_Init
                0x0000000008006cf8       0x88 ./common/ThridParty/SEGGER/SEGGER/SEGGER_SYSVIEW.o
                0x0000000008006cf8                SEGGER_SYSVIEW_Init
 .text.SEGGER_SYSVIEW_SetRAMBase
                0x0000000008006d80       0x20 ./common/ThridParty/SEGGER/SEGGER/SEGGER_SYSVIEW.o
                0x0000000008006d80                SEGGER_SYSVIEW_SetRAMBase
 .text.SEGGER_SYSVIEW_RecordVoid
                0x0000000008006da0       0x3c ./common/ThridParty/SEGGER/SEGGER/SEGGER_SYSVIEW.o
                0x0000000008006da0                SEGGER_SYSVIEW_RecordVoid
 .text.SEGGER_SYSVIEW_RecordU32
                0x0000000008006ddc       0x78 ./common/ThridParty/SEGGER/SEGGER/SEGGER_SYSVIEW.o
                0x0000000008006ddc                SEGGER_SYSVIEW_RecordU32
 .text.SEGGER_SYSVIEW_RecordU32x2
                0x0000000008006e54       0xb4 ./common/ThridParty/SEGGER/SEGGER/SEGGER_SYSVIEW.o
                0x0000000008006e54                SEGGER_SYSVIEW_RecordU32x2
 .text.SEGGER_SYSVIEW_RecordU32x3
                0x0000000008006f08       0xec ./common/ThridParty/SEGGER/SEGGER/SEGGER_SYSVIEW.o
                0x0000000008006f08                SEGGER_SYSVIEW_RecordU32x3
 .text.SEGGER_SYSVIEW_RecordU32x4
                0x0000000008006ff4      0x124 ./common/ThridParty/SEGGER/SEGGER/SEGGER_SYSVIEW.o
                0x0000000008006ff4                SEGGER_SYSVIEW_RecordU32x4
 .text.SEGGER_SYSVIEW_Start
                0x0000000008007118      0x178 ./common/ThridParty/SEGGER/SEGGER/SEGGER_SYSVIEW.o
                0x0000000008007118                SEGGER_SYSVIEW_Start
 .text.SEGGER_SYSVIEW_Stop
                0x0000000008007290       0x4c ./common/ThridParty/SEGGER/SEGGER/SEGGER_SYSVIEW.o
                0x0000000008007290                SEGGER_SYSVIEW_Stop
 .text.SEGGER_SYSVIEW_GetSysDesc
                0x00000000080072dc      0x134 ./common/ThridParty/SEGGER/SEGGER/SEGGER_SYSVIEW.o
                0x00000000080072dc                SEGGER_SYSVIEW_GetSysDesc
 .text.SEGGER_SYSVIEW_SendTaskInfo
                0x0000000008007410      0x1c8 ./common/ThridParty/SEGGER/SEGGER/SEGGER_SYSVIEW.o
                0x0000000008007410                SEGGER_SYSVIEW_SendTaskInfo
 .text.SEGGER_SYSVIEW_SendTaskList
                0x00000000080075d8       0x28 ./common/ThridParty/SEGGER/SEGGER/SEGGER_SYSVIEW.o
                0x00000000080075d8                SEGGER_SYSVIEW_SendTaskList
 .text.SEGGER_SYSVIEW_SendSysDesc
                0x0000000008007600       0x48 ./common/ThridParty/SEGGER/SEGGER/SEGGER_SYSVIEW.o
                0x0000000008007600                SEGGER_SYSVIEW_SendSysDesc
 .text.SEGGER_SYSVIEW_RecordSystime
                0x0000000008007648       0x64 ./common/ThridParty/SEGGER/SEGGER/SEGGER_SYSVIEW.o
                0x0000000008007648                SEGGER_SYSVIEW_RecordSystime
 .text.SEGGER_SYSVIEW_RecordEnterISR
                0x00000000080076ac       0x84 ./common/ThridParty/SEGGER/SEGGER/SEGGER_SYSVIEW.o
                0x00000000080076ac                SEGGER_SYSVIEW_RecordEnterISR
 .text.SEGGER_SYSVIEW_RecordExitISR
                0x0000000008007730       0x38 ./common/ThridParty/SEGGER/SEGGER/SEGGER_SYSVIEW.o
                0x0000000008007730                SEGGER_SYSVIEW_RecordExitISR
 .text.SEGGER_SYSVIEW_RecordExitISRToScheduler
                0x0000000008007768       0x38 ./common/ThridParty/SEGGER/SEGGER/SEGGER_SYSVIEW.o
                0x0000000008007768                SEGGER_SYSVIEW_RecordExitISRToScheduler
 .text.SEGGER_SYSVIEW_OnIdle
                0x00000000080077a0       0x38 ./common/ThridParty/SEGGER/SEGGER/SEGGER_SYSVIEW.o
                0x00000000080077a0                SEGGER_SYSVIEW_OnIdle
 .text.SEGGER_SYSVIEW_OnTaskCreate
                0x00000000080077d8       0x84 ./common/ThridParty/SEGGER/SEGGER/SEGGER_SYSVIEW.o
                0x00000000080077d8                SEGGER_SYSVIEW_OnTaskCreate
 .text.SEGGER_SYSVIEW_OnTaskStartExec
                0x000000000800785c       0x84 ./common/ThridParty/SEGGER/SEGGER/SEGGER_SYSVIEW.o
                0x000000000800785c                SEGGER_SYSVIEW_OnTaskStartExec
 .text.SEGGER_SYSVIEW_OnTaskStartReady
                0x00000000080078e0       0x84 ./common/ThridParty/SEGGER/SEGGER/SEGGER_SYSVIEW.o
                0x00000000080078e0                SEGGER_SYSVIEW_OnTaskStartReady
 .text.SEGGER_SYSVIEW_OnTaskStopReady
                0x0000000008007964       0xc0 ./common/ThridParty/SEGGER/SEGGER/SEGGER_SYSVIEW.o
                0x0000000008007964                SEGGER_SYSVIEW_OnTaskStopReady
 .text.SEGGER_SYSVIEW_ShrinkId
                0x0000000008007a24       0x20 ./common/ThridParty/SEGGER/SEGGER/SEGGER_SYSVIEW.o
                0x0000000008007a24                SEGGER_SYSVIEW_ShrinkId
 .text.SEGGER_SYSVIEW_SendModule
                0x0000000008007a44      0x114 ./common/ThridParty/SEGGER/SEGGER/SEGGER_SYSVIEW.o
                0x0000000008007a44                SEGGER_SYSVIEW_SendModule
 .text.SEGGER_SYSVIEW_SendModuleDescription
                0x0000000008007b58       0x3c ./common/ThridParty/SEGGER/SEGGER/SEGGER_SYSVIEW.o
                0x0000000008007b58                SEGGER_SYSVIEW_SendModuleDescription
 .text.SEGGER_SYSVIEW_SendNumModules
                0x0000000008007b94       0x7c ./common/ThridParty/SEGGER/SEGGER/SEGGER_SYSVIEW.o
                0x0000000008007b94                SEGGER_SYSVIEW_SendNumModules
 .text.SEGGER_SYSVIEW_PrintfTarget
                0x0000000008007c10       0x28 ./common/ThridParty/SEGGER/SEGGER/SEGGER_SYSVIEW.o
                0x0000000008007c10                SEGGER_SYSVIEW_PrintfTarget
 .text.SEGGER_SYSVIEW_Warn
                0x0000000008007c38       0xb8 ./common/ThridParty/SEGGER/SEGGER/SEGGER_SYSVIEW.o
                0x0000000008007c38                SEGGER_SYSVIEW_Warn
 .text.SEGGER_SYSVIEW_IsStarted
                0x0000000008007cf0       0x5c ./common/ThridParty/SEGGER/SEGGER/SEGGER_SYSVIEW.o
                0x0000000008007cf0                SEGGER_SYSVIEW_IsStarted
 .text.__libc_init_array
                0x0000000008007d4c       0x48 c:/st/stm32cubeide_1.10.0/stm32cubeide/plugins/com.st.stm32cube.ide.mcu.externaltools.gnu-tools-for-stm32.10.3-2021.10.win32_1.0.0.202111181127/tools/bin/../lib/gcc/arm-none-eabi/10.3.1/../../../../arm-none-eabi/lib/thumb/v7e-m+dp/hard\libc_nano.a(lib_a-init.o)
                0x0000000008007d4c                __libc_init_array
 .text.memcmp   0x0000000008007d94       0x20 c:/st/stm32cubeide_1.10.0/stm32cubeide/plugins/com.st.stm32cube.ide.mcu.externaltools.gnu-tools-for-stm32.10.3-2021.10.win32_1.0.0.202111181127/tools/bin/../lib/gcc/arm-none-eabi/10.3.1/../../../../arm-none-eabi/lib/thumb/v7e-m+dp/hard\libc_nano.a(lib_a-memcmp.o)
                0x0000000008007d94                memcmp
 .text.memcpy   0x0000000008007db4       0x1c c:/st/stm32cubeide_1.10.0/stm32cubeide/plugins/com.st.stm32cube.ide.mcu.externaltools.gnu-tools-for-stm32.10.3-2021.10.win32_1.0.0.202111181127/tools/bin/../lib/gcc/arm-none-eabi/10.3.1/../../../../arm-none-eabi/lib/thumb/v7e-m+dp/hard\libc_nano.a(lib_a-memcpy-stub.o)
                0x0000000008007db4                memcpy
 .text.memset   0x0000000008007dd0       0x10 c:/st/stm32cubeide_1.10.0/stm32cubeide/plugins/com.st.stm32cube.ide.mcu.externaltools.gnu-tools-for-stm32.10.3-2021.10.win32_1.0.0.202111181127/tools/bin/../lib/gcc/arm-none-eabi/10.3.1/../../../../arm-none-eabi/lib/thumb/v7e-m+dp/hard\libc_nano.a(lib_a-memset.o)
                0x0000000008007dd0                memset
 *(.glue_7)
 .glue_7        0x0000000008007de0        0x0 linker stubs
 *(.glue_7t)
 .glue_7t       0x0000000008007de0        0x0 linker stubs
 *(.eh_frame)
 .eh_frame      0x0000000008007de0        0x0 c:/st/stm32cubeide_1.10.0/stm32cubeide/plugins/com.st.stm32cube.ide.mcu.externaltools.gnu-tools-for-stm32.10.3-2021.10.win32_1.0.0.202111181127/tools/bin/../lib/gcc/arm-none-eabi/10.3.1/thumb/v7e-m+dp/hard/crtbegin.o
 *(.init)
 .init          0x0000000008007de0        0x4 c:/st/stm32cubeide_1.10.0/stm32cubeide/plugins/com.st.stm32cube.ide.mcu.externaltools.gnu-tools-for-stm32.10.3-2021.10.win32_1.0.0.202111181127/tools/bin/../lib/gcc/arm-none-eabi/10.3.1/thumb/v7e-m+dp/hard/crti.o
                0x0000000008007de0                _init
 .init          0x0000000008007de4        0x8 c:/st/stm32cubeide_1.10.0/stm32cubeide/plugins/com.st.stm32cube.ide.mcu.externaltools.gnu-tools-for-stm32.10.3-2021.10.win32_1.0.0.202111181127/tools/bin/../lib/gcc/arm-none-eabi/10.3.1/thumb/v7e-m+dp/hard/crtn.o
 *(.fini)
 .fini          0x0000000008007dec        0x4 c:/st/stm32cubeide_1.10.0/stm32cubeide/plugins/com.st.stm32cube.ide.mcu.externaltools.gnu-tools-for-stm32.10.3-2021.10.win32_1.0.0.202111181127/tools/bin/../lib/gcc/arm-none-eabi/10.3.1/thumb/v7e-m+dp/hard/crti.o
                0x0000000008007dec                _fini
 .fini          0x0000000008007df0        0x8 c:/st/stm32cubeide_1.10.0/stm32cubeide/plugins/com.st.stm32cube.ide.mcu.externaltools.gnu-tools-for-stm32.10.3-2021.10.win32_1.0.0.202111181127/tools/bin/../lib/gcc/arm-none-eabi/10.3.1/thumb/v7e-m+dp/hard/crtn.o
                0x0000000008007df8                . = ALIGN (0x4)
                0x0000000008007df8                _etext = .

.vfp11_veneer   0x0000000008007df8        0x0
 .vfp11_veneer  0x0000000008007df8        0x0 linker stubs

.v4_bx          0x0000000008007df8        0x0
 .v4_bx         0x0000000008007df8        0x0 linker stubs

.iplt           0x0000000008007df8        0x0
 .iplt          0x0000000008007df8        0x0 c:/st/stm32cubeide_1.10.0/stm32cubeide/plugins/com.st.stm32cube.ide.mcu.externaltools.gnu-tools-for-stm32.10.3-2021.10.win32_1.0.0.202111181127/tools/bin/../lib/gcc/arm-none-eabi/10.3.1/thumb/v7e-m+dp/hard/crtbegin.o

.rodata         0x0000000008007df8      0x1dc
                0x0000000008007df8                . = ALIGN (0x4)
 *(.rodata)
 .rodata        0x0000000008007df8       0xb0 ./Core/Src/main.o
 .rodata        0x0000000008007ea8        0x5 ./common/ThridParty/FreeRTOS/tasks.o
 *fill*         0x0000000008007ead        0x3 
 .rodata        0x0000000008007eb0        0xd ./common/ThridParty/FreeRTOS/timers.o
 *fill*         0x0000000008007ebd        0x3 
 .rodata        0x0000000008007ec0       0x49 ./common/ThridParty/SEGGER/Config/SEGGER_SYSVIEW_Config_FreeRTOS.o
 *fill*         0x0000000008007f09        0x3 
 .rodata        0x0000000008007f0c       0x58 ./common/ThridParty/SEGGER/OS/SEGGER_SYSVIEW_FreeRTOS.o
 .rodata        0x0000000008007f64        0x9 ./common/ThridParty/SEGGER/SEGGER/SEGGER_RTT.o
 *fill*         0x0000000008007f6d        0x3 
 .rodata        0x0000000008007f70       0x10 ./common/ThridParty/SEGGER/SEGGER/SEGGER_SYSVIEW.o
 *(.rodata*)
 .rodata.AHBPrescTable
                0x0000000008007f80       0x10 ./Core/Src/system_stm32f7xx.o
                0x0000000008007f80                AHBPrescTable
 .rodata.APBPrescTable
                0x0000000008007f90        0x8 ./Core/Src/system_stm32f7xx.o
                0x0000000008007f90                APBPrescTable
 .rodata.SYSVIEW_X_OS_TraceAPI
                0x0000000008007f98        0x8 ./common/ThridParty/SEGGER/OS/SEGGER_SYSVIEW_FreeRTOS.o
                0x0000000008007f98                SYSVIEW_X_OS_TraceAPI
 .rodata._abHelloMsg
                0x0000000008007fa0        0x4 ./common/ThridParty/SEGGER/Rec/segger_uart.o
 .rodata._aInitStr.0
                0x0000000008007fa4       0x11 ./common/ThridParty/SEGGER/SEGGER/SEGGER_RTT.o
 *fill*         0x0000000008007fb5        0x3 
 .rodata._abSync
                0x0000000008007fb8        0xa ./common/ThridParty/SEGGER/SEGGER/SEGGER_SYSVIEW.o
 *fill*         0x0000000008007fc2        0x2 
 .rodata._aV2C.0
                0x0000000008007fc4       0x10 ./common/ThridParty/SEGGER/SEGGER/SEGGER_SYSVIEW.o
                0x0000000008007fd4                . = ALIGN (0x4)

.ARM.extab      0x0000000008007fd4        0x0
                0x0000000008007fd4                . = ALIGN (0x4)
 *(.ARM.extab* .gnu.linkonce.armextab.*)
                0x0000000008007fd4                . = ALIGN (0x4)

.ARM            0x0000000008007fd4        0x8
                0x0000000008007fd4                . = ALIGN (0x4)
                0x0000000008007fd4                __exidx_start = .
 *(.ARM.exidx*)
 .ARM.exidx     0x0000000008007fd4        0x8 c:/st/stm32cubeide_1.10.0/stm32cubeide/plugins/com.st.stm32cube.ide.mcu.externaltools.gnu-tools-for-stm32.10.3-2021.10.win32_1.0.0.202111181127/tools/bin/../lib/gcc/arm-none-eabi/10.3.1/thumb/v7e-m+dp/hard\libgcc.a(_udivmoddi4.o)
                0x0000000008007fdc                __exidx_end = .
                0x0000000008007fdc                . = ALIGN (0x4)

.rel.dyn        0x0000000008007fdc        0x0
 .rel.iplt      0x0000000008007fdc        0x0 c:/st/stm32cubeide_1.10.0/stm32cubeide/plugins/com.st.stm32cube.ide.mcu.externaltools.gnu-tools-for-stm32.10.3-2021.10.win32_1.0.0.202111181127/tools/bin/../lib/gcc/arm-none-eabi/10.3.1/thumb/v7e-m+dp/hard/crtbegin.o

.preinit_array  0x0000000008007fdc        0x0
                0x0000000008007fdc                . = ALIGN (0x4)
                0x0000000008007fdc                PROVIDE (__preinit_array_start = .)
 *(.preinit_array*)
                0x0000000008007fdc                PROVIDE (__preinit_array_end = .)
                0x0000000008007fdc                . = ALIGN (0x4)

.init_array     0x0000000008007fdc        0x4
                0x0000000008007fdc                . = ALIGN (0x4)
                0x0000000008007fdc                PROVIDE (__init_array_start = .)
 *(SORT_BY_NAME(.init_array.*))
 *(.init_array*)
 .init_array    0x0000000008007fdc        0x4 c:/st/stm32cubeide_1.10.0/stm32cubeide/plugins/com.st.stm32cube.ide.mcu.externaltools.gnu-tools-for-stm32.10.3-2021.10.win32_1.0.0.202111181127/tools/bin/../lib/gcc/arm-none-eabi/10.3.1/thumb/v7e-m+dp/hard/crtbegin.o
                0x0000000008007fe0                PROVIDE (__init_array_end = .)
                0x0000000008007fe0                . = ALIGN (0x4)

.fini_array     0x0000000008007fe0        0x4
                0x0000000008007fe0                . = ALIGN (0x4)
                [!provide]                        PROVIDE (__fini_array_start = .)
 *(SORT_BY_NAME(.fini_array.*))
 *(.fini_array*)
 .fini_array    0x0000000008007fe0        0x4 c:/st/stm32cubeide_1.10.0/stm32cubeide/plugins/com.st.stm32cube.ide.mcu.externaltools.gnu-tools-for-stm32.10.3-2021.10.win32_1.0.0.202111181127/tools/bin/../lib/gcc/arm-none-eabi/10.3.1/thumb/v7e-m+dp/hard/crtbegin.o
                [!provide]                        PROVIDE (__fini_array_end = .)
                0x0000000008007fe4                . = ALIGN (0x4)
                0x0000000008007fe4                _sidata = LOADADDR (.data)

.data           0x0000000020000000       0x1c load address 0x0000000008007fe4
                0x0000000020000000                . = ALIGN (0x4)
                0x0000000020000000                _sdata = .
 *(.data)
 *(.data*)
 .data.SystemCoreClock
                0x0000000020000000        0x4 ./Core/Src/system_stm32f7xx.o
                0x0000000020000000                SystemCoreClock
 .data.uwTickPrio
                0x0000000020000004        0x4 ./Drivers/STM32F7xx_HAL_Driver/Src/stm32f7xx_hal.o
                0x0000000020000004                uwTickPrio
 .data.uwTickFreq
                0x0000000020000008        0x1 ./Drivers/STM32F7xx_HAL_Driver/Src/stm32f7xx_hal.o
                0x0000000020000008                uwTickFreq
 *fill*         0x0000000020000009        0x3 
 .data.uxTopUsedPriority
                0x000000002000000c        0x4 ./common/ThridParty/FreeRTOS/tasks.o
                0x000000002000000c                uxTopUsedPriority
 .data.uxCriticalNesting
                0x0000000020000010        0x4 ./common/ThridParty/FreeRTOS/portable/GCC/ARM_CM4F/port.o
 .data._SVInfo  0x0000000020000014        0x8 ./common/ThridParty/SEGGER/Rec/segger_uart.o
 *(.RamFunc)
 *(.RamFunc*)
                0x000000002000001c                . = ALIGN (0x4)
                0x000000002000001c                _edata = .

.igot.plt       0x000000002000001c        0x0 load address 0x0000000008008000
 .igot.plt      0x000000002000001c        0x0 c:/st/stm32cubeide_1.10.0/stm32cubeide/plugins/com.st.stm32cube.ide.mcu.externaltools.gnu-tools-for-stm32.10.3-2021.10.win32_1.0.0.202111181127/tools/bin/../lib/gcc/arm-none-eabi/10.3.1/thumb/v7e-m+dp/hard/crtbegin.o
                0x000000002000001c                . = ALIGN (0x4)

.bss            0x000000002000001c    0x144a8 load address 0x0000000008008000
                0x000000002000001c                _sbss = .
                0x000000002000001c                __bss_start__ = _sbss
 *(.bss)
 .bss           0x000000002000001c       0x1c c:/st/stm32cubeide_1.10.0/stm32cubeide/plugins/com.st.stm32cube.ide.mcu.externaltools.gnu-tools-for-stm32.10.3-2021.10.win32_1.0.0.202111181127/tools/bin/../lib/gcc/arm-none-eabi/10.3.1/thumb/v7e-m+dp/hard/crtbegin.o
 *(.bss*)
 .bss.pvled_green_handle
                0x0000000020000038        0x4 ./Core/Src/main.o
                0x0000000020000038                pvled_green_handle
 .bss.pvled_blue_handle
                0x000000002000003c        0x4 ./Core/Src/main.o
                0x000000002000003c                pvled_blue_handle
 .bss.pvled_red_handle
                0x0000000020000040        0x4 ./Core/Src/main.o
                0x0000000020000040                pvled_red_handle
 .bss.pvbutton_handle
                0x0000000020000044        0x4 ./Core/Src/main.o
                0x0000000020000044                pvbutton_handle
 .bss.next_task_handle
                0x0000000020000048        0x4 ./Core/Src/main.o
                0x0000000020000048                next_task_handle
 .bss.htim6     0x000000002000004c       0x4c ./Core/Src/stm32f7xx_hal_timebase_tim.o
                0x000000002000004c                htim6
 .bss.uwTick    0x0000000020000098        0x4 ./Drivers/STM32F7xx_HAL_Driver/Src/stm32f7xx_hal.o
                0x0000000020000098                uwTick
 .bss.xQueueRegistry
                0x000000002000009c       0x40 ./common/ThridParty/FreeRTOS/queue.o
                0x000000002000009c                xQueueRegistry
 .bss.pxCurrentTCB
                0x00000000200000dc        0x4 ./common/ThridParty/FreeRTOS/tasks.o
                0x00000000200000dc                pxCurrentTCB
 .bss.pxReadyTasksLists
                0x00000000200000e0       0x64 ./common/ThridParty/FreeRTOS/tasks.o
 .bss.xDelayedTaskList1
                0x0000000020000144       0x14 ./common/ThridParty/FreeRTOS/tasks.o
 .bss.xDelayedTaskList2
                0x0000000020000158       0x14 ./common/ThridParty/FreeRTOS/tasks.o
 .bss.pxDelayedTaskList
                0x000000002000016c        0x4 ./common/ThridParty/FreeRTOS/tasks.o
 .bss.pxOverflowDelayedTaskList
                0x0000000020000170        0x4 ./common/ThridParty/FreeRTOS/tasks.o
 .bss.xPendingReadyList
                0x0000000020000174       0x14 ./common/ThridParty/FreeRTOS/tasks.o
 .bss.xTasksWaitingTermination
                0x0000000020000188       0x14 ./common/ThridParty/FreeRTOS/tasks.o
 .bss.uxDeletedTasksWaitingCleanUp
                0x000000002000019c        0x4 ./common/ThridParty/FreeRTOS/tasks.o
 .bss.xSuspendedTaskList
                0x00000000200001a0       0x14 ./common/ThridParty/FreeRTOS/tasks.o
 .bss.uxCurrentNumberOfTasks
                0x00000000200001b4        0x4 ./common/ThridParty/FreeRTOS/tasks.o
 .bss.xTickCount
                0x00000000200001b8        0x4 ./common/ThridParty/FreeRTOS/tasks.o
 .bss.uxTopReadyPriority
                0x00000000200001bc        0x4 ./common/ThridParty/FreeRTOS/tasks.o
 .bss.xSchedulerRunning
                0x00000000200001c0        0x4 ./common/ThridParty/FreeRTOS/tasks.o
 .bss.xPendedTicks
                0x00000000200001c4        0x4 ./common/ThridParty/FreeRTOS/tasks.o
 .bss.xYieldPending
                0x00000000200001c8        0x4 ./common/ThridParty/FreeRTOS/tasks.o
 .bss.xNumOfOverflows
                0x00000000200001cc        0x4 ./common/ThridParty/FreeRTOS/tasks.o
 .bss.uxTaskNumber
                0x00000000200001d0        0x4 ./common/ThridParty/FreeRTOS/tasks.o
 .bss.xNextTaskUnblockTime
                0x00000000200001d4        0x4 ./common/ThridParty/FreeRTOS/tasks.o
 .bss.xIdleTaskHandle
                0x00000000200001d8        0x4 ./common/ThridParty/FreeRTOS/tasks.o
 .bss.uxSchedulerSuspended
                0x00000000200001dc        0x4 ./common/ThridParty/FreeRTOS/tasks.o
 .bss.xActiveTimerList1
                0x00000000200001e0       0x14 ./common/ThridParty/FreeRTOS/timers.o
 .bss.xActiveTimerList2
                0x00000000200001f4       0x14 ./common/ThridParty/FreeRTOS/timers.o
 .bss.pxCurrentTimerList
                0x0000000020000208        0x4 ./common/ThridParty/FreeRTOS/timers.o
 .bss.pxOverflowTimerList
                0x000000002000020c        0x4 ./common/ThridParty/FreeRTOS/timers.o
 .bss.xTimerQueue
                0x0000000020000210        0x4 ./common/ThridParty/FreeRTOS/timers.o
 .bss.xTimerTaskHandle
                0x0000000020000214        0x4 ./common/ThridParty/FreeRTOS/timers.o
 .bss.xLastTime.0
                0x0000000020000218        0x4 ./common/ThridParty/FreeRTOS/timers.o
 .bss.ucMaxSysCallPriority
                0x000000002000021c        0x1 ./common/ThridParty/FreeRTOS/portable/GCC/ARM_CM4F/port.o
 *fill*         0x000000002000021d        0x3 
 .bss.ulMaxPRIGROUPValue
                0x0000000020000220        0x4 ./common/ThridParty/FreeRTOS/portable/GCC/ARM_CM4F/port.o
 .bss.ucHeap    0x0000000020000224    0x12c00 ./common/ThridParty/FreeRTOS/portable/MemMang/heap_4.o
 .bss.xStart    0x0000000020012e24        0x8 ./common/ThridParty/FreeRTOS/portable/MemMang/heap_4.o
 .bss.pxEnd     0x0000000020012e2c        0x4 ./common/ThridParty/FreeRTOS/portable/MemMang/heap_4.o
 .bss.xFreeBytesRemaining
                0x0000000020012e30        0x4 ./common/ThridParty/FreeRTOS/portable/MemMang/heap_4.o
 .bss.xMinimumEverFreeBytesRemaining
                0x0000000020012e34        0x4 ./common/ThridParty/FreeRTOS/portable/MemMang/heap_4.o
 .bss.xNumberOfSuccessfulAllocations
                0x0000000020012e38        0x4 ./common/ThridParty/FreeRTOS/portable/MemMang/heap_4.o
 .bss.xNumberOfSuccessfulFrees
                0x0000000020012e3c        0x4 ./common/ThridParty/FreeRTOS/portable/MemMang/heap_4.o
 .bss.xBlockAllocatedBit
                0x0000000020012e40        0x4 ./common/ThridParty/FreeRTOS/portable/MemMang/heap_4.o
 .bss._aTasks   0x0000000020012e44       0xa0 ./common/ThridParty/SEGGER/OS/SEGGER_SYSVIEW_FreeRTOS.o
 .bss._NumTasks
                0x0000000020012ee4        0x4 ./common/ThridParty/SEGGER/OS/SEGGER_SYSVIEW_FreeRTOS.o
 .bss._cbOnRx   0x0000000020012ee8        0x4 ./common/ThridParty/SEGGER/Rec/segger_uart.o
 .bss._cbOnTx   0x0000000020012eec        0x4 ./common/ThridParty/SEGGER/Rec/segger_uart.o
 .bss._SEGGER_RTT
                0x0000000020012ef0       0xa8 ./common/ThridParty/SEGGER/SEGGER/SEGGER_RTT.o
                0x0000000020012ef0                _SEGGER_RTT
 .bss._acUpBuffer
                0x0000000020012f98      0x400 ./common/ThridParty/SEGGER/SEGGER/SEGGER_RTT.o
 .bss._acDownBuffer
                0x0000000020013398       0x10 ./common/ThridParty/SEGGER/SEGGER/SEGGER_RTT.o
 .bss._UpBuffer
                0x00000000200133a8     0x1000 ./common/ThridParty/SEGGER/SEGGER/SEGGER_SYSVIEW.o
 .bss._DownBuffer
                0x00000000200143a8        0x8 ./common/ThridParty/SEGGER/SEGGER/SEGGER_SYSVIEW.o
 .bss._SYSVIEW_Globals
                0x00000000200143b0       0x28 ./common/ThridParty/SEGGER/SEGGER/SEGGER_SYSVIEW.o
 .bss._pFirstModule
                0x00000000200143d8        0x4 ./common/ThridParty/SEGGER/SEGGER/SEGGER_SYSVIEW.o
 .bss._NumModules
                0x00000000200143dc        0x1 ./common/ThridParty/SEGGER/SEGGER/SEGGER_SYSVIEW.o
 *fill*         0x00000000200143dd        0x3 
 .bss._aPacket  0x00000000200143e0       0xe3 ./common/ThridParty/SEGGER/SEGGER/SEGGER_SYSVIEW.o
 *(COMMON)
                0x00000000200144c4                . = ALIGN (0x4)
 *fill*         0x00000000200144c3        0x1 
                0x00000000200144c4                _ebss = .
                0x00000000200144c4                __bss_end__ = _ebss

._user_heap_stack
                0x00000000200144c4      0x604 load address 0x0000000008008000
                0x00000000200144c8                . = ALIGN (0x8)
 *fill*         0x00000000200144c4        0x4 
                [!provide]                        PROVIDE (end = .)
                0x00000000200144c8                PROVIDE (_end = .)
                0x00000000200146c8                . = (. + _Min_Heap_Size)
 *fill*         0x00000000200144c8      0x200 
                0x0000000020014ac8                . = (. + _Min_Stack_Size)
 *fill*         0x00000000200146c8      0x400 
                0x0000000020014ac8                . = ALIGN (0x8)

/DISCARD/
 libc.a(*)
 libm.a(*)
 libgcc.a(*)

.ARM.attributes
                0x0000000000000000       0x2e
 *(.ARM.attributes)
 .ARM.attributes
                0x0000000000000000       0x1e c:/st/stm32cubeide_1.10.0/stm32cubeide/plugins/com.st.stm32cube.ide.mcu.externaltools.gnu-tools-for-stm32.10.3-2021.10.win32_1.0.0.202111181127/tools/bin/../lib/gcc/arm-none-eabi/10.3.1/thumb/v7e-m+dp/hard/crti.o
 .ARM.attributes
                0x000000000000001e       0x32 c:/st/stm32cubeide_1.10.0/stm32cubeide/plugins/com.st.stm32cube.ide.mcu.externaltools.gnu-tools-for-stm32.10.3-2021.10.win32_1.0.0.202111181127/tools/bin/../lib/gcc/arm-none-eabi/10.3.1/thumb/v7e-m+dp/hard/crtbegin.o
 .ARM.attributes
                0x0000000000000050       0x32 ./Core/Src/gpio.o
 .ARM.attributes
                0x0000000000000082       0x32 ./Core/Src/main.o
 .ARM.attributes
                0x00000000000000b4       0x32 ./Core/Src/stm32f7xx_hal_msp.o
 .ARM.attributes
                0x00000000000000e6       0x32 ./Core/Src/stm32f7xx_hal_timebase_tim.o
 .ARM.attributes
                0x0000000000000118       0x32 ./Core/Src/stm32f7xx_it.o
 .ARM.attributes
                0x000000000000014a       0x32 ./Core/Src/system_stm32f7xx.o
 .ARM.attributes
                0x000000000000017c       0x21 ./Core/Startup/startup_stm32f767zitx.o
 .ARM.attributes
                0x000000000000019d       0x32 ./Drivers/STM32F7xx_HAL_Driver/Src/stm32f7xx_hal.o
 .ARM.attributes
                0x00000000000001cf       0x32 ./Drivers/STM32F7xx_HAL_Driver/Src/stm32f7xx_hal_cortex.o
 .ARM.attributes
                0x0000000000000201       0x32 ./Drivers/STM32F7xx_HAL_Driver/Src/stm32f7xx_hal_gpio.o
 .ARM.attributes
                0x0000000000000233       0x32 ./Drivers/STM32F7xx_HAL_Driver/Src/stm32f7xx_hal_pwr_ex.o
 .ARM.attributes
                0x0000000000000265       0x32 ./Drivers/STM32F7xx_HAL_Driver/Src/stm32f7xx_hal_rcc.o
 .ARM.attributes
                0x0000000000000297       0x32 ./Drivers/STM32F7xx_HAL_Driver/Src/stm32f7xx_hal_tim.o
 .ARM.attributes
                0x00000000000002c9       0x32 ./Drivers/STM32F7xx_HAL_Driver/Src/stm32f7xx_hal_tim_ex.o
 .ARM.attributes
                0x00000000000002fb       0x32 ./common/ThridParty/FreeRTOS/list.o
 .ARM.attributes
                0x000000000000032d       0x32 ./common/ThridParty/FreeRTOS/queue.o
 .ARM.attributes
                0x000000000000035f       0x32 ./common/ThridParty/FreeRTOS/tasks.o
 .ARM.attributes
                0x0000000000000391       0x32 ./common/ThridParty/FreeRTOS/timers.o
 .ARM.attributes
                0x00000000000003c3       0x32 ./common/ThridParty/FreeRTOS/portable/GCC/ARM_CM4F/port.o
 .ARM.attributes
                0x00000000000003f5       0x32 ./common/ThridParty/FreeRTOS/portable/MemMang/heap_4.o
 .ARM.attributes
                0x0000000000000427       0x32 ./common/ThridParty/SEGGER/Config/SEGGER_SYSVIEW_Config_FreeRTOS.o
 .ARM.attributes
                0x0000000000000459       0x32 ./common/ThridParty/SEGGER/OS/SEGGER_SYSVIEW_FreeRTOS.o
 .ARM.attributes
                0x000000000000048b       0x32 ./common/ThridParty/SEGGER/Rec/segger_uart.o
 .ARM.attributes
                0x00000000000004bd       0x32 ./common/ThridParty/SEGGER/SEGGER/SEGGER_RTT.o
 .ARM.attributes
                0x00000000000004ef       0x1e ./common/ThridParty/SEGGER/SEGGER/SEGGER_RTT_ASM_ARMv7M.o
 .ARM.attributes
                0x000000000000050d       0x32 ./common/ThridParty/SEGGER/SEGGER/SEGGER_SYSVIEW.o
 .ARM.attributes
                0x000000000000053f       0x32 c:/st/stm32cubeide_1.10.0/stm32cubeide/plugins/com.st.stm32cube.ide.mcu.externaltools.gnu-tools-for-stm32.10.3-2021.10.win32_1.0.0.202111181127/tools/bin/../lib/gcc/arm-none-eabi/10.3.1/../../../../arm-none-eabi/lib/thumb/v7e-m+dp/hard\libc_nano.a(lib_a-init.o)
 .ARM.attributes
                0x0000000000000571       0x32 c:/st/stm32cubeide_1.10.0/stm32cubeide/plugins/com.st.stm32cube.ide.mcu.externaltools.gnu-tools-for-stm32.10.3-2021.10.win32_1.0.0.202111181127/tools/bin/../lib/gcc/arm-none-eabi/10.3.1/../../../../arm-none-eabi/lib/thumb/v7e-m+dp/hard\libc_nano.a(lib_a-memcmp.o)
 .ARM.attributes
                0x00000000000005a3       0x32 c:/st/stm32cubeide_1.10.0/stm32cubeide/plugins/com.st.stm32cube.ide.mcu.externaltools.gnu-tools-for-stm32.10.3-2021.10.win32_1.0.0.202111181127/tools/bin/../lib/gcc/arm-none-eabi/10.3.1/../../../../arm-none-eabi/lib/thumb/v7e-m+dp/hard\libc_nano.a(lib_a-memcpy-stub.o)
 .ARM.attributes
                0x00000000000005d5       0x32 c:/st/stm32cubeide_1.10.0/stm32cubeide/plugins/com.st.stm32cube.ide.mcu.externaltools.gnu-tools-for-stm32.10.3-2021.10.win32_1.0.0.202111181127/tools/bin/../lib/gcc/arm-none-eabi/10.3.1/../../../../arm-none-eabi/lib/thumb/v7e-m+dp/hard\libc_nano.a(lib_a-memset.o)
 .ARM.attributes
                0x0000000000000607       0x1e c:/st/stm32cubeide_1.10.0/stm32cubeide/plugins/com.st.stm32cube.ide.mcu.externaltools.gnu-tools-for-stm32.10.3-2021.10.win32_1.0.0.202111181127/tools/bin/../lib/gcc/arm-none-eabi/10.3.1/thumb/v7e-m+dp/hard\libgcc.a(_aeabi_uldivmod.o)
 .ARM.attributes
                0x0000000000000625       0x32 c:/st/stm32cubeide_1.10.0/stm32cubeide/plugins/com.st.stm32cube.ide.mcu.externaltools.gnu-tools-for-stm32.10.3-2021.10.win32_1.0.0.202111181127/tools/bin/../lib/gcc/arm-none-eabi/10.3.1/thumb/v7e-m+dp/hard\libgcc.a(_udivmoddi4.o)
 .ARM.attributes
                0x0000000000000657       0x1e c:/st/stm32cubeide_1.10.0/stm32cubeide/plugins/com.st.stm32cube.ide.mcu.externaltools.gnu-tools-for-stm32.10.3-2021.10.win32_1.0.0.202111181127/tools/bin/../lib/gcc/arm-none-eabi/10.3.1/thumb/v7e-m+dp/hard\libgcc.a(_dvmd_tls.o)
 .ARM.attributes
                0x0000000000000675       0x1e c:/st/stm32cubeide_1.10.0/stm32cubeide/plugins/com.st.stm32cube.ide.mcu.externaltools.gnu-tools-for-stm32.10.3-2021.10.win32_1.0.0.202111181127/tools/bin/../lib/gcc/arm-none-eabi/10.3.1/thumb/v7e-m+dp/hard/crtn.o
OUTPUT(005Task.elf elf32-littlearm)
LOAD linker stubs
LOAD c:/st/stm32cubeide_1.10.0/stm32cubeide/plugins/com.st.stm32cube.ide.mcu.externaltools.gnu-tools-for-stm32.10.3-2021.10.win32_1.0.0.202111181127/tools/bin/../lib/gcc/arm-none-eabi/10.3.1/../../../../arm-none-eabi/lib/thumb/v7e-m+dp/hard\libc.a
LOAD c:/st/stm32cubeide_1.10.0/stm32cubeide/plugins/com.st.stm32cube.ide.mcu.externaltools.gnu-tools-for-stm32.10.3-2021.10.win32_1.0.0.202111181127/tools/bin/../lib/gcc/arm-none-eabi/10.3.1/../../../../arm-none-eabi/lib/thumb/v7e-m+dp/hard\libm.a
LOAD c:/st/stm32cubeide_1.10.0/stm32cubeide/plugins/com.st.stm32cube.ide.mcu.externaltools.gnu-tools-for-stm32.10.3-2021.10.win32_1.0.0.202111181127/tools/bin/../lib/gcc/arm-none-eabi/10.3.1/thumb/v7e-m+dp/hard\libgcc.a

.debug_info     0x0000000000000000    0x17913
 .debug_info    0x0000000000000000      0x4ed ./Core/Src/gpio.o
 .debug_info    0x00000000000004ed     0x10bb ./Core/Src/main.o
 .debug_info    0x00000000000015a8      0x2e8 ./Core/Src/stm32f7xx_hal_msp.o
 .debug_info    0x0000000000001890      0xd7e ./Core/Src/stm32f7xx_hal_timebase_tim.o
 .debug_info    0x000000000000260e      0x75f ./Core/Src/stm32f7xx_it.o
 .debug_info    0x0000000000002d6d      0x72c ./Core/Src/system_stm32f7xx.o
 .debug_info    0x0000000000003499       0x22 ./Core/Startup/startup_stm32f767zitx.o
 .debug_info    0x00000000000034bb      0xa82 ./Drivers/STM32F7xx_HAL_Driver/Src/stm32f7xx_hal.o
 .debug_info    0x0000000000003f3d     0x10d1 ./Drivers/STM32F7xx_HAL_Driver/Src/stm32f7xx_hal_cortex.o
 .debug_info    0x000000000000500e      0x7a2 ./Drivers/STM32F7xx_HAL_Driver/Src/stm32f7xx_hal_gpio.o
 .debug_info    0x00000000000057b0      0x92e ./Drivers/STM32F7xx_HAL_Driver/Src/stm32f7xx_hal_pwr_ex.o
 .debug_info    0x00000000000060de      0x9f8 ./Drivers/STM32F7xx_HAL_Driver/Src/stm32f7xx_hal_rcc.o
 .debug_info    0x0000000000006ad6     0x2d63 ./Drivers/STM32F7xx_HAL_Driver/Src/stm32f7xx_hal_tim.o
 .debug_info    0x0000000000009839     0x1805 ./Drivers/STM32F7xx_HAL_Driver/Src/stm32f7xx_hal_tim_ex.o
 .debug_info    0x000000000000b03e      0x2d8 ./common/ThridParty/FreeRTOS/list.o
 .debug_info    0x000000000000b316     0x198f ./common/ThridParty/FreeRTOS/queue.o
 .debug_info    0x000000000000cca5     0x23ee ./common/ThridParty/FreeRTOS/tasks.o
 .debug_info    0x000000000000f093      0xee4 ./common/ThridParty/FreeRTOS/timers.o
 .debug_info    0x000000000000ff77      0x5d1 ./common/ThridParty/FreeRTOS/portable/GCC/ARM_CM4F/port.o
 .debug_info    0x0000000000010548      0x514 ./common/ThridParty/FreeRTOS/portable/MemMang/heap_4.o
 .debug_info    0x0000000000010a5c      0x18f ./common/ThridParty/SEGGER/Config/SEGGER_SYSVIEW_Config_FreeRTOS.o
 .debug_info    0x0000000000010beb      0x456 ./common/ThridParty/SEGGER/OS/SEGGER_SYSVIEW_FreeRTOS.o
 .debug_info    0x0000000000011041      0xba6 ./common/ThridParty/SEGGER/Rec/segger_uart.o
 .debug_info    0x0000000000011be7     0x1600 ./common/ThridParty/SEGGER/SEGGER/SEGGER_RTT.o
 .debug_info    0x00000000000131e7       0x26 ./common/ThridParty/SEGGER/SEGGER/SEGGER_RTT_ASM_ARMv7M.o
 .debug_info    0x000000000001320d     0x4706 ./common/ThridParty/SEGGER/SEGGER/SEGGER_SYSVIEW.o

.debug_abbrev   0x0000000000000000     0x33e9
 .debug_abbrev  0x0000000000000000      0x146 ./Core/Src/gpio.o
 .debug_abbrev  0x0000000000000146      0x365 ./Core/Src/main.o
 .debug_abbrev  0x00000000000004ab       0xe7 ./Core/Src/stm32f7xx_hal_msp.o
 .debug_abbrev  0x0000000000000592      0x1e6 ./Core/Src/stm32f7xx_hal_timebase_tim.o
 .debug_abbrev  0x0000000000000778      0x171 ./Core/Src/stm32f7xx_it.o
 .debug_abbrev  0x00000000000008e9      0x136 ./Core/Src/system_stm32f7xx.o
 .debug_abbrev  0x0000000000000a1f       0x12 ./Core/Startup/startup_stm32f767zitx.o
 .debug_abbrev  0x0000000000000a31      0x20d ./Drivers/STM32F7xx_HAL_Driver/Src/stm32f7xx_hal.o
 .debug_abbrev  0x0000000000000c3e      0x30d ./Drivers/STM32F7xx_HAL_Driver/Src/stm32f7xx_hal_cortex.o
 .debug_abbrev  0x0000000000000f4b      0x1c4 ./Drivers/STM32F7xx_HAL_Driver/Src/stm32f7xx_hal_gpio.o
 .debug_abbrev  0x000000000000110f      0x1cb ./Drivers/STM32F7xx_HAL_Driver/Src/stm32f7xx_hal_pwr_ex.o
 .debug_abbrev  0x00000000000012da      0x2d1 ./Drivers/STM32F7xx_HAL_Driver/Src/stm32f7xx_hal_rcc.o
 .debug_abbrev  0x00000000000015ab      0x264 ./Drivers/STM32F7xx_HAL_Driver/Src/stm32f7xx_hal_tim.o
 .debug_abbrev  0x000000000000180f      0x26c ./Drivers/STM32F7xx_HAL_Driver/Src/stm32f7xx_hal_tim_ex.o
 .debug_abbrev  0x0000000000001a7b       0xf2 ./common/ThridParty/FreeRTOS/list.o
 .debug_abbrev  0x0000000000001b6d      0x312 ./common/ThridParty/FreeRTOS/queue.o
 .debug_abbrev  0x0000000000001e7f      0x39f ./common/ThridParty/FreeRTOS/tasks.o
 .debug_abbrev  0x000000000000221e      0x2d8 ./common/ThridParty/FreeRTOS/timers.o
 .debug_abbrev  0x00000000000024f6      0x259 ./common/ThridParty/FreeRTOS/portable/GCC/ARM_CM4F/port.o
 .debug_abbrev  0x000000000000274f      0x212 ./common/ThridParty/FreeRTOS/portable/MemMang/heap_4.o
 .debug_abbrev  0x0000000000002961       0xec ./common/ThridParty/SEGGER/Config/SEGGER_SYSVIEW_Config_FreeRTOS.o
 .debug_abbrev  0x0000000000002a4d      0x1b8 ./common/ThridParty/SEGGER/OS/SEGGER_SYSVIEW_FreeRTOS.o
 .debug_abbrev  0x0000000000002c05      0x26c ./common/ThridParty/SEGGER/Rec/segger_uart.o
 .debug_abbrev  0x0000000000002e71      0x227 ./common/ThridParty/SEGGER/SEGGER/SEGGER_RTT.o
 .debug_abbrev  0x0000000000003098       0x14 ./common/ThridParty/SEGGER/SEGGER/SEGGER_RTT_ASM_ARMv7M.o
 .debug_abbrev  0x00000000000030ac      0x33d ./common/ThridParty/SEGGER/SEGGER/SEGGER_SYSVIEW.o

.debug_aranges  0x0000000000000000     0x14c0
 .debug_aranges
                0x0000000000000000       0x20 ./Core/Src/gpio.o
 .debug_aranges
                0x0000000000000020       0x58 ./Core/Src/main.o
 .debug_aranges
                0x0000000000000078       0x20 ./Core/Src/stm32f7xx_hal_msp.o
 .debug_aranges
                0x0000000000000098       0x30 ./Core/Src/stm32f7xx_hal_timebase_tim.o
 .debug_aranges
                0x00000000000000c8       0x50 ./Core/Src/stm32f7xx_it.o
 .debug_aranges
                0x0000000000000118       0x28 ./Core/Src/system_stm32f7xx.o
 .debug_aranges
                0x0000000000000140       0x28 ./Core/Startup/startup_stm32f767zitx.o
 .debug_aranges
                0x0000000000000168      0x110 ./Drivers/STM32F7xx_HAL_Driver/Src/stm32f7xx_hal.o
 .debug_aranges
                0x0000000000000278      0x128 ./Drivers/STM32F7xx_HAL_Driver/Src/stm32f7xx_hal_cortex.o
 .debug_aranges
                0x00000000000003a0       0x58 ./Drivers/STM32F7xx_HAL_Driver/Src/stm32f7xx_hal_gpio.o
 .debug_aranges
                0x00000000000003f8       0x80 ./Drivers/STM32F7xx_HAL_Driver/Src/stm32f7xx_hal_pwr_ex.o
 .debug_aranges
                0x0000000000000478       0x88 ./Drivers/STM32F7xx_HAL_Driver/Src/stm32f7xx_hal_rcc.o
 .debug_aranges
                0x0000000000000500      0x3e0 ./Drivers/STM32F7xx_HAL_Driver/Src/stm32f7xx_hal_tim.o
 .debug_aranges
                0x00000000000008e0      0x180 ./Drivers/STM32F7xx_HAL_Driver/Src/stm32f7xx_hal_tim_ex.o
 .debug_aranges
                0x0000000000000a60       0x40 ./common/ThridParty/FreeRTOS/list.o
 .debug_aranges
                0x0000000000000aa0      0x130 ./common/ThridParty/FreeRTOS/queue.o
 .debug_aranges
                0x0000000000000bd0      0x208 ./common/ThridParty/FreeRTOS/tasks.o
 .debug_aranges
                0x0000000000000dd8       0xd8 ./common/ThridParty/FreeRTOS/timers.o
 .debug_aranges
                0x0000000000000eb0       0x88 ./common/ThridParty/FreeRTOS/portable/GCC/ARM_CM4F/port.o
 .debug_aranges
                0x0000000000000f38       0x58 ./common/ThridParty/FreeRTOS/portable/MemMang/heap_4.o
 .debug_aranges
                0x0000000000000f90       0x28 ./common/ThridParty/SEGGER/Config/SEGGER_SYSVIEW_Config_FreeRTOS.o
 .debug_aranges
                0x0000000000000fb8       0x48 ./common/ThridParty/SEGGER/OS/SEGGER_SYSVIEW_FreeRTOS.o
 .debug_aranges
                0x0000000000001000       0x68 ./common/ThridParty/SEGGER/Rec/segger_uart.o
 .debug_aranges
                0x0000000000001068      0x138 ./common/ThridParty/SEGGER/SEGGER/SEGGER_RTT.o
 .debug_aranges
                0x00000000000011a0       0x20 ./common/ThridParty/SEGGER/SEGGER/SEGGER_RTT_ASM_ARMv7M.o
 .debug_aranges
                0x00000000000011c0      0x300 ./common/ThridParty/SEGGER/SEGGER/SEGGER_SYSVIEW.o

.debug_ranges   0x0000000000000000     0x1318
 .debug_ranges  0x0000000000000000       0x10 ./Core/Src/gpio.o
 .debug_ranges  0x0000000000000010       0x48 ./Core/Src/main.o
 .debug_ranges  0x0000000000000058       0x10 ./Core/Src/stm32f7xx_hal_msp.o
 .debug_ranges  0x0000000000000068       0x20 ./Core/Src/stm32f7xx_hal_timebase_tim.o
 .debug_ranges  0x0000000000000088       0x40 ./Core/Src/stm32f7xx_it.o
 .debug_ranges  0x00000000000000c8       0x18 ./Core/Src/system_stm32f7xx.o
 .debug_ranges  0x00000000000000e0       0x20 ./Core/Startup/startup_stm32f767zitx.o
 .debug_ranges  0x0000000000000100      0x100 ./Drivers/STM32F7xx_HAL_Driver/Src/stm32f7xx_hal.o
 .debug_ranges  0x0000000000000200      0x118 ./Drivers/STM32F7xx_HAL_Driver/Src/stm32f7xx_hal_cortex.o
 .debug_ranges  0x0000000000000318       0x48 ./Drivers/STM32F7xx_HAL_Driver/Src/stm32f7xx_hal_gpio.o
 .debug_ranges  0x0000000000000360       0x70 ./Drivers/STM32F7xx_HAL_Driver/Src/stm32f7xx_hal_pwr_ex.o
 .debug_ranges  0x00000000000003d0       0x78 ./Drivers/STM32F7xx_HAL_Driver/Src/stm32f7xx_hal_rcc.o
 .debug_ranges  0x0000000000000448      0x3d0 ./Drivers/STM32F7xx_HAL_Driver/Src/stm32f7xx_hal_tim.o
 .debug_ranges  0x0000000000000818      0x170 ./Drivers/STM32F7xx_HAL_Driver/Src/stm32f7xx_hal_tim_ex.o
 .debug_ranges  0x0000000000000988       0x30 ./common/ThridParty/FreeRTOS/list.o
 .debug_ranges  0x00000000000009b8      0x120 ./common/ThridParty/FreeRTOS/queue.o
 .debug_ranges  0x0000000000000ad8      0x1f8 ./common/ThridParty/FreeRTOS/tasks.o
 .debug_ranges  0x0000000000000cd0       0xc8 ./common/ThridParty/FreeRTOS/timers.o
 .debug_ranges  0x0000000000000d98       0x78 ./common/ThridParty/FreeRTOS/portable/GCC/ARM_CM4F/port.o
 .debug_ranges  0x0000000000000e10       0x48 ./common/ThridParty/FreeRTOS/portable/MemMang/heap_4.o
 .debug_ranges  0x0000000000000e58       0x18 ./common/ThridParty/SEGGER/Config/SEGGER_SYSVIEW_Config_FreeRTOS.o
 .debug_ranges  0x0000000000000e70       0x38 ./common/ThridParty/SEGGER/OS/SEGGER_SYSVIEW_FreeRTOS.o
 .debug_ranges  0x0000000000000ea8       0x58 ./common/ThridParty/SEGGER/Rec/segger_uart.o
 .debug_ranges  0x0000000000000f00      0x128 ./common/ThridParty/SEGGER/SEGGER/SEGGER_RTT.o
 .debug_ranges  0x0000000000001028      0x2f0 ./common/ThridParty/SEGGER/SEGGER/SEGGER_SYSVIEW.o

.debug_macro    0x0000000000000000    0x29a9a
 .debug_macro   0x0000000000000000      0x1e8 ./Core/Src/gpio.o
 .debug_macro   0x00000000000001e8      0xa90 ./Core/Src/gpio.o
 .debug_macro   0x0000000000000c78      0x28d ./Core/Src/gpio.o
 .debug_macro   0x0000000000000f05       0x2e ./Core/Src/gpio.o
 .debug_macro   0x0000000000000f33       0x3b ./Core/Src/gpio.o
 .debug_macro   0x0000000000000f6e       0x22 ./Core/Src/gpio.o
 .debug_macro   0x0000000000000f90       0x8e ./Core/Src/gpio.o
 .debug_macro   0x000000000000101e       0x51 ./Core/Src/gpio.o
 .debug_macro   0x000000000000106f      0x103 ./Core/Src/gpio.o
 .debug_macro   0x0000000000001172       0x6a ./Core/Src/gpio.o
 .debug_macro   0x00000000000011dc      0x1df ./Core/Src/gpio.o
 .debug_macro   0x00000000000013bb       0x1c ./Core/Src/gpio.o
 .debug_macro   0x00000000000013d7       0x22 ./Core/Src/gpio.o
 .debug_macro   0x00000000000013f9       0xd9 ./Core/Src/gpio.o
 .debug_macro   0x00000000000014d2     0x12cd ./Core/Src/gpio.o
 .debug_macro   0x000000000000279f      0x11f ./Core/Src/gpio.o
 .debug_macro   0x00000000000028be       0x19 ./Core/Src/gpio.o
 .debug_macro   0x00000000000028d7    0x1aa23 ./Core/Src/gpio.o
 .debug_macro   0x000000000001d2fa       0x6d ./Core/Src/gpio.o
 .debug_macro   0x000000000001d367     0x3765 ./Core/Src/gpio.o
 .debug_macro   0x0000000000020acc      0x174 ./Core/Src/gpio.o
 .debug_macro   0x0000000000020c40       0x63 ./Core/Src/gpio.o
 .debug_macro   0x0000000000020ca3     0x1add ./Core/Src/gpio.o
 .debug_macro   0x0000000000022780      0x6c4 ./Core/Src/gpio.o
 .debug_macro   0x0000000000022e44      0x18b ./Core/Src/gpio.o
 .debug_macro   0x0000000000022fcf      0x115 ./Core/Src/gpio.o
 .debug_macro   0x00000000000230e4      0x26e ./Core/Src/gpio.o
 .debug_macro   0x0000000000023352       0xa5 ./Core/Src/gpio.o
 .debug_macro   0x00000000000233f7      0x24f ./Core/Src/gpio.o
 .debug_macro   0x0000000000023646       0x71 ./Core/Src/gpio.o
 .debug_macro   0x00000000000236b7       0x58 ./Core/Src/gpio.o
 .debug_macro   0x000000000002370f      0x236 ./Core/Src/gpio.o
 .debug_macro   0x0000000000023945      0x14e ./Core/Src/gpio.o
 .debug_macro   0x0000000000023a93      0x3db ./Core/Src/gpio.o
 .debug_macro   0x0000000000023e6e       0x12 ./Core/Src/gpio.o
 .debug_macro   0x0000000000023e80      0x22c ./Core/Src/gpio.o
 .debug_macro   0x00000000000240ac       0x61 ./Core/Src/gpio.o
 .debug_macro   0x000000000002410d       0xa5 ./Core/Src/gpio.o
 .debug_macro   0x00000000000241b2      0x12e ./Core/Src/gpio.o
 .debug_macro   0x00000000000242e0      0x108 ./Core/Src/gpio.o
 .debug_macro   0x00000000000243e8       0x35 ./Core/Src/gpio.o
 .debug_macro   0x000000000002441d      0xa91 ./Core/Src/gpio.o
 .debug_macro   0x0000000000024eae       0xa9 ./Core/Src/gpio.o
 .debug_macro   0x0000000000024f57      0x15b ./Core/Src/gpio.o
 .debug_macro   0x00000000000250b2      0x14e ./Core/Src/gpio.o
 .debug_macro   0x0000000000025200      0x2bb ./Core/Src/main.o
 .debug_macro   0x00000000000254bb      0x112 ./Core/Src/main.o
 .debug_macro   0x00000000000255cd       0x58 ./Core/Src/main.o
 .debug_macro   0x0000000000025625       0x46 ./Core/Src/main.o
 .debug_macro   0x000000000002566b       0x64 ./Core/Src/main.o
 .debug_macro   0x00000000000256cf       0x16 ./Core/Src/main.o
 .debug_macro   0x00000000000256e5       0x49 ./Core/Src/main.o
 .debug_macro   0x000000000002572e       0xca ./Core/Src/main.o
 .debug_macro   0x00000000000257f8      0x234 ./Core/Src/main.o
 .debug_macro   0x0000000000025a2c      0x458 ./Core/Src/main.o
 .debug_macro   0x0000000000025e84      0x15a ./Core/Src/main.o
 .debug_macro   0x0000000000025fde       0xea ./Core/Src/main.o
 .debug_macro   0x00000000000260c8       0x1c ./Core/Src/main.o
 .debug_macro   0x00000000000260e4       0x26 ./Core/Src/main.o
 .debug_macro   0x000000000002610a      0x3c9 ./Core/Src/main.o
 .debug_macro   0x00000000000264d3       0xb5 ./Core/Src/main.o
 .debug_macro   0x0000000000026588      0x120 ./Core/Src/main.o
 .debug_macro   0x00000000000266a8      0x28f ./Core/Src/stm32f7xx_hal_msp.o
 .debug_macro   0x0000000000026937      0x1cf ./Core/Src/stm32f7xx_hal_timebase_tim.o
 .debug_macro   0x0000000000026b06      0x1e8 ./Core/Src/stm32f7xx_it.o
 .debug_macro   0x0000000000026cee      0x1cf ./Core/Src/system_stm32f7xx.o
 .debug_macro   0x0000000000026ebd      0x1f3 ./Drivers/STM32F7xx_HAL_Driver/Src/stm32f7xx_hal.o
 .debug_macro   0x00000000000270b0      0x1cf ./Drivers/STM32F7xx_HAL_Driver/Src/stm32f7xx_hal_cortex.o
 .debug_macro   0x000000000002727f      0x1d5 ./Drivers/STM32F7xx_HAL_Driver/Src/stm32f7xx_hal_gpio.o
 .debug_macro   0x0000000000027454      0x1e7 ./Drivers/STM32F7xx_HAL_Driver/Src/stm32f7xx_hal_pwr_ex.o
 .debug_macro   0x000000000002763b      0x1f3 ./Drivers/STM32F7xx_HAL_Driver/Src/stm32f7xx_hal_rcc.o
 .debug_macro   0x000000000002782e      0x1d0 ./Drivers/STM32F7xx_HAL_Driver/Src/stm32f7xx_hal_tim.o
 .debug_macro   0x00000000000279fe      0x1cf ./Drivers/STM32F7xx_HAL_Driver/Src/stm32f7xx_hal_tim_ex.o
 .debug_macro   0x0000000000027bcd      0x1f4 ./common/ThridParty/FreeRTOS/list.o
 .debug_macro   0x0000000000027dc1      0x27d ./common/ThridParty/FreeRTOS/queue.o
 .debug_macro   0x000000000002803e       0x16 ./common/ThridParty/FreeRTOS/queue.o
 .debug_macro   0x0000000000028054       0x20 ./common/ThridParty/FreeRTOS/queue.o
 .debug_macro   0x0000000000028074       0x80 ./common/ThridParty/FreeRTOS/queue.o
 .debug_macro   0x00000000000280f4      0x2e1 ./common/ThridParty/FreeRTOS/tasks.o
 .debug_macro   0x00000000000283d5       0x10 ./common/ThridParty/FreeRTOS/tasks.o
 .debug_macro   0x00000000000283e5      0x23d ./common/ThridParty/FreeRTOS/timers.o
 .debug_macro   0x0000000000028622       0x97 ./common/ThridParty/FreeRTOS/timers.o
 .debug_macro   0x00000000000286b9      0x1f7 ./common/ThridParty/FreeRTOS/portable/GCC/ARM_CM4F/port.o
 .debug_macro   0x00000000000288b0      0x20f ./common/ThridParty/FreeRTOS/portable/MemMang/heap_4.o
 .debug_macro   0x0000000000028abf      0x137 ./common/ThridParty/SEGGER/Config/SEGGER_SYSVIEW_Config_FreeRTOS.o
 .debug_macro   0x0000000000028bf6      0x203 ./common/ThridParty/SEGGER/OS/SEGGER_SYSVIEW_FreeRTOS.o
 .debug_macro   0x0000000000028df9      0x42e ./common/ThridParty/SEGGER/Rec/segger_uart.o
 .debug_macro   0x0000000000029227       0x3b ./common/ThridParty/SEGGER/Rec/segger_uart.o
 .debug_macro   0x0000000000029262      0x138 ./common/ThridParty/SEGGER/Rec/segger_uart.o
 .debug_macro   0x000000000002939a       0x5d ./common/ThridParty/SEGGER/Rec/segger_uart.o
 .debug_macro   0x00000000000293f7      0x1e9 ./common/ThridParty/SEGGER/SEGGER/SEGGER_RTT.o
 .debug_macro   0x00000000000295e0       0x35 ./common/ThridParty/SEGGER/SEGGER/SEGGER_RTT.o
 .debug_macro   0x0000000000029615      0x251 ./common/ThridParty/SEGGER/SEGGER/SEGGER_SYSVIEW.o
 .debug_macro   0x0000000000029866      0x234 ./common/ThridParty/SEGGER/SEGGER/SEGGER_SYSVIEW.o

.debug_line     0x0000000000000000    0x174ac
 .debug_line    0x0000000000000000      0x751 ./Core/Src/gpio.o
 .debug_line    0x0000000000000751      0xb0c ./Core/Src/main.o
 .debug_line    0x000000000000125d      0x91e ./Core/Src/stm32f7xx_hal_msp.o
 .debug_line    0x0000000000001b7b      0x72d ./Core/Src/stm32f7xx_hal_timebase_tim.o
 .debug_line    0x00000000000022a8      0x750 ./Core/Src/stm32f7xx_it.o
 .debug_line    0x00000000000029f8      0x733 ./Core/Src/system_stm32f7xx.o
 .debug_line    0x000000000000312b       0x88 ./Core/Startup/startup_stm32f767zitx.o
 .debug_line    0x00000000000031b3      0x9f4 ./Drivers/STM32F7xx_HAL_Driver/Src/stm32f7xx_hal.o
 .debug_line    0x0000000000003ba7      0xc78 ./Drivers/STM32F7xx_HAL_Driver/Src/stm32f7xx_hal_cortex.o
 .debug_line    0x000000000000481f      0xb3e ./Drivers/STM32F7xx_HAL_Driver/Src/stm32f7xx_hal_gpio.o
 .debug_line    0x000000000000535d      0x939 ./Drivers/STM32F7xx_HAL_Driver/Src/stm32f7xx_hal_pwr_ex.o
 .debug_line    0x0000000000005c96      0xe36 ./Drivers/STM32F7xx_HAL_Driver/Src/stm32f7xx_hal_rcc.o
 .debug_line    0x0000000000006acc     0x3c0b ./Drivers/STM32F7xx_HAL_Driver/Src/stm32f7xx_hal_tim.o
 .debug_line    0x000000000000a6d7     0x1b92 ./Drivers/STM32F7xx_HAL_Driver/Src/stm32f7xx_hal_tim_ex.o
 .debug_line    0x000000000000c269      0x88b ./common/ThridParty/FreeRTOS/list.o
 .debug_line    0x000000000000caf4     0x1764 ./common/ThridParty/FreeRTOS/queue.o
 .debug_line    0x000000000000e258     0x1eb0 ./common/ThridParty/FreeRTOS/tasks.o
 .debug_line    0x0000000000010108      0xdea ./common/ThridParty/FreeRTOS/timers.o
 .debug_line    0x0000000000010ef2      0x9bc ./common/ThridParty/FreeRTOS/portable/GCC/ARM_CM4F/port.o
 .debug_line    0x00000000000118ae      0xad6 ./common/ThridParty/FreeRTOS/portable/MemMang/heap_4.o
 .debug_line    0x0000000000012384      0x629 ./common/ThridParty/SEGGER/Config/SEGGER_SYSVIEW_Config_FreeRTOS.o
 .debug_line    0x00000000000129ad      0x91d ./common/ThridParty/SEGGER/OS/SEGGER_SYSVIEW_FreeRTOS.o
 .debug_line    0x00000000000132ca      0xb69 ./common/ThridParty/SEGGER/Rec/segger_uart.o
 .debug_line    0x0000000000013e33      0xeec ./common/ThridParty/SEGGER/SEGGER/SEGGER_RTT.o
 .debug_line    0x0000000000014d1f       0xc3 ./common/ThridParty/SEGGER/SEGGER/SEGGER_RTT_ASM_ARMv7M.o
 .debug_line    0x0000000000014de2     0x26ca ./common/ThridParty/SEGGER/SEGGER/SEGGER_SYSVIEW.o

.debug_str      0x0000000000000000   0x104dcc
 .debug_str     0x0000000000000000    0xef255 ./Core/Src/gpio.o
                                      0xef932 (size before relaxing)
 .debug_str     0x00000000000ef255     0x9556 ./Core/Src/main.o
                                      0xf8f7e (size before relaxing)
 .debug_str     0x00000000000f87ab       0x40 ./Core/Src/stm32f7xx_hal_msp.o
                                      0xf6b07 (size before relaxing)
 .debug_str     0x00000000000f87eb      0x757 ./Core/Src/stm32f7xx_hal_timebase_tim.o
                                      0xf0068 (size before relaxing)
 .debug_str     0x00000000000f8f42       0xb9 ./Core/Src/stm32f7xx_it.o
                                      0xefd2b (size before relaxing)