Archive member included to satisfy reference by file (symbol)

c:/st/stm32cubeide_1.10.0/stm32cubeide/plugins/com.st.stm32cube.ide.mcu.externaltools.gnu-tools-for-stm32.10.3-2021.10.win32_1.0.0.202111181127/tools/bin/../lib/gcc/arm-none-eabi/10.3.1/../../../../arm-none-eabi/lib/thumb/v7e-m+dp/hard\libc_nano.a(lib_a-errno.o)
                              ./Core/Src/syscalls.o (__errno)
c:/st/stm32cubeide_1.10.0/stm32cubeide/plugins/com.st.stm32cube.ide.mcu.externaltools.gnu-tools-for-stm32.10.3-2021.10.win32_1.0.0.202111181127/tools/bin/../lib/gcc/arm-none-eabi/10.3.1/../../../../arm-none-eabi/lib/thumb/v7e-m+dp/hard\libc_nano.a(lib_a-exit.o)
                              c:/st/stm32cubeide_1.10.0/stm32cubeide/plugins/com.st.stm32cube.ide.mcu.externaltools.gnu-tools-for-stm32.10.3-2021.10.win32_1.0.0.202111181127/tools/bin/../lib/gcc/arm-none-eabi/10.3.1/../../../../arm-none-eabi/lib/thumb/v7e-m+dp/hard/crt0.o (exit)
c:/st/stm32cubeide_1.10.0/stm32cubeide/plugins/com.st.stm32cube.ide.mcu.externaltools.gnu-tools-for-stm32.10.3-2021.10.win32_1.0.0.202111181127/tools/bin/../lib/gcc/arm-none-eabi/10.3.1/../../../../arm-none-eabi/lib/thumb/v7e-m+dp/hard\libc_nano.a(lib_a-impure.o)
                              c:/st/stm32cubeide_1.10.0/stm32cubeide/plugins/com.st.stm32cube.ide.mcu.externaltools.gnu-tools-for-stm32.10.3-2021.10.win32_1.0.0.202111181127/tools/bin/../lib/gcc/arm-none-eabi/10.3.1/../../../../arm-none-eabi/lib/thumb/v7e-m+dp/hard\libc_nano.a(lib_a-exit.o) (_global_impure_ptr)
c:/st/stm32cubeide_1.10.0/stm32cubeide/plugins/com.st.stm32cube.ide.mcu.externaltools.gnu-tools-for-stm32.10.3-2021.10.win32_1.0.0.202111181127/tools/bin/../lib/gcc/arm-none-eabi/10.3.1/../../../../arm-none-eabi/lib/thumb/v7e-m+dp/hard\libc_nano.a(lib_a-init.o)
                              c:/st/stm32cubeide_1.10.0/stm32cubeide/plugins/com.st.stm32cube.ide.mcu.externaltools.gnu-tools-for-stm32.10.3-2021.10.win32_1.0.0.202111181127/tools/bin/../lib/gcc/arm-none-eabi/10.3.1/../../../../arm-none-eabi/lib/thumb/v7e-m+dp/hard/crt0.o (__libc_init_array)
c:/st/stm32cubeide_1.10.0/stm32cubeide/plugins/com.st.stm32cube.ide.mcu.externaltools.gnu-tools-for-stm32.10.3-2021.10.win32_1.0.0.202111181127/tools/bin/../lib/gcc/arm-none-eabi/10.3.1/../../../../arm-none-eabi/lib/thumb/v7e-m+dp/hard\libc_nano.a(lib_a-memcmp.o)
                              ./common/ThridParty/SEGGER/OS/SEGGER_SYSVIEW_FreeRTOS.o (memcmp)
c:/st/stm32cubeide_1.10.0/stm32cubeide/plugins/com.st.stm32cube.ide.mcu.externaltools.gnu-tools-for-stm32.10.3-2021.10.win32_1.0.0.202111181127/tools/bin/../lib/gcc/arm-none-eabi/10.3.1/../../../../arm-none-eabi/lib/thumb/v7e-m+dp/hard\libc_nano.a(lib_a-memcpy-stub.o)
                              ./common/ThridParty/FreeRTOS/queue.o (memcpy)
c:/st/stm32cubeide_1.10.0/stm32cubeide/plugins/com.st.stm32cube.ide.mcu.externaltools.gnu-tools-for-stm32.10.3-2021.10.win32_1.0.0.202111181127/tools/bin/../lib/gcc/arm-none-eabi/10.3.1/../../../../arm-none-eabi/lib/thumb/v7e-m+dp/hard\libc_nano.a(lib_a-memset.o)
                              c:/st/stm32cubeide_1.10.0/stm32cubeide/plugins/com.st.stm32cube.ide.mcu.externaltools.gnu-tools-for-stm32.10.3-2021.10.win32_1.0.0.202111181127/tools/bin/../lib/gcc/arm-none-eabi/10.3.1/../../../../arm-none-eabi/lib/thumb/v7e-m+dp/hard/crt0.o (memset)
c:/st/stm32cubeide_1.10.0/stm32cubeide/plugins/com.st.stm32cube.ide.mcu.externaltools.gnu-tools-for-stm32.10.3-2021.10.win32_1.0.0.202111181127/tools/bin/../lib/gcc/arm-none-eabi/10.3.1/../../../../arm-none-eabi/lib/thumb/v7e-m+dp/hard\libc_nano.a(lib_a-strlen.o)
                              ./common/ThridParty/SEGGER/SEGGER/SEGGER_RTT.o (strlen)
c:/st/stm32cubeide_1.10.0/stm32cubeide/plugins/com.st.stm32cube.ide.mcu.externaltools.gnu-tools-for-stm32.10.3-2021.10.win32_1.0.0.202111181127/tools/bin/../lib/gcc/arm-none-eabi/10.3.1/thumb/v7e-m+dp/hard\libgcc.a(_aeabi_uldivmod.o)
                              ./Drivers/STM32F7xx_HAL_Driver/Src/stm32f7xx_hal_rcc.o (__aeabi_uldivmod)
c:/st/stm32cubeide_1.10.0/stm32cubeide/plugins/com.st.stm32cube.ide.mcu.externaltools.gnu-tools-for-stm32.10.3-2021.10.win32_1.0.0.202111181127/tools/bin/../lib/gcc/arm-none-eabi/10.3.1/thumb/v7e-m+dp/hard\libgcc.a(_udivmoddi4.o)
                              c:/st/stm32cubeide_1.10.0/stm32cubeide/plugins/com.st.stm32cube.ide.mcu.externaltools.gnu-tools-for-stm32.10.3-2021.10.win32_1.0.0.202111181127/tools/bin/../lib/gcc/arm-none-eabi/10.3.1/thumb/v7e-m+dp/hard\libgcc.a(_aeabi_uldivmod.o) (__udivmoddi4)
c:/st/stm32cubeide_1.10.0/stm32cubeide/plugins/com.st.stm32cube.ide.mcu.externaltools.gnu-tools-for-stm32.10.3-2021.10.win32_1.0.0.202111181127/tools/bin/../lib/gcc/arm-none-eabi/10.3.1/thumb/v7e-m+dp/hard\libgcc.a(_dvmd_tls.o)
[...]
Memory Configuration

Name             Origin             Length             Attributes
RAM              0x0000000020000000 0x0000000000080000 xrw
FLASH            0x0000000008000000 0x0000000000200000 xr
*default*        0x0000000000000000 0xffffffffffffffff

Linker script and memory map

LOAD c:/st/stm32cubeide_1.10.0/stm32cubeide/plugins/com.st.stm32cube.ide.mcu.externaltools.gnu-tools-for-stm32.10.3-2021.10.win32_1.0.0.202111181127/tools/bin/../lib/gcc/arm-none-eabi/10.3.1/thumb/v7e-m+dp/hard/crti.o
LOAD c:/st/stm32cubeide_1.10.0/stm32cubeide/plugins/com.st.stm32cube.ide.mcu.externaltools.gnu-tools-for-stm32.10.3-2021.10.win32_1.0.0.202111181127/tools/bin/../lib/gcc/arm-none-eabi/10.3.1/thumb/v7e-m+dp/hard/crtbegin.o
LOAD c:/st/stm32cubeide_1.10.0/stm32cubeide/plugins/com.st.stm32cube.ide.mcu.externaltools.gnu-tools-for-stm32.10.3-2021.10.win32_1.0.0.202111181127/tools/bin/../lib/gcc/arm-none-eabi/10.3.1/../../../../arm-none-eabi/lib/thumb/v7e-m+dp/hard/crt0.o
LOAD ./Core/Src/gpio.o
LOAD ./Core/Src/main.o
LOAD ./Core/Src/stm32f7xx_hal_msp.o
LOAD ./Core/Src/stm32f7xx_hal_timebase_tim.o
LOAD ./Core/Src/stm32f7xx_it.o
LOAD ./Core/Src/syscalls.o
LOAD ./Core/Src/sysmem.o
LOAD ./Core/Src/system_stm32f7xx.o
LOAD ./Core/Startup/startup_stm32f767zitx.o
LOAD ./Drivers/STM32F7xx_HAL_Driver/Src/stm32f7xx_hal.o
LOAD ./Drivers/STM32F7xx_HAL_Driver/Src/stm32f7xx_hal_cortex.o
LOAD ./Drivers/STM32F7xx_HAL_Driver/Src/stm32f7xx_hal_dma.o
LOAD ./Drivers/STM32F7xx_HAL_Driver/Src/stm32f7xx_hal_dma_ex.o
LOAD ./Drivers/STM32F7xx_HAL_Driver/Src/stm32f7xx_hal_exti.o
LOAD ./Drivers/STM32F7xx_HAL_Driver/Src/stm32f7xx_hal_flash.o
LOAD ./Drivers/STM32F7xx_HAL_Driver/Src/stm32f7xx_hal_flash_ex.o
LOAD ./Drivers/STM32F7xx_HAL_Driver/Src/stm32f7xx_hal_gpio.o
LOAD ./Drivers/STM32F7xx_HAL_Driver/Src/stm32f7xx_hal_i2c.o
LOAD ./Drivers/STM32F7xx_HAL_Driver/Src/stm32f7xx_hal_i2c_ex.o
LOAD ./Drivers/STM32F7xx_HAL_Driver/Src/stm32f7xx_hal_pwr.o
LOAD ./Drivers/STM32F7xx_HAL_Driver/Src/stm32f7xx_hal_pwr_ex.o
LOAD ./Drivers/STM32F7xx_HAL_Driver/Src/stm32f7xx_hal_rcc.o
LOAD ./Drivers/STM32F7xx_HAL_Driver/Src/stm32f7xx_hal_rcc_ex.o
LOAD ./Drivers/STM32F7xx_HAL_Driver/Src/stm32f7xx_hal_tim.o
LOAD ./Drivers/STM32F7xx_HAL_Driver/Src/stm32f7xx_hal_tim_ex.o
LOAD ./common/ThridParty/FreeRTOS/croutine.o
LOAD ./common/ThridParty/FreeRTOS/event_groups.o
LOAD ./common/ThridParty/FreeRTOS/list.o
LOAD ./common/ThridParty/FreeRTOS/queue.o
LOAD ./common/ThridParty/FreeRTOS/stream_buffer.o
LOAD ./common/ThridParty/FreeRTOS/tasks.o
LOAD ./common/ThridParty/FreeRTOS/timers.o
LOAD ./common/ThridParty/FreeRTOS/portable/GCC/ARM_CM4F/port.o
LOAD ./common/ThridParty/FreeRTOS/portable/MemMang/heap_4.o
LOAD ./common/ThridParty/SEGGER/Config/SEGGER_SYSVIEW_Config_FreeRTOS.o
LOAD ./common/ThridParty/SEGGER/OS/SEGGER_SYSVIEW_FreeRTOS.o
LOAD ./common/ThridParty/SEGGER/Rec/segger_uart.o
LOAD ./common/ThridParty/SEGGER/SEGGER/SEGGER_RTT.o
LOAD ./common/ThridParty/SEGGER/SEGGER/SEGGER_RTT_ASM_ARMv7M.o
LOAD ./common/ThridParty/SEGGER/SEGGER/SEGGER_RTT_printf.o
LOAD ./common/ThridParty/SEGGER/SEGGER/SEGGER_SYSVIEW.o
LOAD ./common/ThridParty/SEGGER/SEGGER/Syscalls/SEGGER_RTT_Syscalls_GCC.o
LOAD ./common/ThridParty/SEGGER/SEGGER/Syscalls/SEGGER_RTT_Syscalls_IAR.o
LOAD ./common/ThridParty/SEGGER/SEGGER/Syscalls/SEGGER_RTT_Syscalls_KEIL.o
LOAD ./common/ThridParty/SEGGER/SEGGER/Syscalls/SEGGER_RTT_Syscalls_SES.o
START GROUP
LOAD c:/st/stm32cubeide_1.10.0/stm32cubeide/plugins/com.st.stm32cube.ide.mcu.externaltools.gnu-tools-for-stm32.10.3-2021.10.win32_1.0.0.202111181127/tools/bin/../lib/gcc/arm-none-eabi/10.3.1/../../../../arm-none-eabi/lib/thumb/v7e-m+dp/hard\libc_nano.a
LOAD c:/st/stm32cubeide_1.10.0/stm32cubeide/plugins/com.st.stm32cube.ide.mcu.externaltools.gnu-tools-for-stm32.10.3-2021.10.win32_1.0.0.202111181127/tools/bin/../lib/gcc/arm-none-eabi/10.3.1/../../../../arm-none-eabi/lib/thumb/v7e-m+dp/hard\libm.a
END GROUP
START GROUP
LOAD c:/st/stm32cubeide_1.10.0/stm32cubeide/plugins/com.st.stm32cube.ide.mcu.externaltools.gnu-tools-for-stm32.10.3-2021.10.win32_1.0.0.202111181127/tools/bin/../lib/gcc/arm-none-eabi/10.3.1/thumb/v7e-m+dp/hard\libgcc.a
LOAD c:/st/stm32cubeide_1.10.0/stm32cubeide/plugins/com.st.stm32cube.ide.mcu.externaltools.gnu-tools-for-stm32.10.3-2021.10.win32_1.0.0.202111181127/tools/bin/../lib/gcc/arm-none-eabi/10.3.1/../../../../arm-none-eabi/lib/thumb/v7e-m+dp/hard\libc_nano.a
END GROUP
START GROUP
LOAD c:/st/stm32cubeide_1.10.0/stm32cubeide/plugins/com.st.stm32cube.ide.mcu.externaltools.gnu-tools-for-stm32.10.3-2021.10.win32_1.0.0.202111181127/tools/bin/../lib/gcc/arm-none-eabi/10.3.1/thumb/v7e-m+dp/hard\libgcc.a
LOAD c:/st/stm32cubeide_1.10.0/stm32cubeide/plugins/com.st.stm32cube.ide.mcu.externaltools.gnu-tools-for-stm32.10.3-2021.10.win32_1.0.0.202111181127/tools/bin/../lib/gcc/arm-none-eabi/10.3.1/../../../../arm-none-eabi/lib/thumb/v7e-m+dp/hard\libc_nano.a
LOAD c:/st/stm32cubeide_1.10.0/stm32cubeide/plugins/com.st.stm32cube.ide.mcu.externaltools.gnu-tools-for-stm32.10.3-2021.10.win32_1.0.0.202111181127/tools/bin/../lib/gcc/arm-none-eabi/10.3.1/../../../../arm-none-eabi/lib/thumb/v7e-m+dp/hard\libnosys.a
END GROUP
START GROUP
LOAD c:/st/stm32cubeide_1.10.0/stm32cubeide/plugins/com.st.stm32cube.ide.mcu.externaltools.gnu-tools-for-stm32.10.3-2021.10.win32_1.0.0.202111181127/tools/bin/../lib/gcc/arm-none-eabi/10.3.1/thumb/v7e-m+dp/hard\libgcc.a
LOAD c:/st/stm32cubeide_1.10.0/stm32cubeide/plugins/com.st.stm32cube.ide.mcu.externaltools.gnu-tools-for-stm32.10.3-2021.10.win32_1.0.0.202111181127/tools/bin/../lib/gcc/arm-none-eabi/10.3.1/../../../../arm-none-eabi/lib/thumb/v7e-m+dp/hard\libc_nano.a
LOAD c:/st/stm32cubeide_1.10.0/stm32cubeide/plugins/com.st.stm32cube.ide.mcu.externaltools.gnu-tools-for-stm32.10.3-2021.10.win32_1.0.0.202111181127/tools/bin/../lib/gcc/arm-none-eabi/10.3.1/../../../../arm-none-eabi/lib/thumb/v7e-m+dp/hard\libnosys.a
END GROUP
LOAD c:/st/stm32cubeide_1.10.0/stm32cubeide/plugins/com.st.stm32cube.ide.mcu.externaltools.gnu-tools-for-stm32.10.3-2021.10.win32_1.0.0.202111181127/tools/bin/../lib/gcc/arm-none-eabi/10.3.1/thumb/v7e-m+dp/hard/crtend.o
LOAD c:/st/stm32cubeide_1.10.0/stm32cubeide/plugins/com.st.stm32cube.ide.mcu.externaltools.gnu-tools-for-stm32.10.3-2021.10.win32_1.0.0.202111181127/tools/bin/../lib/gcc/arm-none-eabi/10.3.1/thumb/v7e-m+dp/hard/crtn.o
                0x0000000020080000                _estack = (ORIGIN (RAM) + LENGTH (RAM))
                0x0000000000000200                _Min_Heap_Size = 0x200
                0x0000000000000400                _Min_Stack_Size = 0x400

.isr_vector     0x0000000008000000      0x1f8
                0x0000000008000000                . = ALIGN (0x4)
 *(.isr_vector)
 .isr_vector    0x0000000008000000      0x1f8 ./Core/Startup/startup_stm32f767zitx.o
                0x0000000008000000                g_pfnVectors
                0x00000000080001f8                . = ALIGN (0x4)

.text           0x0000000008000200     0x7550
                0x0000000008000200                . = ALIGN (0x4)
 *(.text)
 .text          0x0000000008000200       0x40 c:/st/stm32cubeide_1.10.0/stm32cubeide/plugins/com.st.stm32cube.ide.mcu.externaltools.gnu-tools-for-stm32.10.3-2021.10.win32_1.0.0.202111181127/tools/bin/../lib/gcc/arm-none-eabi/10.3.1/thumb/v7e-m+dp/hard/crtbegin.o
 .text          0x0000000008000240       0x94 ./common/ThridParty/SEGGER/SEGGER/SEGGER_RTT_ASM_ARMv7M.o
                0x0000000008000240                SEGGER_RTT_ASM_WriteSkipNoLock
 .text          0x00000000080002d4       0x30 c:/st/stm32cubeide_1.10.0/stm32cubeide/plugins/com.st.stm32cube.ide.mcu.externaltools.gnu-tools-for-stm32.10.3-2021.10.win32_1.0.0.202111181127/tools/bin/../lib/gcc/arm-none-eabi/10.3.1/thumb/v7e-m+dp/hard\libgcc.a(_aeabi_uldivmod.o)
                0x00000000080002d4                __aeabi_uldivmod
 .text          0x0000000008000304      0x2d0 c:/st/stm32cubeide_1.10.0/stm32cubeide/plugins/com.st.stm32cube.ide.mcu.externaltools.gnu-tools-for-stm32.10.3-2021.10.win32_1.0.0.202111181127/tools/bin/../lib/gcc/arm-none-eabi/10.3.1/thumb/v7e-m+dp/hard\libgcc.a(_udivmoddi4.o)
                0x0000000008000304                __udivmoddi4
 .text          0x00000000080005d4        0x4 c:/st/stm32cubeide_1.10.0/stm32cubeide/plugins/com.st.stm32cube.ide.mcu.externaltools.gnu-tools-for-stm32.10.3-2021.10.win32_1.0.0.202111181127/tools/bin/../lib/gcc/arm-none-eabi/10.3.1/thumb/v7e-m+dp/hard\libgcc.a(_dvmd_tls.o)
                0x00000000080005d4                __aeabi_idiv0
                0x00000000080005d4                __aeabi_ldiv0
 *(.text*)
 .text.MX_GPIO_Init
                0x00000000080005d8      0x22c ./Core/Src/gpio.o
                0x00000000080005d8                MX_GPIO_Init
 .text.main     0x0000000008000804       0xe8 ./Core/Src/main.o
                0x0000000008000804                main
 .text.SystemClock_Config
                0x00000000080008ec       0xdc ./Core/Src/main.o
                0x00000000080008ec                SystemClock_Config
 .text.vLED_Green_handler
                0x00000000080009c8       0x38 ./Core/Src/main.o
 .text.vLED_Blue_handler
                0x0000000008000a00       0x38 ./Core/Src/main.o
 .text.vLED_Red_handler
                0x0000000008000a38       0x38 ./Core/Src/main.o
 .text.HAL_TIM_PeriodElapsedCallback
                0x0000000008000a70       0x24 ./Core/Src/main.o
                0x0000000008000a70                HAL_TIM_PeriodElapsedCallback
 .text.Error_Handler
                0x0000000008000a94        0xa ./Core/Src/main.o
                0x0000000008000a94                Error_Handler
 *fill*         0x0000000008000a9e        0x2 
 .text.HAL_MspInit
                0x0000000008000aa0       0x48 ./Core/Src/stm32f7xx_hal_msp.o
                0x0000000008000aa0                HAL_MspInit
 .text.HAL_InitTick
                0x0000000008000ae8       0xf4 ./Core/Src/stm32f7xx_hal_timebase_tim.o
                0x0000000008000ae8                HAL_InitTick
 .text.NMI_Handler
                0x0000000008000bdc        0x6 ./Core/Src/stm32f7xx_it.o
                0x0000000008000bdc                NMI_Handler
 .text.HardFault_Handler
                0x0000000008000be2        0x6 ./Core/Src/stm32f7xx_it.o
                0x0000000008000be2                HardFault_Handler
 .text.MemManage_Handler
                0x0000000008000be8        0x6 ./Core/Src/stm32f7xx_it.o
                0x0000000008000be8                MemManage_Handler
 .text.BusFault_Handler
                0x0000000008000bee        0x6 ./Core/Src/stm32f7xx_it.o
                0x0000000008000bee                BusFault_Handler
 .text.UsageFault_Handler
                0x0000000008000bf4        0x6 ./Core/Src/stm32f7xx_it.o
                0x0000000008000bf4                UsageFault_Handler
 .text.DebugMon_Handler
                0x0000000008000bfa        0xe ./Core/Src/stm32f7xx_it.o
                0x0000000008000bfa                DebugMon_Handler
 .text.TIM6_DAC_IRQHandler
                0x0000000008000c08       0x14 ./Core/Src/stm32f7xx_it.o
                0x0000000008000c08                TIM6_DAC_IRQHandler
 .text.SystemInit
                0x0000000008000c1c       0x24 ./Core/Src/system_stm32f7xx.o
                0x0000000008000c1c                SystemInit
 .text.Reset_Handler
                0x0000000008000c40       0x50 ./Core/Startup/startup_stm32f767zitx.o
                0x0000000008000c40                Reset_Handler
 .text.Default_Handler
                0x0000000008000c90        0x2 ./Core/Startup/startup_stm32f767zitx.o
                0x0000000008000c90                RTC_Alarm_IRQHandler
                0x0000000008000c90                EXTI2_IRQHandler
                0x0000000008000c90                TIM8_CC_IRQHandler
                0x0000000008000c90                UART8_IRQHandler
                0x0000000008000c90                SPI4_IRQHandler
                0x0000000008000c90                TIM1_CC_IRQHandler
                0x0000000008000c90                DMA2_Stream5_IRQHandler
                0x0000000008000c90                JPEG_IRQHandler
                0x0000000008000c90                DMA1_Stream5_IRQHandler
                0x0000000008000c90                CAN3_RX1_IRQHandler
                0x0000000008000c90                PVD_IRQHandler
                0x0000000008000c90                TAMP_STAMP_IRQHandler
                0x0000000008000c90                CAN2_RX1_IRQHandler
                0x0000000008000c90                EXTI3_IRQHandler
                0x0000000008000c90                TIM8_TRG_COM_TIM14_IRQHandler
                0x0000000008000c90                DFSDM1_FLT1_IRQHandler
                0x0000000008000c90                TIM1_UP_TIM10_IRQHandler
                0x0000000008000c90                TIM8_UP_TIM13_IRQHandler
                0x0000000008000c90                I2C3_ER_IRQHandler
                0x0000000008000c90                DFSDM1_FLT2_IRQHandler
                0x0000000008000c90                EXTI0_IRQHandler
                0x0000000008000c90                I2C2_EV_IRQHandler
                0x0000000008000c90                DMA1_Stream2_IRQHandler
                0x0000000008000c90                CAN1_RX0_IRQHandler
                0x0000000008000c90                FPU_IRQHandler
                0x0000000008000c90                OTG_HS_WKUP_IRQHandler
                0x0000000008000c90                CAN3_SCE_IRQHandler
                0x0000000008000c90                LTDC_ER_IRQHandler
                0x0000000008000c90                CAN2_SCE_IRQHandler
                0x0000000008000c90                DMA2_Stream2_IRQHandler
                0x0000000008000c90                SPI1_IRQHandler
                0x0000000008000c90                TIM1_BRK_TIM9_IRQHandler
                0x0000000008000c90                DCMI_IRQHandler
                0x0000000008000c90                CAN2_RX0_IRQHandler
                0x0000000008000c90                DMA2_Stream3_IRQHandler
                0x0000000008000c90                SAI2_IRQHandler
                0x0000000008000c90                DFSDM1_FLT3_IRQHandler
                0x0000000008000c90                USART6_IRQHandler
                0x0000000008000c90                CAN3_RX0_IRQHandler
                0x0000000008000c90                CAN1_RX1_IRQHandler
                0x0000000008000c90                UART5_IRQHandler
                0x0000000008000c90                DMA2_Stream0_IRQHandler
                0x0000000008000c90                TIM4_IRQHandler
                0x0000000008000c90                QUADSPI_IRQHandler
                0x0000000008000c90                I2C1_EV_IRQHandler
                0x0000000008000c90                DMA1_Stream6_IRQHandler
                0x0000000008000c90                DMA1_Stream1_IRQHandler
                0x0000000008000c90                UART4_IRQHandler
                0x0000000008000c90                TIM3_IRQHandler
                0x0000000008000c90                RCC_IRQHandler
                0x0000000008000c90                TIM8_BRK_TIM12_IRQHandler
                0x0000000008000c90                Default_Handler
                0x0000000008000c90                CEC_IRQHandler
                0x0000000008000c90                EXTI15_10_IRQHandler
                0x0000000008000c90                ADC_IRQHandler
                0x0000000008000c90                DMA1_Stream7_IRQHandler
                0x0000000008000c90                SPI5_IRQHandler
                0x0000000008000c90                TIM7_IRQHandler
                0x0000000008000c90                SDMMC1_IRQHandler
                0x0000000008000c90                CAN2_TX_IRQHandler
                0x0000000008000c90                TIM5_IRQHandler
                0x0000000008000c90                DMA2_Stream7_IRQHandler
                0x0000000008000c90                I2C3_EV_IRQHandler
                0x0000000008000c90                EXTI9_5_IRQHandler
                0x0000000008000c90                RTC_WKUP_IRQHandler
                0x0000000008000c90                LTDC_IRQHandler
                0x0000000008000c90                ETH_WKUP_IRQHandler
                0x0000000008000c90                SPDIF_RX_IRQHandler
                0x0000000008000c90                SPI2_IRQHandler
                0x0000000008000c90                OTG_HS_EP1_IN_IRQHandler
                0x0000000008000c90                DMA1_Stream0_IRQHandler
                0x0000000008000c90                CAN1_TX_IRQHandler
                0x0000000008000c90                EXTI4_IRQHandler
                0x0000000008000c90                RNG_IRQHandler
                0x0000000008000c90                ETH_IRQHandler
                0x0000000008000c90                OTG_HS_EP1_OUT_IRQHandler
                0x0000000008000c90                WWDG_IRQHandler
                0x0000000008000c90                SPI6_IRQHandler
                0x0000000008000c90                MDIOS_IRQHandler
                0x0000000008000c90                I2C4_EV_IRQHandler
                0x0000000008000c90                CAN3_TX_IRQHandler
                0x0000000008000c90                TIM2_IRQHandler
                0x0000000008000c90                OTG_FS_WKUP_IRQHandler
                0x0000000008000c90                TIM1_TRG_COM_TIM11_IRQHandler
                0x0000000008000c90                OTG_HS_IRQHandler
                0x0000000008000c90                DMA2D_IRQHandler
                0x0000000008000c90                EXTI1_IRQHandler
                0x0000000008000c90                SDMMC2_IRQHandler
                0x0000000008000c90                UART7_IRQHandler
                0x0000000008000c90                USART2_IRQHandler
                0x0000000008000c90                DFSDM1_FLT0_IRQHandler
                0x0000000008000c90                I2C2_ER_IRQHandler
                0x0000000008000c90                DMA2_Stream1_IRQHandler
                0x0000000008000c90                CAN1_SCE_IRQHandler
                0x0000000008000c90                FLASH_IRQHandler
                0x0000000008000c90                DMA2_Stream4_IRQHandler
                0x0000000008000c90                USART1_IRQHandler
                0x0000000008000c90                OTG_FS_IRQHandler
                0x0000000008000c90                SPI3_IRQHandler
                0x0000000008000c90                DMA1_Stream4_IRQHandler
                0x0000000008000c90                I2C1_ER_IRQHandler
                0x0000000008000c90                FMC_IRQHandler
                0x0000000008000c90                LPTIM1_IRQHandler
                0x0000000008000c90                I2C4_ER_IRQHandler
                0x0000000008000c90                DMA2_Stream6_IRQHandler
                0x0000000008000c90                SAI1_IRQHandler
                0x0000000008000c90                DMA1_Stream3_IRQHandler
 .text.HAL_Init
                0x0000000008000c92       0x1a ./Drivers/STM32F7xx_HAL_Driver/Src/stm32f7xx_hal.o
                0x0000000008000c92                HAL_Init
 .text.HAL_IncTick
                0x0000000008000cac       0x28 ./Drivers/STM32F7xx_HAL_Driver/Src/stm32f7xx_hal.o
                0x0000000008000cac                HAL_IncTick
 .text.HAL_GetTick
                0x0000000008000cd4       0x18 ./Drivers/STM32F7xx_HAL_Driver/Src/stm32f7xx_hal.o
                0x0000000008000cd4                HAL_GetTick
 .text.__NVIC_SetPriorityGrouping
                0x0000000008000cec       0x48 ./Drivers/STM32F7xx_HAL_Driver/Src/stm32f7xx_hal_cortex.o
 .text.__NVIC_GetPriorityGrouping
                0x0000000008000d34       0x1c ./Drivers/STM32F7xx_HAL_Driver/Src/stm32f7xx_hal_cortex.o
 .text.__NVIC_EnableIRQ
                0x0000000008000d50       0x3c ./Drivers/STM32F7xx_HAL_Driver/Src/stm32f7xx_hal_cortex.o
 .text.__NVIC_SetPriority
                0x0000000008000d8c       0x54 ./Drivers/STM32F7xx_HAL_Driver/Src/stm32f7xx_hal_cortex.o
 .text.NVIC_EncodePriority
                0x0000000008000de0       0x66 ./Drivers/STM32F7xx_HAL_Driver/Src/stm32f7xx_hal_cortex.o
 .text.HAL_NVIC_SetPriorityGrouping
                0x0000000008000e46       0x16 ./Drivers/STM32F7xx_HAL_Driver/Src/stm32f7xx_hal_cortex.o
                0x0000000008000e46                HAL_NVIC_SetPriorityGrouping
 .text.HAL_NVIC_SetPriority
                0x0000000008000e5c       0x38 ./Drivers/STM32F7xx_HAL_Driver/Src/stm32f7xx_hal_cortex.o
                0x0000000008000e5c                HAL_NVIC_SetPriority
 .text.HAL_NVIC_EnableIRQ
                0x0000000008000e94       0x1c ./Drivers/STM32F7xx_HAL_Driver/Src/stm32f7xx_hal_cortex.o
                0x0000000008000e94                HAL_NVIC_EnableIRQ
 .text.HAL_GPIO_Init
                0x0000000008000eb0      0x358 ./Drivers/STM32F7xx_HAL_Driver/Src/stm32f7xx_hal_gpio.o
                0x0000000008000eb0                HAL_GPIO_Init
 .text.HAL_GPIO_WritePin
                0x0000000008001208       0x32 ./Drivers/STM32F7xx_HAL_Driver/Src/stm32f7xx_hal_gpio.o
                0x0000000008001208                HAL_GPIO_WritePin
 .text.HAL_GPIO_TogglePin
                0x000000000800123a       0x34 ./Drivers/STM32F7xx_HAL_Driver/Src/stm32f7xx_hal_gpio.o
                0x000000000800123a                HAL_GPIO_TogglePin
 *fill*         0x000000000800126e        0x2 
 .text.HAL_PWREx_EnableOverDrive
                0x0000000008001270       0xa0 ./Drivers/STM32F7xx_HAL_Driver/Src/stm32f7xx_hal_pwr_ex.o
                0x0000000008001270                HAL_PWREx_EnableOverDrive
 .text.HAL_RCC_OscConfig
                0x0000000008001310      0x55c ./Drivers/STM32F7xx_HAL_Driver/Src/stm32f7xx_hal_rcc.o
                0x0000000008001310                HAL_RCC_OscConfig
 .text.HAL_RCC_ClockConfig
                0x000000000800186c      0x1d8 ./Drivers/STM32F7xx_HAL_Driver/Src/stm32f7xx_hal_rcc.o
                0x000000000800186c                HAL_RCC_ClockConfig
 .text.HAL_RCC_GetSysClockFreq
                0x0000000008001a44      0x208 ./Drivers/STM32F7xx_HAL_Driver/Src/stm32f7xx_hal_rcc.o
                0x0000000008001a44                HAL_RCC_GetSysClockFreq
 .text.HAL_RCC_GetHCLKFreq
                0x0000000008001c4c       0x18 ./Drivers/STM32F7xx_HAL_Driver/Src/stm32f7xx_hal_rcc.o
                0x0000000008001c4c                HAL_RCC_GetHCLKFreq
 .text.HAL_RCC_GetPCLK1Freq
                0x0000000008001c64       0x28 ./Drivers/STM32F7xx_HAL_Driver/Src/stm32f7xx_hal_rcc.o
                0x0000000008001c64                HAL_RCC_GetPCLK1Freq
 .text.HAL_RCC_GetClockConfig
                0x0000000008001c8c       0x64 ./Drivers/STM32F7xx_HAL_Driver/Src/stm32f7xx_hal_rcc.o
                0x0000000008001c8c                HAL_RCC_GetClockConfig
 .text.HAL_TIM_Base_Init
                0x0000000008001cf0       0xae ./Drivers/STM32F7xx_HAL_Driver/Src/stm32f7xx_hal_tim.o
                0x0000000008001cf0                HAL_TIM_Base_Init
 .text.HAL_TIM_Base_MspInit
                0x0000000008001d9e       0x14 ./Drivers/STM32F7xx_HAL_Driver/Src/stm32f7xx_hal_tim.o
                0x0000000008001d9e                HAL_TIM_Base_MspInit
 *fill*         0x0000000008001db2        0x2 
 .text.HAL_TIM_Base_Start_IT
                0x0000000008001db4       0xf0 ./Drivers/STM32F7xx_HAL_Driver/Src/stm32f7xx_hal_tim.o
                0x0000000008001db4                HAL_TIM_Base_Start_IT
 .text.HAL_TIM_IRQHandler
                0x0000000008001ea4      0x20e ./Drivers/STM32F7xx_HAL_Driver/Src/stm32f7xx_hal_tim.o
                0x0000000008001ea4                HAL_TIM_IRQHandler
 .text.HAL_TIM_OC_DelayElapsedCallback
                0x00000000080020b2       0x14 ./Drivers/STM32F7xx_HAL_Driver/Src/stm32f7xx_hal_tim.o
                0x00000000080020b2                HAL_TIM_OC_DelayElapsedCallback
 .text.HAL_TIM_IC_CaptureCallback
                0x00000000080020c6       0x14 ./Drivers/STM32F7xx_HAL_Driver/Src/stm32f7xx_hal_tim.o
                0x00000000080020c6                HAL_TIM_IC_CaptureCallback
 .text.HAL_TIM_PWM_PulseFinishedCallback
                0x00000000080020da       0x14 ./Drivers/STM32F7xx_HAL_Driver/Src/stm32f7xx_hal_tim.o
                0x00000000080020da                HAL_TIM_PWM_PulseFinishedCallback
 .text.HAL_TIM_TriggerCallback
                0x00000000080020ee       0x14 ./Drivers/STM32F7xx_HAL_Driver/Src/stm32f7xx_hal_tim.o
                0x00000000080020ee                HAL_TIM_TriggerCallback
 *fill*         0x0000000008002102        0x2 
 .text.TIM_Base_SetConfig
                0x0000000008002104      0x158 ./Drivers/STM32F7xx_HAL_Driver/Src/stm32f7xx_hal_tim.o
                0x0000000008002104                TIM_Base_SetConfig
 .text.HAL_TIMEx_CommutCallback
                0x000000000800225c       0x14 ./Drivers/STM32F7xx_HAL_Driver/Src/stm32f7xx_hal_tim_ex.o
                0x000000000800225c                HAL_TIMEx_CommutCallback
 .text.HAL_TIMEx_BreakCallback
                0x0000000008002270       0x14 ./Drivers/STM32F7xx_HAL_Driver/Src/stm32f7xx_hal_tim_ex.o
                0x0000000008002270                HAL_TIMEx_BreakCallback
 .text.HAL_TIMEx_Break2Callback
                0x0000000008002284       0x14 ./Drivers/STM32F7xx_HAL_Driver/Src/stm32f7xx_hal_tim_ex.o
                0x0000000008002284                HAL_TIMEx_Break2Callback
 .text.vListInitialise
                0x0000000008002298       0x40 ./common/ThridParty/FreeRTOS/list.o
                0x0000000008002298                vListInitialise
 .text.vListInitialiseItem
                0x00000000080022d8       0x1a ./common/ThridParty/FreeRTOS/list.o
                0x00000000080022d8                vListInitialiseItem
 .text.vListInsertEnd
                0x00000000080022f2       0x48 ./common/ThridParty/FreeRTOS/list.o
                0x00000000080022f2                vListInsertEnd
 .text.vListInsert
                0x000000000800233a       0x72 ./common/ThridParty/FreeRTOS/list.o
                0x000000000800233a                vListInsert
 .text.uxListRemove
                0x00000000080023ac       0x54 ./common/ThridParty/FreeRTOS/list.o
                0x00000000080023ac                uxListRemove
 .text.xQueueGenericReset
                0x0000000008002400       0xd0 ./common/ThridParty/FreeRTOS/queue.o
                0x0000000008002400                xQueueGenericReset
 .text.xQueueGenericCreate
                0x00000000080024d0       0xbe ./common/ThridParty/FreeRTOS/queue.o
                0x00000000080024d0                xQueueGenericCreate
 .text.prvInitialiseNewQueue
                0x000000000800258e       0x52 ./common/ThridParty/FreeRTOS/queue.o
 .text.xQueueGenericSend
                0x00000000080025e0      0x24c ./common/ThridParty/FreeRTOS/queue.o
                0x00000000080025e0                xQueueGenericSend
 .text.xQueueGenericSendFromISR
                0x000000000800282c      0x17c ./common/ThridParty/FreeRTOS/queue.o
                0x000000000800282c                xQueueGenericSendFromISR
 .text.xQueueReceive
                0x00000000080029a8      0x220 ./common/ThridParty/FreeRTOS/queue.o
                0x00000000080029a8                xQueueReceive
 .text.prvCopyDataToQueue
                0x0000000008002bc8       0xd4 ./common/ThridParty/FreeRTOS/queue.o
 .text.prvCopyDataFromQueue
                0x0000000008002c9c       0x4c ./common/ThridParty/FreeRTOS/queue.o
 .text.prvUnlockQueue
                0x0000000008002ce8       0xa4 ./common/ThridParty/FreeRTOS/queue.o
 .text.prvIsQueueEmpty
                0x0000000008002d8c       0x2c ./common/ThridParty/FreeRTOS/queue.o
 .text.prvIsQueueFull
                0x0000000008002db8       0x30 ./common/ThridParty/FreeRTOS/queue.o
 .text.vQueueAddToRegistry
                0x0000000008002de8       0x64 ./common/ThridParty/FreeRTOS/queue.o
                0x0000000008002de8                vQueueAddToRegistry
 .text.vQueueWaitForMessageRestricted
                0x0000000008002e4c       0x68 ./common/ThridParty/FreeRTOS/queue.o
                0x0000000008002e4c                vQueueWaitForMessageRestricted
 .text.xTaskCreate
                0x0000000008002eb4       0x82 ./common/ThridParty/FreeRTOS/tasks.o
                0x0000000008002eb4                xTaskCreate
 .text.prvInitialiseNewTask
                0x0000000008002f36      0x12c ./common/ThridParty/FreeRTOS/tasks.o
 *fill*         0x0000000008003062        0x2 
 .text.prvAddNewTaskToReadyList
                0x0000000008003064      0x118 ./common/ThridParty/FreeRTOS/tasks.o
 .text.xTaskDelayUntil
                0x000000000800317c      0x104 ./common/ThridParty/FreeRTOS/tasks.o
                0x000000000800317c                xTaskDelayUntil
 .text.vTaskStartScheduler
                0x0000000008003280       0xc4 ./common/ThridParty/FreeRTOS/tasks.o
                0x0000000008003280                vTaskStartScheduler
 .text.vTaskSuspendAll
                0x0000000008003344       0x1c ./common/ThridParty/FreeRTOS/tasks.o
                0x0000000008003344                vTaskSuspendAll
 .text.xTaskResumeAll
                0x0000000008003360      0x140 ./common/ThridParty/FreeRTOS/tasks.o
                0x0000000008003360                xTaskResumeAll
 .text.xTaskGetTickCount
                0x00000000080034a0       0x20 ./common/ThridParty/FreeRTOS/tasks.o
                0x00000000080034a0                xTaskGetTickCount
 .text.xTaskGetTickCountFromISR
                0x00000000080034c0       0x24 ./common/ThridParty/FreeRTOS/tasks.o
                0x00000000080034c0                xTaskGetTickCountFromISR
 .text.xTaskIncrementTick
                0x00000000080034e4      0x178 ./common/ThridParty/FreeRTOS/tasks.o
                0x00000000080034e4                xTaskIncrementTick
 .text.vTaskSwitchContext
                0x000000000800365c       0xd4 ./common/ThridParty/FreeRTOS/tasks.o
                0x000000000800365c                vTaskSwitchContext
 .text.vTaskPlaceOnEventList
                0x0000000008003730       0x48 ./common/ThridParty/FreeRTOS/tasks.o
                0x0000000008003730                vTaskPlaceOnEventList
 .text.vTaskPlaceOnEventListRestricted
                0x0000000008003778       0x5c ./common/ThridParty/FreeRTOS/tasks.o
                0x0000000008003778                vTaskPlaceOnEventListRestricted
 .text.xTaskRemoveFromEventList
                0x00000000080037d4       0xcc ./common/ThridParty/FreeRTOS/tasks.o
                0x00000000080037d4                xTaskRemoveFromEventList
 .text.vTaskInternalSetTimeOutState
                0x00000000080038a0       0x2c ./common/ThridParty/FreeRTOS/tasks.o
                0x00000000080038a0                vTaskInternalSetTimeOutState
 .text.xTaskCheckForTimeOut
                0x00000000080038cc       0xcc ./common/ThridParty/FreeRTOS/tasks.o
                0x00000000080038cc                xTaskCheckForTimeOut
 .text.vTaskMissedYield
                0x0000000008003998       0x18 ./common/ThridParty/FreeRTOS/tasks.o
                0x0000000008003998                vTaskMissedYield
 .text.prvIdleTask
                0x00000000080039b0       0x30 ./common/ThridParty/FreeRTOS/tasks.o
 .text.prvInitialiseTaskLists
                0x00000000080039e0       0x80 ./common/ThridParty/FreeRTOS/tasks.o
 .text.prvCheckTasksWaitingTermination
                0x0000000008003a60       0x5c ./common/ThridParty/FreeRTOS/tasks.o
 .text.prvDeleteTCB
                0x0000000008003abc       0x20 ./common/ThridParty/FreeRTOS/tasks.o
 .text.prvResetNextTaskUnblockTime
                0x0000000008003adc       0x38 ./common/ThridParty/FreeRTOS/tasks.o
 .text.xTaskGetSchedulerState
                0x0000000008003b14       0x3c ./common/ThridParty/FreeRTOS/tasks.o
                0x0000000008003b14                xTaskGetSchedulerState
 .text.xTaskPriorityDisinherit
                0x0000000008003b50      0x100 ./common/ThridParty/FreeRTOS/tasks.o
                0x0000000008003b50                xTaskPriorityDisinherit
 .text.prvAddCurrentTaskToDelayedList
                0x0000000008003c50       0xf0 ./common/ThridParty/FreeRTOS/tasks.o
 .text.xTimerCreateTimerTask
                0x0000000008003d40       0x64 ./common/ThridParty/FreeRTOS/timers.o
                0x0000000008003d40                xTimerCreateTimerTask
 .text.xTimerGenericCommand
                0x0000000008003da4       0x9c ./common/ThridParty/FreeRTOS/timers.o
                0x0000000008003da4                xTimerGenericCommand
 .text.prvProcessExpiredTimer
                0x0000000008003e40       0x98 ./common/ThridParty/FreeRTOS/timers.o
 .text.prvTimerTask
                0x0000000008003ed8       0x24 ./common/ThridParty/FreeRTOS/timers.o
 .text.prvProcessTimerOrBlockTask
                0x0000000008003efc       0x9c ./common/ThridParty/FreeRTOS/timers.o
 .text.prvGetNextExpireTime
                0x0000000008003f98       0x48 ./common/ThridParty/FreeRTOS/timers.o
 .text.prvSampleTimeNow
                0x0000000008003fe0       0x40 ./common/ThridParty/FreeRTOS/timers.o
 .text.prvInsertTimerInActiveList
                0x0000000008004020       0x84 ./common/ThridParty/FreeRTOS/timers.o
 .text.prvProcessReceivedCommands
                0x00000000080040a4      0x18c ./common/ThridParty/FreeRTOS/timers.o
 .text.prvSwitchTimerLists
                0x0000000008004230       0xc8 ./common/ThridParty/FreeRTOS/timers.o
 .text.prvCheckForValidListAndQueue
                0x00000000080042f8       0x6c ./common/ThridParty/FreeRTOS/timers.o
 .text.pxPortInitialiseStack
                0x0000000008004364       0x68 ./common/ThridParty/FreeRTOS/portable/GCC/ARM_CM4F/port.o
                0x0000000008004364                pxPortInitialiseStack
 .text.prvTaskExitError
                0x00000000080043cc       0x58 ./common/ThridParty/FreeRTOS/portable/GCC/ARM_CM4F/port.o
 *fill*         0x0000000008004424        0xc 
 .text.SVC_Handler
                0x0000000008004430       0x28 ./common/ThridParty/FreeRTOS/portable/GCC/ARM_CM4F/port.o
                0x0000000008004430                SVC_Handler
 .text.prvPortStartFirstTask
                0x0000000008004458       0x2c ./common/ThridParty/FreeRTOS/portable/GCC/ARM_CM4F/port.o
 .text.xPortStartScheduler
                0x0000000008004484      0x144 ./common/ThridParty/FreeRTOS/portable/GCC/ARM_CM4F/port.o
                0x0000000008004484                xPortStartScheduler
 .text.vInitPrioGroupValue
                0x00000000080045c8       0xfc ./common/ThridParty/FreeRTOS/portable/GCC/ARM_CM4F/port.o
                0x00000000080045c8                vInitPrioGroupValue
 .text.vPortEnterCritical
                0x00000000080046c4       0x60 ./common/ThridParty/FreeRTOS/portable/GCC/ARM_CM4F/port.o
                0x00000000080046c4                vPortEnterCritical
 .text.vPortExitCritical
                0x0000000008004724       0x54 ./common/ThridParty/FreeRTOS/portable/GCC/ARM_CM4F/port.o
                0x0000000008004724                vPortExitCritical
 *fill*         0x0000000008004778        0x8 
 .text.PendSV_Handler
                0x0000000008004780       0x68 ./common/ThridParty/FreeRTOS/portable/GCC/ARM_CM4F/port.o
                0x0000000008004780                PendSV_Handler
 .text.SysTick_Handler
                0x00000000080047e8       0x54 ./common/ThridParty/FreeRTOS/portable/GCC/ARM_CM4F/port.o
                0x00000000080047e8                SysTick_Handler
 .text.vPortSetupTimerInterrupt
                0x000000000800483c       0x48 ./common/ThridParty/FreeRTOS/portable/GCC/ARM_CM4F/port.o
                0x000000000800483c                vPortSetupTimerInterrupt
 .text.vPortEnableVFP
                0x0000000008004884       0x18 ./common/ThridParty/FreeRTOS/portable/GCC/ARM_CM4F/port.o
 .text.vPortValidateInterruptPriority
                0x000000000800489c       0x80 ./common/ThridParty/FreeRTOS/portable/GCC/ARM_CM4F/port.o
                0x000000000800489c                vPortValidateInterruptPriority
 .text.pvPortMalloc
                0x000000000800491c      0x1c0 ./common/ThridParty/FreeRTOS/portable/MemMang/heap_4.o
                0x000000000800491c                pvPortMalloc
 .text.vPortFree
                0x0000000008004adc       0xc4 ./common/ThridParty/FreeRTOS/portable/MemMang/heap_4.o
                0x0000000008004adc                vPortFree
 .text.prvHeapInit
                0x0000000008004ba0       0xc4 ./common/ThridParty/FreeRTOS/portable/MemMang/heap_4.o
 .text.prvInsertBlockIntoFreeList
                0x0000000008004c64       0xb4 ./common/ThridParty/FreeRTOS/portable/MemMang/heap_4.o
 .text._cbSendSystemDesc
                0x0000000008004d18       0x1c ./common/ThridParty/SEGGER/Config/SEGGER_SYSVIEW_Config_FreeRTOS.o
 .text.SEGGER_SYSVIEW_Conf
                0x0000000008004d34       0x2c ./common/ThridParty/SEGGER/Config/SEGGER_SYSVIEW_Config_FreeRTOS.o
                0x0000000008004d34                SEGGER_SYSVIEW_Conf
 .text._cbSendTaskList
                0x0000000008004d60       0x90 ./common/ThridParty/SEGGER/OS/SEGGER_SYSVIEW_FreeRTOS.o
 .text._cbGetTime
                0x0000000008004df0       0x86 ./common/ThridParty/SEGGER/OS/SEGGER_SYSVIEW_FreeRTOS.o
 *fill*         0x0000000008004e76        0x2 
 .text.SYSVIEW_AddTask
                0x0000000008004e78       0xd0 ./common/ThridParty/SEGGER/OS/SEGGER_SYSVIEW_FreeRTOS.o
                0x0000000008004e78                SYSVIEW_AddTask
 .text.SYSVIEW_SendTaskInfo
                0x0000000008004f48       0x42 ./common/ThridParty/SEGGER/OS/SEGGER_SYSVIEW_FreeRTOS.o
                0x0000000008004f48                SYSVIEW_SendTaskInfo
 *fill*         0x0000000008004f8a        0x2 
 .text.__NVIC_EnableIRQ
                0x0000000008004f8c       0x3c ./common/ThridParty/SEGGER/Rec/segger_uart.o
 .text.__NVIC_SetPriority
                0x0000000008004fc8       0x54 ./common/ThridParty/SEGGER/Rec/segger_uart.o
 .text._StartSysView
                0x000000000800501c       0x1e ./common/ThridParty/SEGGER/Rec/segger_uart.o
 *fill*         0x000000000800503a        0x2 
 .text._cbOnUARTRx
                0x000000000800503c       0x40 ./common/ThridParty/SEGGER/Rec/segger_uart.o
 .text._cbOnUARTTx
                0x000000000800507c       0x64 ./common/ThridParty/SEGGER/Rec/segger_uart.o
 .text.SEGGER_UART_init
                0x00000000080050e0       0x24 ./common/ThridParty/SEGGER/Rec/segger_uart.o
                0x00000000080050e0                SEGGER_UART_init
 .text.USART3_IRQHandler
                0x0000000008005104       0x98 ./common/ThridParty/SEGGER/Rec/segger_uart.o
                0x0000000008005104                USART3_IRQHandler
 .text.HIF_UART_EnableTXEInterrupt
                0x000000000800519c       0x20 ./common/ThridParty/SEGGER/Rec/segger_uart.o
                0x000000000800519c                HIF_UART_EnableTXEInterrupt
 .text.HIF_UART_Init
                0x00000000080051bc       0xf4 ./common/ThridParty/SEGGER/Rec/segger_uart.o
                0x00000000080051bc                HIF_UART_Init
 .text._DoInit  0x00000000080052b0       0xb4 ./common/ThridParty/SEGGER/SEGGER/SEGGER_RTT.o
 .text._WriteBlocking
                0x0000000008005364       0xba ./common/ThridParty/SEGGER/SEGGER/SEGGER_RTT.o
 .text._WriteNoCheck
                0x000000000800541e       0x90 ./common/ThridParty/SEGGER/SEGGER/SEGGER_RTT.o
 .text._GetAvailWriteSpace
                0x00000000080054ae       0x46 ./common/ThridParty/SEGGER/SEGGER/SEGGER_RTT.o
 .text.SEGGER_RTT_ReadUpBufferNoLock
                0x00000000080054f4      0x10c ./common/ThridParty/SEGGER/SEGGER/SEGGER_RTT.o
                0x00000000080054f4                SEGGER_RTT_ReadUpBufferNoLock
 .text.SEGGER_RTT_ReadNoLock
                0x0000000008005600      0x10c ./common/ThridParty/SEGGER/SEGGER/SEGGER_RTT.o
                0x0000000008005600                SEGGER_RTT_ReadNoLock
 .text.SEGGER_RTT_WriteDownBufferNoLock
                0x000000000800570c       0xa0 ./common/ThridParty/SEGGER/SEGGER/SEGGER_RTT.o
                0x000000000800570c                SEGGER_RTT_WriteDownBufferNoLock
 .text.SEGGER_RTT_WriteDownBuffer
                0x00000000080057ac       0x4c ./common/ThridParty/SEGGER/SEGGER/SEGGER_RTT.o
                0x00000000080057ac                SEGGER_RTT_WriteDownBuffer
 .text.SEGGER_RTT_AllocUpBuffer
                0x00000000080057f8      0x108 ./common/ThridParty/SEGGER/SEGGER/SEGGER_RTT.o
                0x00000000080057f8                SEGGER_RTT_AllocUpBuffer
 .text.SEGGER_RTT_ConfigDownBuffer
                0x0000000008005900       0x98 ./common/ThridParty/SEGGER/SEGGER/SEGGER_RTT.o
                0x0000000008005900                SEGGER_RTT_ConfigDownBuffer
 .text._EncodeStr
                0x0000000008005998       0x72 ./common/ThridParty/SEGGER/SEGGER/SEGGER_SYSVIEW.o
 .text._PreparePacket
                0x0000000008005a0a       0x18 ./common/ThridParty/SEGGER/SEGGER/SEGGER_SYSVIEW.o
 *fill*         0x0000000008005a22        0x2 
 .text._HandleIncomingPacket
                0x0000000008005a24       0xe0 ./common/ThridParty/SEGGER/SEGGER/SEGGER_SYSVIEW.o
 .text._TrySendOverflowPacket
                0x0000000008005b04       0xe8 ./common/ThridParty/SEGGER/SEGGER/SEGGER_SYSVIEW.o
 .text._SendPacket
                0x0000000008005bec      0x2e0 ./common/ThridParty/SEGGER/SEGGER/SEGGER_SYSVIEW.o
 .text._StoreChar
                0x0000000008005ecc       0xf6 ./common/ThridParty/SEGGER/SEGGER/SEGGER_SYSVIEW.o
 *fill*         0x0000000008005fc2        0x2 
 .text._PrintUnsigned
                0x0000000008005fc4      0x12c ./common/ThridParty/SEGGER/SEGGER/SEGGER_SYSVIEW.o
 .text._PrintInt
                0x00000000080060f0      0x11e ./common/ThridParty/SEGGER/SEGGER/SEGGER_SYSVIEW.o
 *fill*         0x000000000800620e        0x2 
 .text._VPrintTarget
                0x0000000008006210      0x440 ./common/ThridParty/SEGGER/SEGGER/SEGGER_SYSVIEW.o
 .text.SEGGER_SYSVIEW_Init
                0x0000000008006650       0x88 ./common/ThridParty/SEGGER/SEGGER/SEGGER_SYSVIEW.o
                0x0000000008006650                SEGGER_SYSVIEW_Init
 .text.SEGGER_SYSVIEW_SetRAMBase
                0x00000000080066d8       0x20 ./common/ThridParty/SEGGER/SEGGER/SEGGER_SYSVIEW.o
                0x00000000080066d8                SEGGER_SYSVIEW_SetRAMBase
 .text.SEGGER_SYSVIEW_RecordVoid
                0x00000000080066f8       0x3c ./common/ThridParty/SEGGER/SEGGER/SEGGER_SYSVIEW.o
                0x00000000080066f8                SEGGER_SYSVIEW_RecordVoid
 .text.SEGGER_SYSVIEW_RecordU32
                0x0000000008006734       0x78 ./common/ThridParty/SEGGER/SEGGER/SEGGER_SYSVIEW.o
                0x0000000008006734                SEGGER_SYSVIEW_RecordU32
 .text.SEGGER_SYSVIEW_RecordU32x2
                0x00000000080067ac       0xb4 ./common/ThridParty/SEGGER/SEGGER/SEGGER_SYSVIEW.o
                0x00000000080067ac                SEGGER_SYSVIEW_RecordU32x2
 .text.SEGGER_SYSVIEW_RecordU32x3
                0x0000000008006860       0xec ./common/ThridParty/SEGGER/SEGGER/SEGGER_SYSVIEW.o
                0x0000000008006860                SEGGER_SYSVIEW_RecordU32x3
 .text.SEGGER_SYSVIEW_RecordU32x4
                0x000000000800694c      0x124 ./common/ThridParty/SEGGER/SEGGER/SEGGER_SYSVIEW.o
                0x000000000800694c                SEGGER_SYSVIEW_RecordU32x4
 .text.SEGGER_SYSVIEW_Start
                0x0000000008006a70      0x178 ./common/ThridParty/SEGGER/SEGGER/SEGGER_SYSVIEW.o
                0x0000000008006a70                SEGGER_SYSVIEW_Start
 .text.SEGGER_SYSVIEW_Stop
                0x0000000008006be8       0x4c ./common/ThridParty/SEGGER/SEGGER/SEGGER_SYSVIEW.o
                0x0000000008006be8                SEGGER_SYSVIEW_Stop
 .text.SEGGER_SYSVIEW_GetSysDesc
                0x0000000008006c34      0x134 ./common/ThridParty/SEGGER/SEGGER/SEGGER_SYSVIEW.o
                0x0000000008006c34                SEGGER_SYSVIEW_GetSysDesc
 .text.SEGGER_SYSVIEW_SendTaskInfo
                0x0000000008006d68      0x1c8 ./common/ThridParty/SEGGER/SEGGER/SEGGER_SYSVIEW.o
                0x0000000008006d68                SEGGER_SYSVIEW_SendTaskInfo
 .text.SEGGER_SYSVIEW_SendTaskList
                0x0000000008006f30       0x28 ./common/ThridParty/SEGGER/SEGGER/SEGGER_SYSVIEW.o
                0x0000000008006f30                SEGGER_SYSVIEW_SendTaskList
 .text.SEGGER_SYSVIEW_SendSysDesc
                0x0000000008006f58       0x48 ./common/ThridParty/SEGGER/SEGGER/SEGGER_SYSVIEW.o
                0x0000000008006f58                SEGGER_SYSVIEW_SendSysDesc
 .text.SEGGER_SYSVIEW_RecordSystime
                0x0000000008006fa0       0x64 ./common/ThridParty/SEGGER/SEGGER/SEGGER_SYSVIEW.o
                0x0000000008006fa0                SEGGER_SYSVIEW_RecordSystime
 .text.SEGGER_SYSVIEW_RecordEnterISR
                0x0000000008007004       0x84 ./common/ThridParty/SEGGER/SEGGER/SEGGER_SYSVIEW.o
                0x0000000008007004                SEGGER_SYSVIEW_RecordEnterISR
 .text.SEGGER_SYSVIEW_RecordExitISR
                0x0000000008007088       0x38 ./common/ThridParty/SEGGER/SEGGER/SEGGER_SYSVIEW.o
                0x0000000008007088                SEGGER_SYSVIEW_RecordExitISR
 .text.SEGGER_SYSVIEW_RecordExitISRToScheduler
                0x00000000080070c0       0x38 ./common/ThridParty/SEGGER/SEGGER/SEGGER_SYSVIEW.o
                0x00000000080070c0                SEGGER_SYSVIEW_RecordExitISRToScheduler
 .text.SEGGER_SYSVIEW_OnIdle
                0x00000000080070f8       0x38 ./common/ThridParty/SEGGER/SEGGER/SEGGER_SYSVIEW.o
                0x00000000080070f8                SEGGER_SYSVIEW_OnIdle
 .text.SEGGER_SYSVIEW_OnTaskCreate
                0x0000000008007130       0x84 ./common/ThridParty/SEGGER/SEGGER/SEGGER_SYSVIEW.o
                0x0000000008007130                SEGGER_SYSVIEW_OnTaskCreate
 .text.SEGGER_SYSVIEW_OnTaskStartExec
                0x00000000080071b4       0x84 ./common/ThridParty/SEGGER/SEGGER/SEGGER_SYSVIEW.o
                0x00000000080071b4                SEGGER_SYSVIEW_OnTaskStartExec
 .text.SEGGER_SYSVIEW_OnTaskStartReady
                0x0000000008007238       0x84 ./common/ThridParty/SEGGER/SEGGER/SEGGER_SYSVIEW.o
                0x0000000008007238                SEGGER_SYSVIEW_OnTaskStartReady
 .text.SEGGER_SYSVIEW_OnTaskStopReady
                0x00000000080072bc       0xc0 ./common/ThridParty/SEGGER/SEGGER/SEGGER_SYSVIEW.o
                0x00000000080072bc                SEGGER_SYSVIEW_OnTaskStopReady
 .text.SEGGER_SYSVIEW_ShrinkId
                0x000000000800737c       0x20 ./common/ThridParty/SEGGER/SEGGER/SEGGER_SYSVIEW.o
                0x000000000800737c                SEGGER_SYSVIEW_ShrinkId
 .text.SEGGER_SYSVIEW_SendModule
                0x000000000800739c      0x114 ./common/ThridParty/SEGGER/SEGGER/SEGGER_SYSVIEW.o
                0x000000000800739c                SEGGER_SYSVIEW_SendModule
 .text.SEGGER_SYSVIEW_SendModuleDescription
                0x00000000080074b0       0x3c ./common/ThridParty/SEGGER/SEGGER/SEGGER_SYSVIEW.o
                0x00000000080074b0                SEGGER_SYSVIEW_SendModuleDescription
 .text.SEGGER_SYSVIEW_SendNumModules
                0x00000000080074ec       0x7c ./common/ThridParty/SEGGER/SEGGER/SEGGER_SYSVIEW.o
                0x00000000080074ec                SEGGER_SYSVIEW_SendNumModules
 .text.SEGGER_SYSVIEW_PrintfTarget
                0x0000000008007568       0x28 ./common/ThridParty/SEGGER/SEGGER/SEGGER_SYSVIEW.o
                0x0000000008007568                SEGGER_SYSVIEW_PrintfTarget
 .text.SEGGER_SYSVIEW_Warn
                0x0000000008007590       0xb8 ./common/ThridParty/SEGGER/SEGGER/SEGGER_SYSVIEW.o
                0x0000000008007590                SEGGER_SYSVIEW_Warn
 .text.SEGGER_SYSVIEW_IsStarted
                0x0000000008007648       0x5c ./common/ThridParty/SEGGER/SEGGER/SEGGER_SYSVIEW.o
                0x0000000008007648                SEGGER_SYSVIEW_IsStarted
 .text.__libc_init_array
                0x00000000080076a4       0x48 c:/st/stm32cubeide_1.10.0/stm32cubeide/plugins/com.st.stm32cube.ide.mcu.externaltools.gnu-tools-for-stm32.10.3-2021.10.win32_1.0.0.202111181127/tools/bin/../lib/gcc/arm-none-eabi/10.3.1/../../../../arm-none-eabi/lib/thumb/v7e-m+dp/hard\libc_nano.a(lib_a-init.o)
                0x00000000080076a4                __libc_init_array
 .text.memcmp   0x00000000080076ec       0x20 c:/st/stm32cubeide_1.10.0/stm32cubeide/plugins/com.st.stm32cube.ide.mcu.externaltools.gnu-tools-for-stm32.10.3-2021.10.win32_1.0.0.202111181127/tools/bin/../lib/gcc/arm-none-eabi/10.3.1/../../../../arm-none-eabi/lib/thumb/v7e-m+dp/hard\libc_nano.a(lib_a-memcmp.o)
                0x00000000080076ec                memcmp
 .text.memcpy   0x000000000800770c       0x1c c:/st/stm32cubeide_1.10.0/stm32cubeide/plugins/com.st.stm32cube.ide.mcu.externaltools.gnu-tools-for-stm32.10.3-2021.10.win32_1.0.0.202111181127/tools/bin/../lib/gcc/arm-none-eabi/10.3.1/../../../../arm-none-eabi/lib/thumb/v7e-m+dp/hard\libc_nano.a(lib_a-memcpy-stub.o)
                0x000000000800770c                memcpy
 .text.memset   0x0000000008007728       0x10 c:/st/stm32cubeide_1.10.0/stm32cubeide/plugins/com.st.stm32cube.ide.mcu.externaltools.gnu-tools-for-stm32.10.3-2021.10.win32_1.0.0.202111181127/tools/bin/../lib/gcc/arm-none-eabi/10.3.1/../../../../arm-none-eabi/lib/thumb/v7e-m+dp/hard\libc_nano.a(lib_a-memset.o)
                0x0000000008007728                memset
 *(.glue_7)
 .glue_7        0x0000000008007738        0x0 linker stubs
 *(.glue_7t)
 .glue_7t       0x0000000008007738        0x0 linker stubs
 *(.eh_frame)
 .eh_frame      0x0000000008007738        0x0 c:/st/stm32cubeide_1.10.0/stm32cubeide/plugins/com.st.stm32cube.ide.mcu.externaltools.gnu-tools-for-stm32.10.3-2021.10.win32_1.0.0.202111181127/tools/bin/../lib/gcc/arm-none-eabi/10.3.1/thumb/v7e-m+dp/hard/crtbegin.o
 *(.init)
 .init          0x0000000008007738        0x4 c:/st/stm32cubeide_1.10.0/stm32cubeide/plugins/com.st.stm32cube.ide.mcu.externaltools.gnu-tools-for-stm32.10.3-2021.10.win32_1.0.0.202111181127/tools/bin/../lib/gcc/arm-none-eabi/10.3.1/thumb/v7e-m+dp/hard/crti.o
                0x0000000008007738                _init
 .init          0x000000000800773c        0x8 c:/st/stm32cubeide_1.10.0/stm32cubeide/plugins/com.st.stm32cube.ide.mcu.externaltools.gnu-tools-for-stm32.10.3-2021.10.win32_1.0.0.202111181127/tools/bin/../lib/gcc/arm-none-eabi/10.3.1/thumb/v7e-m+dp/hard/crtn.o
 *(.fini)
 .fini          0x0000000008007744        0x4 c:/st/stm32cubeide_1.10.0/stm32cubeide/plugins/com.st.stm32cube.ide.mcu.externaltools.gnu-tools-for-stm32.10.3-2021.10.win32_1.0.0.202111181127/tools/bin/../lib/gcc/arm-none-eabi/10.3.1/thumb/v7e-m+dp/hard/crti.o
                0x0000000008007744                _fini
 .fini          0x0000000008007748        0x8 c:/st/stm32cubeide_1.10.0/stm32cubeide/plugins/com.st.stm32cube.ide.mcu.externaltools.gnu-tools-for-stm32.10.3-2021.10.win32_1.0.0.202111181127/tools/bin/../lib/gcc/arm-none-eabi/10.3.1/thumb/v7e-m+dp/hard/crtn.o
                0x0000000008007750                . = ALIGN (0x4)
                0x0000000008007750                _etext = .

.vfp11_veneer   0x0000000008007750        0x0
 .vfp11_veneer  0x0000000008007750        0x0 linker stubs

.v4_bx          0x0000000008007750        0x0
 .v4_bx         0x0000000008007750        0x0 linker stubs

.iplt           0x0000000008007750        0x0
 .iplt          0x0000000008007750        0x0 c:/st/stm32cubeide_1.10.0/stm32cubeide/plugins/com.st.stm32cube.ide.mcu.externaltools.gnu-tools-for-stm32.10.3-2021.10.win32_1.0.0.202111181127/tools/bin/../lib/gcc/arm-none-eabi/10.3.1/thumb/v7e-m+dp/hard/crtbegin.o

.rodata         0x0000000008007750      0x198
                0x0000000008007750                . = ALIGN (0x4)
 *(.rodata)
 .rodata        0x0000000008007750       0x69 ./Core/Src/main.o
 *fill*         0x00000000080077b9        0x3 
 .rodata        0x00000000080077bc        0x5 ./common/ThridParty/FreeRTOS/tasks.o
 *fill*         0x00000000080077c1        0x3 
 .rodata        0x00000000080077c4        0xd ./common/ThridParty/FreeRTOS/timers.o
 *fill*         0x00000000080077d1        0x3 
 .rodata        0x00000000080077d4       0x49 ./common/ThridParty/SEGGER/Config/SEGGER_SYSVIEW_Config_FreeRTOS.o
 *fill*         0x000000000800781d        0x3 
 .rodata        0x0000000008007820       0x58 ./common/ThridParty/SEGGER/OS/SEGGER_SYSVIEW_FreeRTOS.o
 .rodata        0x0000000008007878        0x9 ./common/ThridParty/SEGGER/SEGGER/SEGGER_RTT.o
 *fill*         0x0000000008007881        0x3 
 .rodata        0x0000000008007884       0x10 ./common/ThridParty/SEGGER/SEGGER/SEGGER_SYSVIEW.o
 *(.rodata*)
 .rodata.AHBPrescTable
                0x0000000008007894       0x10 ./Core/Src/system_stm32f7xx.o
                0x0000000008007894                AHBPrescTable
 .rodata.APBPrescTable
                0x00000000080078a4        0x8 ./Core/Src/system_stm32f7xx.o
                0x00000000080078a4                APBPrescTable
 .rodata.SYSVIEW_X_OS_TraceAPI
                0x00000000080078ac        0x8 ./common/ThridParty/SEGGER/OS/SEGGER_SYSVIEW_FreeRTOS.o
                0x00000000080078ac                SYSVIEW_X_OS_TraceAPI
 .rodata._abHelloMsg
                0x00000000080078b4        0x4 ./common/ThridParty/SEGGER/Rec/segger_uart.o
 .rodata._aInitStr.0
                0x00000000080078b8       0x11 ./common/ThridParty/SEGGER/SEGGER/SEGGER_RTT.o
 *fill*         0x00000000080078c9        0x3 
 .rodata._abSync
                0x00000000080078cc        0xa ./common/ThridParty/SEGGER/SEGGER/SEGGER_SYSVIEW.o
 *fill*         0x00000000080078d6        0x2 
 .rodata._aV2C.0
                0x00000000080078d8       0x10 ./common/ThridParty/SEGGER/SEGGER/SEGGER_SYSVIEW.o
                0x00000000080078e8                . = ALIGN (0x4)

.ARM.extab      0x00000000080078e8        0x0
                0x00000000080078e8                . = ALIGN (0x4)
 *(.ARM.extab* .gnu.linkonce.armextab.*)
                0x00000000080078e8                . = ALIGN (0x4)

.ARM            0x00000000080078e8        0x8
                0x00000000080078e8                . = ALIGN (0x4)
                0x00000000080078e8                __exidx_start = .
 *(.ARM.exidx*)
 .ARM.exidx     0x00000000080078e8        0x8 c:/st/stm32cubeide_1.10.0/stm32cubeide/plugins/com.st.stm32cube.ide.mcu.externaltools.gnu-tools-for-stm32.10.3-2021.10.win32_1.0.0.202111181127/tools/bin/../lib/gcc/arm-none-eabi/10.3.1/thumb/v7e-m+dp/hard\libgcc.a(_udivmoddi4.o)
                0x00000000080078f0                __exidx_end = .
                0x00000000080078f0                . = ALIGN (0x4)

.rel.dyn        0x00000000080078f0        0x0
 .rel.iplt      0x00000000080078f0        0x0 c:/st/stm32cubeide_1.10.0/stm32cubeide/plugins/com.st.stm32cube.ide.mcu.externaltools.gnu-tools-for-stm32.10.3-2021.10.win32_1.0.0.202111181127/tools/bin/../lib/gcc/arm-none-eabi/10.3.1/thumb/v7e-m+dp/hard/crtbegin.o

.preinit_array  0x00000000080078f0        0x0
                0x00000000080078f0                . = ALIGN (0x4)
                0x00000000080078f0                PROVIDE (__preinit_array_start = .)
 *(.preinit_array*)
                0x00000000080078f0                PROVIDE (__preinit_array_end = .)
                0x00000000080078f0                . = ALIGN (0x4)

.init_array     0x00000000080078f0        0x4
                0x00000000080078f0                . = ALIGN (0x4)
                0x00000000080078f0                PROVIDE (__init_array_start = .)
 *(SORT_BY_NAME(.init_array.*))
 *(.init_array*)
 .init_array    0x00000000080078f0        0x4 c:/st/stm32cubeide_1.10.0/stm32cubeide/plugins/com.st.stm32cube.ide.mcu.externaltools.gnu-tools-for-stm32.10.3-2021.10.win32_1.0.0.202111181127/tools/bin/../lib/gcc/arm-none-eabi/10.3.1/thumb/v7e-m+dp/hard/crtbegin.o
                0x00000000080078f4                PROVIDE (__init_array_end = .)
                0x00000000080078f4                . = ALIGN (0x4)

.fini_array     0x00000000080078f4        0x4
                0x00000000080078f4                . = ALIGN (0x4)
                [!provide]                        PROVIDE (__fini_array_start = .)
 *(SORT_BY_NAME(.fini_array.*))
 *(.fini_array*)
 .fini_array    0x00000000080078f4        0x4 c:/st/stm32cubeide_1.10.0/stm32cubeide/plugins/com.st.stm32cube.ide.mcu.externaltools.gnu-tools-for-stm32.10.3-2021.10.win32_1.0.0.202111181127/tools/bin/../lib/gcc/arm-none-eabi/10.3.1/thumb/v7e-m+dp/hard/crtbegin.o
                [!provide]                        PROVIDE (__fini_array_end = .)
                0x00000000080078f8                . = ALIGN (0x4)
                0x00000000080078f8                _sidata = LOADADDR (.data)

.data           0x0000000020000000       0x1c load address 0x00000000080078f8
                0x0000000020000000                . = ALIGN (0x4)
                0x0000000020000000                _sdata = .
 *(.data)
 *(.data*)
 .data.SystemCoreClock
                0x0000000020000000        0x4 ./Core/Src/system_stm32f7xx.o
                0x0000000020000000                SystemCoreClock
 .data.uwTickPrio
                0x0000000020000004        0x4 ./Drivers/STM32F7xx_HAL_Driver/Src/stm32f7xx_hal.o
                0x0000000020000004                uwTickPrio
 .data.uwTickFreq
                0x0000000020000008        0x1 ./Drivers/STM32F7xx_HAL_Driver/Src/stm32f7xx_hal.o
                0x0000000020000008                uwTickFreq
 *fill*         0x0000000020000009        0x3 
 .data.uxTopUsedPriority
                0x000000002000000c        0x4 ./common/ThridParty/FreeRTOS/tasks.o
                0x000000002000000c                uxTopUsedPriority
 .data.uxCriticalNesting
                0x0000000020000010        0x4 ./common/ThridParty/FreeRTOS/portable/GCC/ARM_CM4F/port.o
 .data._SVInfo  0x0000000020000014        0x8 ./common/ThridParty/SEGGER/Rec/segger_uart.o
 *(.RamFunc)
 *(.RamFunc*)
                0x000000002000001c                . = ALIGN (0x4)
                0x000000002000001c                _edata = .

.igot.plt       0x000000002000001c        0x0 load address 0x0000000008007914
 .igot.plt      0x000000002000001c        0x0 c:/st/stm32cubeide_1.10.0/stm32cubeide/plugins/com.st.stm32cube.ide.mcu.externaltools.gnu-tools-for-stm32.10.3-2021.10.win32_1.0.0.202111181127/tools/bin/../lib/gcc/arm-none-eabi/10.3.1/thumb/v7e-m+dp/hard/crtbegin.o
                0x000000002000001c                . = ALIGN (0x4)

.bss            0x000000002000001c    0x14494 load address 0x0000000008007914
                0x000000002000001c                _sbss = .
                0x000000002000001c                __bss_start__ = _sbss
 *(.bss)
 .bss           0x000000002000001c       0x1c c:/st/stm32cubeide_1.10.0/stm32cubeide/plugins/com.st.stm32cube.ide.mcu.externaltools.gnu-tools-for-stm32.10.3-2021.10.win32_1.0.0.202111181127/tools/bin/../lib/gcc/arm-none-eabi/10.3.1/thumb/v7e-m+dp/hard/crtbegin.o
 *(.bss*)
 .bss.htim6     0x0000000020000038       0x4c ./Core/Src/stm32f7xx_hal_timebase_tim.o
                0x0000000020000038                htim6
 .bss.uwTick    0x0000000020000084        0x4 ./Drivers/STM32F7xx_HAL_Driver/Src/stm32f7xx_hal.o
                0x0000000020000084                uwTick
 .bss.xQueueRegistry
                0x0000000020000088       0x40 ./common/ThridParty/FreeRTOS/queue.o
                0x0000000020000088                xQueueRegistry
 .bss.pxCurrentTCB
                0x00000000200000c8        0x4 ./common/ThridParty/FreeRTOS/tasks.o
                0x00000000200000c8                pxCurrentTCB
 .bss.pxReadyTasksLists
                0x00000000200000cc       0x64 ./common/ThridParty/FreeRTOS/tasks.o
 .bss.xDelayedTaskList1
                0x0000000020000130       0x14 ./common/ThridParty/FreeRTOS/tasks.o
 .bss.xDelayedTaskList2
                0x0000000020000144       0x14 ./common/ThridParty/FreeRTOS/tasks.o
 .bss.pxDelayedTaskList
                0x0000000020000158        0x4 ./common/ThridParty/FreeRTOS/tasks.o
 .bss.pxOverflowDelayedTaskList
                0x000000002000015c        0x4 ./common/ThridParty/FreeRTOS/tasks.o
 .bss.xPendingReadyList
                0x0000000020000160       0x14 ./common/ThridParty/FreeRTOS/tasks.o
 .bss.xTasksWaitingTermination
                0x0000000020000174       0x14 ./common/ThridParty/FreeRTOS/tasks.o
 .bss.uxDeletedTasksWaitingCleanUp
                0x0000000020000188        0x4 ./common/ThridParty/FreeRTOS/tasks.o
 .bss.xSuspendedTaskList
                0x000000002000018c       0x14 ./common/ThridParty/FreeRTOS/tasks.o
 .bss.uxCurrentNumberOfTasks
                0x00000000200001a0        0x4 ./common/ThridParty/FreeRTOS/tasks.o
 .bss.xTickCount
                0x00000000200001a4        0x4 ./common/ThridParty/FreeRTOS/tasks.o
 .bss.uxTopReadyPriority
                0x00000000200001a8        0x4 ./common/ThridParty/FreeRTOS/tasks.o
 .bss.xSchedulerRunning
                0x00000000200001ac        0x4 ./common/ThridParty/FreeRTOS/tasks.o
 .bss.xPendedTicks
                0x00000000200001b0        0x4 ./common/ThridParty/FreeRTOS/tasks.o
 .bss.xYieldPending
                0x00000000200001b4        0x4 ./common/ThridParty/FreeRTOS/tasks.o
 .bss.xNumOfOverflows
                0x00000000200001b8        0x4 ./common/ThridParty/FreeRTOS/tasks.o
 .bss.uxTaskNumber
                0x00000000200001bc        0x4 ./common/ThridParty/FreeRTOS/tasks.o
 .bss.xNextTaskUnblockTime
                0x00000000200001c0        0x4 ./common/ThridParty/FreeRTOS/tasks.o
 .bss.xIdleTaskHandle
                0x00000000200001c4        0x4 ./common/ThridParty/FreeRTOS/tasks.o
 .bss.uxSchedulerSuspended
                0x00000000200001c8        0x4 ./common/ThridParty/FreeRTOS/tasks.o
 .bss.xActiveTimerList1
                0x00000000200001cc       0x14 ./common/ThridParty/FreeRTOS/timers.o
 .bss.xActiveTimerList2
                0x00000000200001e0       0x14 ./common/ThridParty/FreeRTOS/timers.o
 .bss.pxCurrentTimerList
                0x00000000200001f4        0x4 ./common/ThridParty/FreeRTOS/timers.o
 .bss.pxOverflowTimerList
                0x00000000200001f8        0x4 ./common/ThridParty/FreeRTOS/timers.o
 .bss.xTimerQueue
                0x00000000200001fc        0x4 ./common/ThridParty/FreeRTOS/timers.o
 .bss.xTimerTaskHandle
                0x0000000020000200        0x4 ./common/ThridParty/FreeRTOS/timers.o
 .bss.xLastTime.0
                0x0000000020000204        0x4 ./common/ThridParty/FreeRTOS/timers.o
 .bss.ucMaxSysCallPriority
                0x0000000020000208        0x1 ./common/ThridParty/FreeRTOS/portable/GCC/ARM_CM4F/port.o
 *fill*         0x0000000020000209        0x3 
 .bss.ulMaxPRIGROUPValue
                0x000000002000020c        0x4 ./common/ThridParty/FreeRTOS/portable/GCC/ARM_CM4F/port.o
 .bss.ucHeap    0x0000000020000210    0x12c00 ./common/ThridParty/FreeRTOS/portable/MemMang/heap_4.o
 .bss.xStart    0x0000000020012e10        0x8 ./common/ThridParty/FreeRTOS/portable/MemMang/heap_4.o
 .bss.pxEnd     0x0000000020012e18        0x4 ./common/ThridParty/FreeRTOS/portable/MemMang/heap_4.o
 .bss.xFreeBytesRemaining
                0x0000000020012e1c        0x4 ./common/ThridParty/FreeRTOS/portable/MemMang/heap_4.o
 .bss.xMinimumEverFreeBytesRemaining
                0x0000000020012e20        0x4 ./common/ThridParty/FreeRTOS/portable/MemMang/heap_4.o
 .bss.xNumberOfSuccessfulAllocations
                0x0000000020012e24        0x4 ./common/ThridParty/FreeRTOS/portable/MemMang/heap_4.o
 .bss.xNumberOfSuccessfulFrees
                0x0000000020012e28        0x4 ./common/ThridParty/FreeRTOS/portable/MemMang/heap_4.o
 .bss.xBlockAllocatedBit
                0x0000000020012e2c        0x4 ./common/ThridParty/FreeRTOS/portable/MemMang/heap_4.o
 .bss._aTasks   0x0000000020012e30       0xa0 ./common/ThridParty/SEGGER/OS/SEGGER_SYSVIEW_FreeRTOS.o
 .bss._NumTasks
                0x0000000020012ed0        0x4 ./common/ThridParty/SEGGER/OS/SEGGER_SYSVIEW_FreeRTOS.o
 .bss._cbOnRx   0x0000000020012ed4        0x4 ./common/ThridParty/SEGGER/Rec/segger_uart.o
 .bss._cbOnTx   0x0000000020012ed8        0x4 ./common/ThridParty/SEGGER/Rec/segger_uart.o
 .bss._SEGGER_RTT
                0x0000000020012edc       0xa8 ./common/ThridParty/SEGGER/SEGGER/SEGGER_RTT.o
                0x0000000020012edc                _SEGGER_RTT
 .bss._acUpBuffer
                0x0000000020012f84      0x400 ./common/ThridParty/SEGGER/SEGGER/SEGGER_RTT.o
 .bss._acDownBuffer
                0x0000000020013384       0x10 ./common/ThridParty/SEGGER/SEGGER/SEGGER_RTT.o
 .bss._UpBuffer
                0x0000000020013394     0x1000 ./common/ThridParty/SEGGER/SEGGER/SEGGER_SYSVIEW.o
 .bss._DownBuffer
                0x0000000020014394        0x8 ./common/ThridParty/SEGGER/SEGGER/SEGGER_SYSVIEW.o
 .bss._SYSVIEW_Globals
                0x000000002001439c       0x28 ./common/ThridParty/SEGGER/SEGGER/SEGGER_SYSVIEW.o
 .bss._pFirstModule
                0x00000000200143c4        0x4 ./common/ThridParty/SEGGER/SEGGER/SEGGER_SYSVIEW.o
 .bss._NumModules
                0x00000000200143c8        0x1 ./common/ThridParty/SEGGER/SEGGER/SEGGER_SYSVIEW.o
 *fill*         0x00000000200143c9        0x3 
 .bss._aPacket  0x00000000200143cc       0xe3 ./common/ThridParty/SEGGER/SEGGER/SEGGER_SYSVIEW.o
 *(COMMON)
                0x00000000200144b0                . = ALIGN (0x4)
 *fill*         0x00000000200144af        0x1 
                0x00000000200144b0                _ebss = .
                0x00000000200144b0                __bss_end__ = _ebss

._user_heap_stack
                0x00000000200144b0      0x600 load address 0x0000000008007914
                0x00000000200144b0                . = ALIGN (0x8)
                [!provide]                        PROVIDE (end = .)
                0x00000000200144b0                PROVIDE (_end = .)
                0x00000000200146b0                . = (. + _Min_Heap_Size)
 *fill*         0x00000000200144b0      0x200 
                0x0000000020014ab0                . = (. + _Min_Stack_Size)
 *fill*         0x00000000200146b0      0x400 
                0x0000000020014ab0                . = ALIGN (0x8)

/DISCARD/
 libc.a(*)
 libm.a(*)
 libgcc.a(*)

.ARM.attributes
                0x0000000000000000       0x2e
 *(.ARM.attributes)
 .ARM.attributes
                0x0000000000000000       0x1e c:/st/stm32cubeide_1.10.0/stm32cubeide/plugins/com.st.stm32cube.ide.mcu.externaltools.gnu-tools-for-stm32.10.3-2021.10.win32_1.0.0.202111181127/tools/bin/../lib/gcc/arm-none-eabi/10.3.1/thumb/v7e-m+dp/hard/crti.o
 .ARM.attributes
                0x000000000000001e       0x32 c:/st/stm32cubeide_1.10.0/stm32cubeide/plugins/com.st.stm32cube.ide.mcu.externaltools.gnu-tools-for-stm32.10.3-2021.10.win32_1.0.0.202111181127/tools/bin/../lib/gcc/arm-none-eabi/10.3.1/thumb/v7e-m+dp/hard/crtbegin.o
 .ARM.attributes
                0x0000000000000050       0x32 ./Core/Src/gpio.o
 .ARM.attributes
                0x0000000000000082       0x32 ./Core/Src/main.o
 .ARM.attributes
                0x00000000000000b4       0x32 ./Core/Src/stm32f7xx_hal_msp.o
 .ARM.attributes
                0x00000000000000e6       0x32 ./Core/Src/stm32f7xx_hal_timebase_tim.o
 .ARM.attributes
                0x0000000000000118       0x32 ./Core/Src/stm32f7xx_it.o
 .ARM.attributes
                0x000000000000014a       0x32 ./Core/Src/system_stm32f7xx.o
 .ARM.attributes
                0x000000000000017c       0x21 ./Core/Startup/startup_stm32f767zitx.o
 .ARM.attributes
                0x000000000000019d       0x32 ./Drivers/STM32F7xx_HAL_Driver/Src/stm32f7xx_hal.o
 .ARM.attributes
                0x00000000000001cf       0x32 ./Drivers/STM32F7xx_HAL_Driver/Src/stm32f7xx_hal_cortex.o
 .ARM.attributes
                0x0000000000000201       0x32 ./Drivers/STM32F7xx_HAL_Driver/Src/stm32f7xx_hal_gpio.o
 .ARM.attributes
                0x0000000000000233       0x32 ./Drivers/STM32F7xx_HAL_Driver/Src/stm32f7xx_hal_pwr_ex.o
 .ARM.attributes
                0x0000000000000265       0x32 ./Drivers/STM32F7xx_HAL_Driver/Src/stm32f7xx_hal_rcc.o
 .ARM.attributes
                0x0000000000000297       0x32 ./Drivers/STM32F7xx_HAL_Driver/Src/stm32f7xx_hal_tim.o
 .ARM.attributes
                0x00000000000002c9       0x32 ./Drivers/STM32F7xx_HAL_Driver/Src/stm32f7xx_hal_tim_ex.o
 .ARM.attributes
                0x00000000000002fb       0x32 ./common/ThridParty/FreeRTOS/list.o
 .ARM.attributes
                0x000000000000032d       0x32 ./common/ThridParty/FreeRTOS/queue.o
 .ARM.attributes
                0x000000000000035f       0x32 ./common/ThridParty/FreeRTOS/tasks.o
 .ARM.attributes
                0x0000000000000391       0x32 ./common/ThridParty/FreeRTOS/timers.o
 .ARM.attributes
                0x00000000000003c3       0x32 ./common/ThridParty/FreeRTOS/portable/GCC/ARM_CM4F/port.o
 .ARM.attributes
                0x00000000000003f5       0x32 ./common/ThridParty/FreeRTOS/portable/MemMang/heap_4.o
 .ARM.attributes
                0x0000000000000427       0x32 ./common/ThridParty/SEGGER/Config/SEGGER_SYSVIEW_Config_FreeRTOS.o
 .ARM.attributes
                0x0000000000000459       0x32 ./common/ThridParty/SEGGER/OS/SEGGER_SYSVIEW_FreeRTOS.o
 .ARM.attributes
                0x000000000000048b       0x32 ./common/ThridParty/SEGGER/Rec/segger_uart.o
 .ARM.attributes
                0x00000000000004bd       0x32 ./common/ThridParty/SEGGER/SEGGER/SEGGER_RTT.o
 .ARM.attributes
                0x00000000000004ef       0x1e ./common/ThridParty/SEGGER/SEGGER/SEGGER_RTT_ASM_ARMv7M.o
 .ARM.attributes
                0x000000000000050d       0x32 ./common/ThridParty/SEGGER/SEGGER/SEGGER_SYSVIEW.o
 .ARM.attributes
                0x000000000000053f       0x32 c:/st/stm32cubeide_1.10.0/stm32cubeide/plugins/com.st.stm32cube.ide.mcu.externaltools.gnu-tools-for-stm32.10.3-2021.10.win32_1.0.0.202111181127/tools/bin/../lib/gcc/arm-none-eabi/10.3.1/../../../../arm-none-eabi/lib/thumb/v7e-m+dp/hard\libc_nano.a(lib_a-init.o)
 .ARM.attributes
                0x0000000000000571       0x32 c:/st/stm32cubeide_1.10.0/stm32cubeide/plugins/com.st.stm32cube.ide.mcu.externaltools.gnu-tools-for-stm32.10.3-2021.10.win32_1.0.0.202111181127/tools/bin/../lib/gcc/arm-none-eabi/10.3.1/../../../../arm-none-eabi/lib/thumb/v7e-m+dp/hard\libc_nano.a(lib_a-memcmp.o)
 .ARM.attributes
                0x00000000000005a3       0x32 c:/st/stm32cubeide_1.10.0/stm32cubeide/plugins/com.st.stm32cube.ide.mcu.externaltools.gnu-tools-for-stm32.10.3-2021.10.win32_1.0.0.202111181127/tools/bin/../lib/gcc/arm-none-eabi/10.3.1/../../../../arm-none-eabi/lib/thumb/v7e-m+dp/hard\libc_nano.a(lib_a-memcpy-stub.o)
 .ARM.attributes
                0x00000000000005d5       0x32 c:/st/stm32cubeide_1.10.0/stm32cubeide/plugins/com.st.stm32cube.ide.mcu.externaltools.gnu-tools-for-stm32.10.3-2021.10.win32_1.0.0.202111181127/tools/bin/../lib/gcc/arm-none-eabi/10.3.1/../../../../arm-none-eabi/lib/thumb/v7e-m+dp/hard\libc_nano.a(lib_a-memset.o)
 .ARM.attributes
                0x0000000000000607       0x1e c:/st/stm32cubeide_1.10.0/stm32cubeide/plugins/com.st.stm32cube.ide.mcu.externaltools.gnu-tools-for-stm32.10.3-2021.10.win32_1.0.0.202111181127/tools/bin/../lib/gcc/arm-none-eabi/10.3.1/thumb/v7e-m+dp/hard\libgcc.a(_aeabi_uldivmod.o)
 .ARM.attributes
                0x0000000000000625       0x32 c:/st/stm32cubeide_1.10.0/stm32cubeide/plugins/com.st.stm32cube.ide.mcu.externaltools.gnu-tools-for-stm32.10.3-2021.10.win32_1.0.0.202111181127/tools/bin/../lib/gcc/arm-none-eabi/10.3.1/thumb/v7e-m+dp/hard\libgcc.a(_udivmoddi4.o)
 .ARM.attributes
                0x0000000000000657       0x1e c:/st/stm32cubeide_1.10.0/stm32cubeide/plugins/com.st.stm32cube.ide.mcu.externaltools.gnu-tools-for-stm32.10.3-2021.10.win32_1.0.0.202111181127/tools/bin/../lib/gcc/arm-none-eabi/10.3.1/thumb/v7e-m+dp/hard\libgcc.a(_dvmd_tls.o)
 .ARM.attributes
                0x0000000000000675       0x1e c:/st/stm32cubeide_1.10.0/stm32cubeide/plugins/com.st.stm32cube.ide.mcu.externaltools.gnu-tools-for-stm32.10.3-2021.10.win32_1.0.0.202111181127/tools/bin/../lib/gcc/arm-none-eabi/10.3.1/thumb/v7e-m+dp/hard/crtn.o
OUTPUT(004Task.elf elf32-littlearm)
LOAD linker stubs
LOAD c:/st/stm32cubeide_1.10.0/stm32cubeide/plugins/com.st.stm32cube.ide.mcu.externaltools.gnu-tools-for-stm32.10.3-2021.10.win32_1.0.0.202111181127/tools/bin/../lib/gcc/arm-none-eabi/10.3.1/../../../../arm-none-eabi/lib/thumb/v7e-m+dp/hard\libc.a
LOAD c:/st/stm32cubeide_1.10.0/stm32cubeide/plugins/com.st.stm32cube.ide.mcu.externaltools.gnu-tools-for-stm32.10.3-2021.10.win32_1.0.0.202111181127/tools/bin/../lib/gcc/arm-none-eabi/10.3.1/../../../../arm-none-eabi/lib/thumb/v7e-m+dp/hard\libm.a
LOAD c:/st/stm32cubeide_1.10.0/stm32cubeide/plugins/com.st.stm32cube.ide.mcu.externaltools.gnu-tools-for-stm32.10.3-2021.10.win32_1.0.0.202111181127/tools/bin/../lib/gcc/arm-none-eabi/10.3.1/thumb/v7e-m+dp/hard\libgcc.a

.debug_info     0x0000000000000000    0x17766
 .debug_info    0x0000000000000000      0x4ed ./Core/Src/gpio.o
 .debug_info    0x00000000000004ed      0xf0e ./Core/Src/main.o
 .debug_info    0x00000000000013fb      0x2e8 ./Core/Src/stm32f7xx_hal_msp.o
 .debug_info    0x00000000000016e3      0xd7e ./Core/Src/stm32f7xx_hal_timebase_tim.o
 .debug_info    0x0000000000002461      0x75f ./Core/Src/stm32f7xx_it.o
 .debug_info    0x0000000000002bc0      0x72c ./Core/Src/system_stm32f7xx.o
 .debug_info    0x00000000000032ec       0x22 ./Core/Startup/startup_stm32f767zitx.o
 .debug_info    0x000000000000330e      0xa82 ./Drivers/STM32F7xx_HAL_Driver/Src/stm32f7xx_hal.o
 .debug_info    0x0000000000003d90     0x10d1 ./Drivers/STM32F7xx_HAL_Driver/Src/stm32f7xx_hal_cortex.o
 .debug_info    0x0000000000004e61      0x7a2 ./Drivers/STM32F7xx_HAL_Driver/Src/stm32f7xx_hal_gpio.o
 .debug_info    0x0000000000005603      0x92e ./Drivers/STM32F7xx_HAL_Driver/Src/stm32f7xx_hal_pwr_ex.o
 .debug_info    0x0000000000005f31      0x9f8 ./Drivers/STM32F7xx_HAL_Driver/Src/stm32f7xx_hal_rcc.o
 .debug_info    0x0000000000006929     0x2d63 ./Drivers/STM32F7xx_HAL_Driver/Src/stm32f7xx_hal_tim.o
 .debug_info    0x000000000000968c     0x1805 ./Drivers/STM32F7xx_HAL_Driver/Src/stm32f7xx_hal_tim_ex.o
 .debug_info    0x000000000000ae91      0x2d8 ./common/ThridParty/FreeRTOS/list.o
 .debug_info    0x000000000000b169     0x198f ./common/ThridParty/FreeRTOS/queue.o
 .debug_info    0x000000000000caf8     0x23ee ./common/ThridParty/FreeRTOS/tasks.o
 .debug_info    0x000000000000eee6      0xee4 ./common/ThridParty/FreeRTOS/timers.o
 .debug_info    0x000000000000fdca      0x5d1 ./common/ThridParty/FreeRTOS/portable/GCC/ARM_CM4F/port.o
 .debug_info    0x000000000001039b      0x514 ./common/ThridParty/FreeRTOS/portable/MemMang/heap_4.o
 .debug_info    0x00000000000108af      0x18f ./common/ThridParty/SEGGER/Config/SEGGER_SYSVIEW_Config_FreeRTOS.o
 .debug_info    0x0000000000010a3e      0x456 ./common/ThridParty/SEGGER/OS/SEGGER_SYSVIEW_FreeRTOS.o
 .debug_info    0x0000000000010e94      0xba6 ./common/ThridParty/SEGGER/Rec/segger_uart.o
 .debug_info    0x0000000000011a3a     0x1600 ./common/ThridParty/SEGGER/SEGGER/SEGGER_RTT.o
 .debug_info    0x000000000001303a       0x26 ./common/ThridParty/SEGGER/SEGGER/SEGGER_RTT_ASM_ARMv7M.o
 .debug_info    0x0000000000013060     0x4706 ./common/ThridParty/SEGGER/SEGGER/SEGGER_SYSVIEW.o

.debug_abbrev   0x0000000000000000     0x3367
 .debug_abbrev  0x0000000000000000      0x146 ./Core/Src/gpio.o
 .debug_abbrev  0x0000000000000146      0x2e3 ./Core/Src/main.o
 .debug_abbrev  0x0000000000000429       0xe7 ./Core/Src/stm32f7xx_hal_msp.o
 .debug_abbrev  0x0000000000000510      0x1e6 ./Core/Src/stm32f7xx_hal_timebase_tim.o
 .debug_abbrev  0x00000000000006f6      0x171 ./Core/Src/stm32f7xx_it.o
 .debug_abbrev  0x0000000000000867      0x136 ./Core/Src/system_stm32f7xx.o
 .debug_abbrev  0x000000000000099d       0x12 ./Core/Startup/startup_stm32f767zitx.o
 .debug_abbrev  0x00000000000009af      0x20d ./Drivers/STM32F7xx_HAL_Driver/Src/stm32f7xx_hal.o
 .debug_abbrev  0x0000000000000bbc      0x30d ./Drivers/STM32F7xx_HAL_Driver/Src/stm32f7xx_hal_cortex.o
 .debug_abbrev  0x0000000000000ec9      0x1c4 ./Drivers/STM32F7xx_HAL_Driver/Src/stm32f7xx_hal_gpio.o
 .debug_abbrev  0x000000000000108d      0x1cb ./Drivers/STM32F7xx_HAL_Driver/Src/stm32f7xx_hal_pwr_ex.o
 .debug_abbrev  0x0000000000001258      0x2d1 ./Drivers/STM32F7xx_HAL_Driver/Src/stm32f7xx_hal_rcc.o
 .debug_abbrev  0x0000000000001529      0x264 ./Drivers/STM32F7xx_HAL_Driver/Src/stm32f7xx_hal_tim.o
 .debug_abbrev  0x000000000000178d      0x26c ./Drivers/STM32F7xx_HAL_Driver/Src/stm32f7xx_hal_tim_ex.o
 .debug_abbrev  0x00000000000019f9       0xf2 ./common/ThridParty/FreeRTOS/list.o
 .debug_abbrev  0x0000000000001aeb      0x312 ./common/ThridParty/FreeRTOS/queue.o
 .debug_abbrev  0x0000000000001dfd      0x39f ./common/ThridParty/FreeRTOS/tasks.o
 .debug_abbrev  0x000000000000219c      0x2d8 ./common/ThridParty/FreeRTOS/timers.o
 .debug_abbrev  0x0000000000002474      0x259 ./common/ThridParty/FreeRTOS/portable/GCC/ARM_CM4F/port.o
 .debug_abbrev  0x00000000000026cd      0x212 ./common/ThridParty/FreeRTOS/portable/MemMang/heap_4.o
 .debug_abbrev  0x00000000000028df       0xec ./common/ThridParty/SEGGER/Config/SEGGER_SYSVIEW_Config_FreeRTOS.o
 .debug_abbrev  0x00000000000029cb      0x1b8 ./common/ThridParty/SEGGER/OS/SEGGER_SYSVIEW_FreeRTOS.o
 .debug_abbrev  0x0000000000002b83      0x26c ./common/ThridParty/SEGGER/Rec/segger_uart.o
 .debug_abbrev  0x0000000000002def      0x227 ./common/ThridParty/SEGGER/SEGGER/SEGGER_RTT.o
 .debug_abbrev  0x0000000000003016       0x14 ./common/ThridParty/SEGGER/SEGGER/SEGGER_RTT_ASM_ARMv7M.o
 .debug_abbrev  0x000000000000302a      0x33d ./common/ThridParty/SEGGER/SEGGER/SEGGER_SYSVIEW.o

.debug_aranges  0x0000000000000000     0x14b8
 .debug_aranges
                0x0000000000000000       0x20 ./Core/Src/gpio.o
 .debug_aranges
                0x0000000000000020       0x50 ./Core/Src/main.o
 .debug_aranges
                0x0000000000000070       0x20 ./Core/Src/stm32f7xx_hal_msp.o
 .debug_aranges
                0x0000000000000090       0x30 ./Core/Src/stm32f7xx_hal_timebase_tim.o
 .debug_aranges
                0x00000000000000c0       0x50 ./Core/Src/stm32f7xx_it.o
 .debug_aranges
                0x0000000000000110       0x28 ./Core/Src/system_stm32f7xx.o
 .debug_aranges
                0x0000000000000138       0x28 ./Core/Startup/startup_stm32f767zitx.o
 .debug_aranges
                0x0000000000000160      0x110 ./Drivers/STM32F7xx_HAL_Driver/Src/stm32f7xx_hal.o
 .debug_aranges
                0x0000000000000270      0x128 ./Drivers/STM32F7xx_HAL_Driver/Src/stm32f7xx_hal_cortex.o
 .debug_aranges
                0x0000000000000398       0x58 ./Drivers/STM32F7xx_HAL_Driver/Src/stm32f7xx_hal_gpio.o
 .debug_aranges
                0x00000000000003f0       0x80 ./Drivers/STM32F7xx_HAL_Driver/Src/stm32f7xx_hal_pwr_ex.o
 .debug_aranges
                0x0000000000000470       0x88 ./Drivers/STM32F7xx_HAL_Driver/Src/stm32f7xx_hal_rcc.o
 .debug_aranges
                0x00000000000004f8      0x3e0 ./Drivers/STM32F7xx_HAL_Driver/Src/stm32f7xx_hal_tim.o
 .debug_aranges
                0x00000000000008d8      0x180 ./Drivers/STM32F7xx_HAL_Driver/Src/stm32f7xx_hal_tim_ex.o
 .debug_aranges
                0x0000000000000a58       0x40 ./common/ThridParty/FreeRTOS/list.o
 .debug_aranges
                0x0000000000000a98      0x130 ./common/ThridParty/FreeRTOS/queue.o
 .debug_aranges
                0x0000000000000bc8      0x208 ./common/ThridParty/FreeRTOS/tasks.o
 .debug_aranges
                0x0000000000000dd0       0xd8 ./common/ThridParty/FreeRTOS/timers.o
 .debug_aranges
                0x0000000000000ea8       0x88 ./common/ThridParty/FreeRTOS/portable/GCC/ARM_CM4F/port.o
 .debug_aranges
                0x0000000000000f30       0x58 ./common/ThridParty/FreeRTOS/portable/MemMang/heap_4.o
 .debug_aranges
                0x0000000000000f88       0x28 ./common/ThridParty/SEGGER/Config/SEGGER_SYSVIEW_Config_FreeRTOS.o
 .debug_aranges
                0x0000000000000fb0       0x48 ./common/ThridParty/SEGGER/OS/SEGGER_SYSVIEW_FreeRTOS.o
 .debug_aranges
                0x0000000000000ff8       0x68 ./common/ThridParty/SEGGER/Rec/segger_uart.o
 .debug_aranges
                0x0000000000001060      0x138 ./common/ThridParty/SEGGER/SEGGER/SEGGER_RTT.o
 .debug_aranges
                0x0000000000001198       0x20 ./common/ThridParty/SEGGER/SEGGER/SEGGER_RTT_ASM_ARMv7M.o
 .debug_aranges
                0x00000000000011b8      0x300 ./common/ThridParty/SEGGER/SEGGER/SEGGER_SYSVIEW.o

.debug_ranges   0x0000000000000000     0x1310
 .debug_ranges  0x0000000000000000       0x10 ./Core/Src/gpio.o
 .debug_ranges  0x0000000000000010       0x40 ./Core/Src/main.o
 .debug_ranges  0x0000000000000050       0x10 ./Core/Src/stm32f7xx_hal_msp.o
 .debug_ranges  0x0000000000000060       0x20 ./Core/Src/stm32f7xx_hal_timebase_tim.o
 .debug_ranges  0x0000000000000080       0x40 ./Core/Src/stm32f7xx_it.o
 .debug_ranges  0x00000000000000c0       0x18 ./Core/Src/system_stm32f7xx.o
 .debug_ranges  0x00000000000000d8       0x20 ./Core/Startup/startup_stm32f767zitx.o
 .debug_ranges  0x00000000000000f8      0x100 ./Drivers/STM32F7xx_HAL_Driver/Src/stm32f7xx_hal.o
 .debug_ranges  0x00000000000001f8      0x118 ./Drivers/STM32F7xx_HAL_Driver/Src/stm32f7xx_hal_cortex.o
 .debug_ranges  0x0000000000000310       0x48 ./Drivers/STM32F7xx_HAL_Driver/Src/stm32f7xx_hal_gpio.o
 .debug_ranges  0x0000000000000358       0x70 ./Drivers/STM32F7xx_HAL_Driver/Src/stm32f7xx_hal_pwr_ex.o
 .debug_ranges  0x00000000000003c8       0x78 ./Drivers/STM32F7xx_HAL_Driver/Src/stm32f7xx_hal_rcc.o
 .debug_ranges  0x0000000000000440      0x3d0 ./Drivers/STM32F7xx_HAL_Driver/Src/stm32f7xx_hal_tim.o
 .debug_ranges  0x0000000000000810      0x170 ./Drivers/STM32F7xx_HAL_Driver/Src/stm32f7xx_hal_tim_ex.o
 .debug_ranges  0x0000000000000980       0x30 ./common/ThridParty/FreeRTOS/list.o
 .debug_ranges  0x00000000000009b0      0x120 ./common/ThridParty/FreeRTOS/queue.o
 .debug_ranges  0x0000000000000ad0      0x1f8 ./common/ThridParty/FreeRTOS/tasks.o
 .debug_ranges  0x0000000000000cc8       0xc8 ./common/ThridParty/FreeRTOS/timers.o
 .debug_ranges  0x0000000000000d90       0x78 ./common/ThridParty/FreeRTOS/portable/GCC/ARM_CM4F/port.o
 .debug_ranges  0x0000000000000e08       0x48 ./common/ThridParty/FreeRTOS/portable/MemMang/heap_4.o
 .debug_ranges  0x0000000000000e50       0x18 ./common/ThridParty/SEGGER/Config/SEGGER_SYSVIEW_Config_FreeRTOS.o
 .debug_ranges  0x0000000000000e68       0x38 ./common/ThridParty/SEGGER/OS/SEGGER_SYSVIEW_FreeRTOS.o
 .debug_ranges  0x0000000000000ea0       0x58 ./common/ThridParty/SEGGER/Rec/segger_uart.o
 .debug_ranges  0x0000000000000ef8      0x128 ./common/ThridParty/SEGGER/SEGGER/SEGGER_RTT.o
 .debug_ranges  0x0000000000001020      0x2f0 ./common/ThridParty/SEGGER/SEGGER/SEGGER_SYSVIEW.o

.debug_macro    0x0000000000000000    0x29a9a
 .debug_macro   0x0000000000000000      0x1e8 ./Core/Src/gpio.o
 .debug_macro   0x00000000000001e8      0xa90 ./Core/Src/gpio.o
 .debug_macro   0x0000000000000c78      0x28d ./Core/Src/gpio.o
 .debug_macro   0x0000000000000f05       0x2e ./Core/Src/gpio.o
 .debug_macro   0x0000000000000f33       0x3b ./Core/Src/gpio.o
 .debug_macro   0x0000000000000f6e       0x22 ./Core/Src/gpio.o
 .debug_macro   0x0000000000000f90       0x8e ./Core/Src/gpio.o
 .debug_macro   0x000000000000101e       0x51 ./Core/Src/gpio.o
 .debug_macro   0x000000000000106f      0x103 ./Core/Src/gpio.o
 .debug_macro   0x0000000000001172       0x6a ./Core/Src/gpio.o
 .debug_macro   0x00000000000011dc      0x1df ./Core/Src/gpio.o
 .debug_macro   0x00000000000013bb       0x1c ./Core/Src/gpio.o
 .debug_macro   0x00000000000013d7       0x22 ./Core/Src/gpio.o
 .debug_macro   0x00000000000013f9       0xd9 ./Core/Src/gpio.o
 .debug_macro   0x00000000000014d2     0x12cd ./Core/Src/gpio.o
 .debug_macro   0x000000000000279f      0x11f ./Core/Src/gpio.o
 .debug_macro   0x00000000000028be       0x19 ./Core/Src/gpio.o
 .debug_macro   0x00000000000028d7    0x1aa23 ./Core/Src/gpio.o
 .debug_macro   0x000000000001d2fa       0x6d ./Core/Src/gpio.o
 .debug_macro   0x000000000001d367     0x3765 ./Core/Src/gpio.o
 .debug_macro   0x0000000000020acc      0x174 ./Core/Src/gpio.o
 .debug_macro   0x0000000000020c40       0x63 ./Core/Src/gpio.o
 .debug_macro   0x0000000000020ca3     0x1add ./Core/Src/gpio.o
 .debug_macro   0x0000000000022780      0x6c4 ./Core/Src/gpio.o
 .debug_macro   0x0000000000022e44      0x18b ./Core/Src/gpio.o
 .debug_macro   0x0000000000022fcf      0x115 ./Core/Src/gpio.o
 .debug_macro   0x00000000000230e4      0x26e ./Core/Src/gpio.o
 .debug_macro   0x0000000000023352       0xa5 ./Core/Src/gpio.o
 .debug_macro   0x00000000000233f7      0x24f ./Core/Src/gpio.o
 .debug_macro   0x0000000000023646       0x71 ./Core/Src/gpio.o
 .debug_macro   0x00000000000236b7       0x58 ./Core/Src/gpio.o
 .debug_macro   0x000000000002370f      0x236 ./Core/Src/gpio.o
 .debug_macro   0x0000000000023945      0x14e ./Core/Src/gpio.o
 .debug_macro   0x0000000000023a93      0x3db ./Core/Src/gpio.o
 .debug_macro   0x0000000000023e6e       0x12 ./Core/Src/gpio.o
 .debug_macro   0x0000000000023e80      0x22c ./Core/Src/gpio.o
 .debug_macro   0x00000000000240ac       0x61 ./Core/Src/gpio.o
 .debug_macro   0x000000000002410d       0xa5 ./Core/Src/gpio.o
 .debug_macro   0x00000000000241b2      0x12e ./Core/Src/gpio.o
 .debug_macro   0x00000000000242e0      0x108 ./Core/Src/gpio.o
 .debug_macro   0x00000000000243e8       0x35 ./Core/Src/gpio.o
 .debug_macro   0x000000000002441d      0xa91 ./Core/Src/gpio.o
 .debug_macro   0x0000000000024eae       0xa9 ./Core/Src/gpio.o
 .debug_macro   0x0000000000024f57      0x15b ./Core/Src/gpio.o
 .debug_macro   0x00000000000250b2      0x14e ./Core/Src/gpio.o
 .debug_macro   0x0000000000025200      0x2bb ./Core/Src/main.o
 .debug_macro   0x00000000000254bb      0x112 ./Core/Src/main.o
 .debug_macro   0x00000000000255cd       0x58 ./Core/Src/main.o
 .debug_macro   0x0000000000025625       0x46 ./Core/Src/main.o
 .debug_macro   0x000000000002566b       0x64 ./Core/Src/main.o
 .debug_macro   0x00000000000256cf       0x16 ./Core/Src/main.o
 .debug_macro   0x00000000000256e5       0x49 ./Core/Src/main.o
 .debug_macro   0x000000000002572e       0xca ./Core/Src/main.o
 .debug_macro   0x00000000000257f8      0x234 ./Core/Src/main.o
 .debug_macro   0x0000000000025a2c      0x458 ./Core/Src/main.o
 .debug_macro   0x0000000000025e84      0x15a ./Core/Src/main.o
 .debug_macro   0x0000000000025fde       0xea ./Core/Src/main.o
 .debug_macro   0x00000000000260c8       0x1c ./Core/Src/main.o
 .debug_macro   0x00000000000260e4       0x26 ./Core/Src/main.o
 .debug_macro   0x000000000002610a      0x3c9 ./Core/Src/main.o
 .debug_macro   0x00000000000264d3       0xb5 ./Core/Src/main.o
 .debug_macro   0x0000000000026588      0x120 ./Core/Src/main.o
 .debug_macro   0x00000000000266a8      0x28f ./Core/Src/stm32f7xx_hal_msp.o
 .debug_macro   0x0000000000026937      0x1cf ./Core/Src/stm32f7xx_hal_timebase_tim.o
 .debug_macro   0x0000000000026b06      0x1e8 ./Core/Src/stm32f7xx_it.o
 .debug_macro   0x0000000000026cee      0x1cf ./Core/Src/system_stm32f7xx.o
 .debug_macro   0x0000000000026ebd      0x1f3 ./Drivers/STM32F7xx_HAL_Driver/Src/stm32f7xx_hal.o
 .debug_macro   0x00000000000270b0      0x1cf ./Drivers/STM32F7xx_HAL_Driver/Src/stm32f7xx_hal_cortex.o
 .debug_macro   0x000000000002727f      0x1d5 ./Drivers/STM32F7xx_HAL_Driver/Src/stm32f7xx_hal_gpio.o
 .debug_macro   0x0000000000027454      0x1e7 ./Drivers/STM32F7xx_HAL_Driver/Src/stm32f7xx_hal_pwr_ex.o
 .debug_macro   0x000000000002763b      0x1f3 ./Drivers/STM32F7xx_HAL_Driver/Src/stm32f7xx_hal_rcc.o
 .debug_macro   0x000000000002782e      0x1d0 ./Drivers/STM32F7xx_HAL_Driver/Src/stm32f7xx_hal_tim.o
 .debug_macro   0x00000000000279fe      0x1cf ./Drivers/STM32F7xx_HAL_Driver/Src/stm32f7xx_hal_tim_ex.o
 .debug_macro   0x0000000000027bcd      0x1f4 ./common/ThridParty/FreeRTOS/list.o
 .debug_macro   0x0000000000027dc1      0x27d ./common/ThridParty/FreeRTOS/queue.o
 .debug_macro   0x000000000002803e       0x16 ./common/ThridParty/FreeRTOS/queue.o
 .debug_macro   0x0000000000028054       0x20 ./common/ThridParty/FreeRTOS/queue.o
 .debug_macro   0x0000000000028074       0x80 ./common/ThridParty/FreeRTOS/queue.o
 .debug_macro   0x00000000000280f4      0x2e1 ./common/ThridParty/FreeRTOS/tasks.o
 .debug_macro   0x00000000000283d5       0x10 ./common/ThridParty/FreeRTOS/tasks.o
 .debug_macro   0x00000000000283e5      0x23d ./common/ThridParty/FreeRTOS/timers.o
 .debug_macro   0x0000000000028622       0x97 ./common/ThridParty/FreeRTOS/timers.o
 .debug_macro   0x00000000000286b9      0x1f7 ./common/ThridParty/FreeRTOS/portable/GCC/ARM_CM4F/port.o
 .debug_macro   0x00000000000288b0      0x20f ./common/ThridParty/FreeRTOS/portable/MemMang/heap_4.o
 .debug_macro   0x0000000000028abf      0x137 ./common/ThridParty/SEGGER/Config/SEGGER_SYSVIEW_Config_FreeRTOS.o
 .debug_macro   0x0000000000028bf6      0x203 ./common/ThridParty/SEGGER/OS/SEGGER_SYSVIEW_FreeRTOS.o
 .debug_macro   0x0000000000028df9      0x42e ./common/ThridParty/SEGGER/Rec/segger_uart.o
 .debug_macro   0x0000000000029227       0x3b ./common/ThridParty/SEGGER/Rec/segger_uart.o
 .debug_macro   0x0000000000029262      0x138 ./common/ThridParty/SEGGER/Rec/segger_uart.o
 .debug_macro   0x000000000002939a       0x5d ./common/ThridParty/SEGGER/Rec/segger_uart.o
 .debug_macro   0x00000000000293f7      0x1e9 ./common/ThridParty/SEGGER/SEGGER/SEGGER_RTT.o
 .debug_macro   0x00000000000295e0       0x35 ./common/ThridParty/SEGGER/SEGGER/SEGGER_RTT.o
 .debug_macro   0x0000000000029615      0x251 ./common/ThridParty/SEGGER/SEGGER/SEGGER_SYSVIEW.o
 .debug_macro   0x0000000000029866      0x234 ./common/ThridParty/SEGGER/SEGGER/SEGGER_SYSVIEW.o

.debug_line     0x0000000000000000    0x17460
 .debug_line    0x0000000000000000      0x751 ./Core/Src/gpio.o
 .debug_line    0x0000000000000751      0xac0 ./Core/Src/main.o
 .debug_line    0x0000000000001211      0x91e ./Core/Src/stm32f7xx_hal_msp.o
 .debug_line    0x0000000000001b2f      0x72d ./Core/Src/stm32f7xx_hal_timebase_tim.o
 .debug_line    0x000000000000225c      0x750 ./Core/Src/stm32f7xx_it.o
 .debug_line    0x00000000000029ac      0x733 ./Core/Src/system_stm32f7xx.o
 .debug_line    0x00000000000030df       0x88 ./Core/Startup/startup_stm32f767zitx.o
 .debug_line    0x0000000000003167      0x9f4 ./Drivers/STM32F7xx_HAL_Driver/Src/stm32f7xx_hal.o
 .debug_line    0x0000000000003b5b      0xc78 ./Drivers/STM32F7xx_HAL_Driver/Src/stm32f7xx_hal_cortex.o
 .debug_line    0x00000000000047d3      0xb3e ./Drivers/STM32F7xx_HAL_Driver/Src/stm32f7xx_hal_gpio.o
 .debug_line    0x0000000000005311      0x939 ./Drivers/STM32F7xx_HAL_Driver/Src/stm32f7xx_hal_pwr_ex.o
 .debug_line    0x0000000000005c4a      0xe36 ./Drivers/STM32F7xx_HAL_Driver/Src/stm32f7xx_hal_rcc.o
 .debug_line    0x0000000000006a80     0x3c0b ./Drivers/STM32F7xx_HAL_Driver/Src/stm32f7xx_hal_tim.o
 .debug_line    0x000000000000a68b     0x1b92 ./Drivers/STM32F7xx_HAL_Driver/Src/stm32f7xx_hal_tim_ex.o
 .debug_line    0x000000000000c21d      0x88b ./common/ThridParty/FreeRTOS/list.o
 .debug_line    0x000000000000caa8     0x1764 ./common/ThridParty/FreeRTOS/queue.o
 .debug_line    0x000000000000e20c     0x1eb0 ./common/ThridParty/FreeRTOS/tasks.o
 .debug_line    0x00000000000100bc      0xdea ./common/ThridParty/FreeRTOS/timers.o
 .debug_line    0x0000000000010ea6      0x9bc ./common/ThridParty/FreeRTOS/portable/GCC/ARM_CM4F/port.o
 .debug_line    0x0000000000011862      0xad6 ./common/ThridParty/FreeRTOS/portable/MemMang/heap_4.o
 .debug_line    0x0000000000012338      0x629 ./common/ThridParty/SEGGER/Config/SEGGER_SYSVIEW_Config_FreeRTOS.o
 .debug_line    0x0000000000012961      0x91d ./common/ThridParty/SEGGER/OS/SEGGER_SYSVIEW_FreeRTOS.o
 .debug_line    0x000000000001327e      0xb69 ./common/ThridParty/SEGGER/Rec/segger_uart.o
 .debug_line    0x0000000000013de7      0xeec ./common/ThridParty/SEGGER/SEGGER/SEGGER_RTT.o
 .debug_line    0x0000000000014cd3       0xc3 ./common/ThridParty/SEGGER/SEGGER/SEGGER_RTT_ASM_ARMv7M.o
 .debug_line    0x0000000000014d96     0x26ca ./common/ThridParty/SEGGER/SEGGER/SEGGER_SYSVIEW.o

.debug_str      0x0000000000000000   0x104d99
 .debug_str     0x0000000000000000    0xef255 ./Core/Src/gpio.o
                                      0xef932 (size before relaxing)
 .debug_str     0x00000000000ef255     0x9482 ./Core/Src/main.o
                                      0xf8e51 (size before relaxing)
 .debug_str     0x00000000000f86d7       0x40 ./Core/Src/stm32f7xx_hal_msp.o
                                      0xf6b07 (size before relaxing)
 .debug_str     0x00000000000f8717      0x757 ./Core/Src/stm32f7xx_hal_timebase_tim.o
                                      0xf0068 (size before relaxing)
 .debug_str     0x00000000000f8e6e       0xb9 ./Core/Src/stm32f7xx_it.o
                                      0xefd2b (size before relaxing)
 .debug_str     0x00000000000f8f27      0x1a4 ./Core/Src/system_stm32f7xx.o
                                      0xef4a7 (size before relaxing)
 .debug_str     0x00000000000f90cb       0x36 ./Core/Startup/startup_stm32f767zitx.o
                                         0x63 (size before relaxing)
 .debug_str     0x00000000000f9101      0x40d ./Drivers/STM32F7xx_HAL_Driver/Src/stm32f7xx_hal.o
                                      0xefee7 (size before relaxing)
 .debug_str     0x00000000000f950e      0x368 ./Drivers/STM32F7xx_HAL_Driver/Src/stm32f7xx_hal_cortex.o
                                      0xefec9 (size before relaxing)
 .debug_str     0x00000000000f9876      0x107 ./Drivers/STM32F7xx_HAL_Driver/Src/stm32f7xx_hal_gpio.o
                                      0xef565 (size before relaxing)
 .debug_str     0x00000000000f997d      0x1d1 ./Drivers/STM32F7xx_HAL_Driver/Src/stm32f7xx_hal_pwr_ex.o
                                      0xef716 (size before relaxing)
 .debug_str     0x00000000000f9b4e      0x22a ./Drivers/STM32F7xx_HAL_Driver/Src/stm32f7xx_hal_rcc.o
                                      0xef822 (size before relaxing)
 .debug_str     0x00000000000f9d78      0xeb6 ./Drivers/STM32F7xx_HAL_Driver/Src/stm32f7xx_hal_tim.o
                                      0xf07ca (size before relaxing)
 .debug_str     0x00000000000fac2e      0x5ff ./Drivers/STM32F7xx_HAL_Driver/Src/stm32f7xx_hal_tim_ex.o
                                      0xf00d0 (size before relaxing)
 .debug_str     0x00000000000fb22d     0x302b ./common/ThridParty/FreeRTOS/list.o
                                       0xe9ed (size before relaxing)
 .debug_str     0x00000000000fe258     0x12a0 ./common/ThridParty/FreeRTOS/queue.o
                                      0x10efa (size before relaxing)