13:03:09 **** Incremental Build of configuration Debug for project 001Task ****
make -j4 all 
arm-none-eabi-gcc "../Core/Src/main.c" -mcpu=cortex-m7 -std=gnu11 -g3 -DDEBUG -DUSE_HAL_DRIVER -DSTM32F767xx -c -I../Core/Inc -I"C:/Firmware/FreeRTOS_Workspace/001Task/ThridParty/SEGGER/Config" -I"C:/Firmware/FreeRTOS_Workspace/001Task/ThridParty/SEGGER/OS" -I"C:/Firmware/FreeRTOS_Workspace/001Task/ThridParty/SEGGER/SEGGER" -I../Drivers/STM32F7xx_HAL_Driver/Inc -I../Drivers/STM32F7xx_HAL_Driver/Inc/Legacy -I../Drivers/CMSIS/Device/ST/STM32F7xx/Include -I../Drivers/CMSIS/Include -I"C:/Firmware/FreeRTOS_Workspace/001Task/ThridParty/FreeRTOS/include" -I"C:/Firmware/FreeRTOS_Workspace/001Task/ThridParty/FreeRTOS/portable" -I"C:/Firmware/FreeRTOS_Workspace/001Task/ThridParty/FreeRTOS/portable/GCC/ARM_CM4F" -I"C:/Firmware/FreeRTOS_Workspace/001Task/ThridParty/FreeRTOS" -O0 -ffunction-sections -fdata-sections -Wall -fstack-usage -MMD -MP -MF"Core/Src/main.d" -MT"Core/Src/main.o" --specs=nano.specs -mfpu=fpv5-d16 -mfloat-abi=hard -mthumb -o "Core/Src/main.o"
../Core/Src/main.c: In function 'main':
../Core/Src/main.c:99:3: warning: implicit declaration of function 'SEGGER_UART_init'; did you mean 'SEGGER_UART_REC'? [-Wimplicit-function-declaration]
   99 |   SEGGER_UART_init(500000);
      |   ^~~~~~~~~~~~~~~~
      |   SEGGER_UART_REC
arm-none-eabi-gcc -o "001Task.elf" @"objects.list"   -mcpu=cortex-m7 -T"C:\Firmware\FreeRTOS_Workspace\001Task\STM32F767ZITX_FLASH.ld" --specs=nosys.specs -Wl,-Map="001Task.map" -Wl,--gc-sections -static --specs=nano.specs -mfpu=fpv5-d16 -mfloat-abi=hard -mthumb -Wl,--start-group -lc -lm -Wl,--end-group
Finished building target: 001Task.elf
 
arm-none-eabi-size   001Task.elf 
arm-none-eabi-objdump -h -S  001Task.elf  > "001Task.list"
   text	   data	    bss	    dec	    hex	filename
  31408	    136	  84648	 116192	  1c5e0	001Task.elf
Finished building: default.size.stdout
 
Finished building: 001Task.list
 

13:03:12 Build Finished. 0 errors, 1 warnings. (took 2s.833ms)

