17:34:34 **** Incremental Build of configuration Debug for project 004Task ****
make -j4 all 
arm-none-eabi-gcc "../Core/Src/main.c" -mcpu=cortex-m7 -std=gnu11 -g3 -DDEBUG -DUSE_HAL_DRIVER -DSTM32F767xx -c -I../Core/Inc -I../Drivers/STM32F7xx_HAL_Driver/Inc -I../Drivers/STM32F7xx_HAL_Driver/Inc/Legacy -I../Drivers/CMSIS/Device/ST/STM32F7xx/Include -I../Drivers/CMSIS/Include -I"C:/Firmware/FreeRTOS_Workspace/common/ThridParty/FreeRTOS/include" -I"C:/Firmware/FreeRTOS_Workspace/common/ThridParty/FreeRTOS/portable/GCC/ARM_CM4F" -I"C:/Firmware/FreeRTOS_Workspace/common/ThridParty/SEGGER/Config" -I"C:/Firmware/FreeRTOS_Workspace/common/ThridParty/SEGGER/OS" -I"C:/Firmware/FreeRTOS_Workspace/common/ThridParty/SEGGER/SEGGER" -O0 -ffunction-sections -fdata-sections -Wall -fstack-usage -MMD -MP -MF"Core/Src/main.d" -MT"Core/Src/main.o" --specs=nano.specs -mfpu=fpv5-d16 -mfloat-abi=hard -mthumb -o "Core/Src/main.o"
arm-none-eabi-gcc -o "004Task.elf" @"objects.list"   -mcpu=cortex-m7 -T"C:\Firmware\FreeRTOS_Workspace\004Task\STM32F767ZITX_FLASH.ld" --specs=nosys.specs -Wl,-Map="004Task.map" -Wl,--gc-sections -static --specs=nano.specs -mfpu=fpv5-d16 -mfloat-abi=hard -mthumb -Wl,--start-group -lc -lm -Wl,--end-group
Finished building target: 004Task.elf
 
arm-none-eabi-size   004Task.elf 
arm-none-eabi-objdump -h -S  004Task.elf  > "004Task.list"
   text	   data	    bss	    dec	    hex	filename
  30952	     36	  84628	 115616	  1c3a0	004Task.elf
Finished building: default.size.stdout
 
Finished building: 004Task.list
 
17:34:47 **** Incremental Build of configuration Debug for project 004Task ****
make -j4 all 
arm-none-eabi-size   004Task.elf 
   text	   data	    bss	    dec	    hex	filename
  30952	     36	  84628	 115616	  1c3a0	004Task.elf
Finished building: default.size.stdout
 
