21:21:26 **** Incremental Build of configuration Debug for project 001Task ****
make -j4 all 
arm-none-eabi-size   001Task.elf 
   text	   data	    bss	    dec	    hex	filename
  31408	    136	  84648	 116192	  1c5e0	001Task.elf
Finished building: default.size.stdout
 
21:21:39 **** Incremental Build of configuration Debug for project 001Task ****
make -j4 all 
arm-none-eabi-size   001Task.elf 
   text	   data	    bss	    dec	    hex	filename
  31408	    136	  84648	 116192	  1c5e0	001Task.elf
Finished building: default.size.stdout
 
21:22:47 **** Incremental Build of configuration Debug for project 003Task ****
make -j4 all 
arm-none-eabi-size   003Task.elf 
   text	   data	    bss	    dec	    hex	filename
  30760	     36	  84628	 115424	  1c2e0	003Task.elf
Finished building: default.size.stdout
 
21:23:56 **** Incremental Build of configuration Debug for project 004Task ****
make -j4 all 
arm-none-eabi-size   004Task.elf 
   text	   data	    bss	    dec	    hex	filename
  30952	     36	  84628	 115616	  1c3a0	004Task.elf
Finished building: default.size.stdout
 
21:24:18 **** Incremental Build of configuration Debug for project 004Task ****
make -j4 all 
arm-none-eabi-size   004Task.elf 
   text	   data	    bss	    dec	    hex	filename
  30952	     36	  84628	 115616	  1c3a0	004Task.elf
Finished building: default.size.stdout
 
21:25:07 **** Incremental Build of configuration Debug for project 005Task ****
make -j4 all 
arm-none-eabi-size   005Task.elf 
   text	   data	    bss	    dec	    hex	filename
  32724	     36	  84652	 117412	  1caa4	005Task.elf
Finished building: default.size.stdout
 
21:26:54 **** Incremental Build of configuration Debug for project 005Task ****
make -j4 all 
arm-none-eabi-size   005Task.elf 
   text	   data	    bss	    dec	    hex	filename
  32724	     36	  84652	 117412	  1caa4	005Task.elf
Finished building: default.size.stdout
 
