Archive member included to satisfy reference by file (symbol)

c:/st/stm32cubeide_1.10.0/stm32cubeide/plugins/com.st.stm32cube.ide.mcu.externaltools.gnu-tools-for-stm32.10.3-2021.10.win32_1.0.0.202111181127/tools/bin/../lib/gcc/arm-none-eabi/10.3.1/../../../../arm-none-eabi/lib/thumb/v7e-m+dp/hard\libc_nano.a(lib_a-errno.o)
                              ./Core/Src/syscalls.o (__errno)
c:/st/stm32cubeide_1.10.0/stm32cubeide/plugins/com.st.stm32cube.ide.mcu.externaltools.gnu-tools-for-stm32.10.3-2021.10.win32_1.0.0.202111181127/tools/bin/../lib/gcc/arm-none-eabi/10.3.1/../../../../arm-none-eabi/lib/thumb/v7e-m+dp/hard\libc_nano.a(lib_a-exit.o)
                              c:/st/stm32cubeide_1.10.0/stm32cubeide/plugins/com.st.stm32cube.ide.mcu.externaltools.gnu-tools-for-stm32.10.3-2021.10.win32_1.0.0.202111181127/tools/bin/../lib/gcc/arm-none-eabi/10.3.1/../../../../arm-none-eabi/lib/thumb/v7e-m+dp/hard/crt0.o (exit)
c:/st/stm32cubeide_1.10.0/stm32cubeide/plugins/com.st.stm32cube.ide.mcu.externaltools.gnu-tools-for-stm32.10.3-2021.10.win32_1.0.0.202111181127/tools/bin/../lib/gcc/arm-none-eabi/10.3.1/../../../../arm-none-eabi/lib/thumb/v7e-m+dp/hard\libc_nano.a(lib_a-impure.o)
                              c:/st/stm32cubeide_1.10.0/stm32cubeide/plugins/com.st.stm32cube.ide.mcu.externaltools.gnu-tools-for-stm32.10.3-2021.10.win32_1.0.0.202111181127/tools/bin/../lib/gcc/arm-none-eabi/10.3.1/../../../../arm-none-eabi/lib/thumb/v7e-m+dp/hard\libc_nano.a(lib_a-exit.o) (_global_impure_ptr)
c:/st/stm32cubeide_1.10.0/stm32cubeide/plugins/com.st.stm32cube.ide.mcu.externaltools.gnu-tools-for-stm32.10.3-2021.10.win32_1.0.0.202111181127/tools/bin/../lib/gcc/arm-none-eabi/10.3.1/../../../../arm-none-eabi/lib/thumb/v7e-m+dp/hard\libc_nano.a(lib_a-init.o)
                              c:/st/stm32cubeide_1.10.0/stm32cubeide/plugins/com.st.stm32cube.ide.mcu.externaltools.gnu-tools-for-stm32.10.3-2021.10.win32_1.0.0.202111181127/tools/bin/../lib/gcc/arm-none-eabi/10.3.1/../../../../arm-none-eabi/lib/thumb/v7e-m+dp/hard/crt0.o (__libc_init_array)
c:/st/stm32cubeide_1.10.0/stm32cubeide/plugins/com.st.stm32cube.ide.mcu.externaltools.gnu-tools-for-stm32.10.3-2021.10.win32_1.0.0.202111181127/tools/bin/../lib/gcc/arm-none-eabi/10.3.1/../../../../arm-none-eabi/lib/thumb/v7e-m+dp/hard\libc_nano.a(lib_a-memcmp.o)
                              ./ThridParty/SEGGER/OS/SEGGER_SYSVIEW_FreeRTOS.o (memcmp)
c:/st/stm32cubeide_1.10.0/stm32cubeide/plugins/com.st.stm32cube.ide.mcu.externaltools.gnu-tools-for-stm32.10.3-2021.10.win32_1.0.0.202111181127/tools/bin/../lib/gcc/arm-none-eabi/10.3.1/../../../../arm-none-eabi/lib/thumb/v7e-m+dp/hard\libc_nano.a(lib_a-memcpy-stub.o)
                              ./ThridParty/FreeRTOS/queue.o (memcpy)
c:/st/stm32cubeide_1.10.0/stm32cubeide/plugins/com.st.stm32cube.ide.mcu.externaltools.gnu-tools-for-stm32.10.3-2021.10.win32_1.0.0.202111181127/tools/bin/../lib/gcc/arm-none-eabi/10.3.1/../../../../arm-none-eabi/lib/thumb/v7e-m+dp/hard\libc_nano.a(lib_a-memset.o)
                              c:/st/stm32cubeide_1.10.0/stm32cubeide/plugins/com.st.stm32cube.ide.mcu.externaltools.gnu-tools-for-stm32.10.3-2021.10.win32_1.0.0.202111181127/tools/bin/../lib/gcc/arm-none-eabi/10.3.1/../../../../arm-none-eabi/lib/thumb/v7e-m+dp/hard/crt0.o (memset)
c:/st/stm32cubeide_1.10.0/stm32cubeide/plugins/com.st.stm32cube.ide.mcu.externaltools.gnu-tools-for-stm32.10.3-2021.10.win32_1.0.0.202111181127/tools/bin/../lib/gcc/arm-none-eabi/10.3.1/../../../../arm-none-eabi/lib/thumb/v7e-m+dp/hard\libc_nano.a(lib_a-puts.o)
                              ./Core/Src/main.o (puts)
c:/st/stm32cubeide_1.10.0/stm32cubeide/plugins/com.st.stm32cube.ide.mcu.externaltools.gnu-tools-for-stm32.10.3-2021.10.win32_1.0.0.202111181127/tools/bin/../lib/gcc/arm-none-eabi/10.3.1/../../../../arm-none-eabi/lib/thumb/v7e-m+dp/hard\libc_nano.a(lib_a-strlen.o)
                              ./ThridParty/SEGGER/SEGGER/SEGGER_RTT.o (strlen)
c:/st/stm32cubeide_1.10.0/stm32cubeide/plugins/com.st.stm32cube.ide.mcu.externaltools.gnu-tools-for-stm32.10.3-2021.10.win32_1.0.0.202111181127/tools/bin/../lib/gcc/arm-none-eabi/10.3.1/../../../../arm-none-eabi/lib/thumb/v7e-m+dp/hard\libc_nano.a(lib_a-wbuf.o)
                              c:/st/stm32cubeide_1.10.0/stm32cubeide/plugins/com.st.stm32cube.ide.mcu.externaltools.gnu-tools-for-stm32.10.3-2021.10.win32_1.0.0.202111181127/tools/bin/../lib/gcc/arm-none-eabi/10.3.1/../../../../arm-none-eabi/lib/thumb/v7e-m+dp/hard\libc_nano.a(lib_a-puts.o) (__swbuf_r)
c:/st/stm32cubeide_1.10.0/stm32cubeide/plugins/com.st.stm32cube.ide.mcu.externaltools.gnu-tools-for-stm32.10.3-2021.10.win32_1.0.0.202111181127/tools/bin/../lib/gcc/arm-none-eabi/10.3.1/../../../../arm-none-eabi/lib/thumb/v7e-m+dp/hard\libc_nano.a(lib_a-wsetup.o)
[...]
Memory Configuration

Name             Origin             Length             Attributes
RAM              0x0000000020000000 0x0000000000080000 xrw
FLASH            0x0000000008000000 0x0000000000200000 xr
*default*        0x0000000000000000 0xffffffffffffffff

Linker script and memory map

LOAD c:/st/stm32cubeide_1.10.0/stm32cubeide/plugins/com.st.stm32cube.ide.mcu.externaltools.gnu-tools-for-stm32.10.3-2021.10.win32_1.0.0.202111181127/tools/bin/../lib/gcc/arm-none-eabi/10.3.1/thumb/v7e-m+dp/hard/crti.o
LOAD c:/st/stm32cubeide_1.10.0/stm32cubeide/plugins/com.st.stm32cube.ide.mcu.externaltools.gnu-tools-for-stm32.10.3-2021.10.win32_1.0.0.202111181127/tools/bin/../lib/gcc/arm-none-eabi/10.3.1/thumb/v7e-m+dp/hard/crtbegin.o
LOAD c:/st/stm32cubeide_1.10.0/stm32cubeide/plugins/com.st.stm32cube.ide.mcu.externaltools.gnu-tools-for-stm32.10.3-2021.10.win32_1.0.0.202111181127/tools/bin/../lib/gcc/arm-none-eabi/10.3.1/../../../../arm-none-eabi/lib/thumb/v7e-m+dp/hard/crt0.o
LOAD ./Core/Src/main.o
LOAD ./Core/Src/stm32f7xx_hal_msp.o
LOAD ./Core/Src/stm32f7xx_hal_timebase_tim.o
LOAD ./Core/Src/stm32f7xx_it.o
LOAD ./Core/Src/syscalls.o
LOAD ./Core/Src/sysmem.o
LOAD ./Core/Src/system_stm32f7xx.o
LOAD ./Core/Startup/startup_stm32f767zitx.o
LOAD ./Drivers/STM32F7xx_HAL_Driver/Src/stm32f7xx_hal.o
LOAD ./Drivers/STM32F7xx_HAL_Driver/Src/stm32f7xx_hal_cortex.o
LOAD ./Drivers/STM32F7xx_HAL_Driver/Src/stm32f7xx_hal_dma.o
LOAD ./Drivers/STM32F7xx_HAL_Driver/Src/stm32f7xx_hal_dma_ex.o
LOAD ./Drivers/STM32F7xx_HAL_Driver/Src/stm32f7xx_hal_exti.o
LOAD ./Drivers/STM32F7xx_HAL_Driver/Src/stm32f7xx_hal_flash.o
LOAD ./Drivers/STM32F7xx_HAL_Driver/Src/stm32f7xx_hal_flash_ex.o
LOAD ./Drivers/STM32F7xx_HAL_Driver/Src/stm32f7xx_hal_gpio.o
LOAD ./Drivers/STM32F7xx_HAL_Driver/Src/stm32f7xx_hal_i2c.o
LOAD ./Drivers/STM32F7xx_HAL_Driver/Src/stm32f7xx_hal_i2c_ex.o
LOAD ./Drivers/STM32F7xx_HAL_Driver/Src/stm32f7xx_hal_pwr.o
LOAD ./Drivers/STM32F7xx_HAL_Driver/Src/stm32f7xx_hal_pwr_ex.o
LOAD ./Drivers/STM32F7xx_HAL_Driver/Src/stm32f7xx_hal_rcc.o
LOAD ./Drivers/STM32F7xx_HAL_Driver/Src/stm32f7xx_hal_rcc_ex.o
LOAD ./Drivers/STM32F7xx_HAL_Driver/Src/stm32f7xx_hal_tim.o
LOAD ./Drivers/STM32F7xx_HAL_Driver/Src/stm32f7xx_hal_tim_ex.o
LOAD ./ThridParty/FreeRTOS/croutine.o
LOAD ./ThridParty/FreeRTOS/event_groups.o
LOAD ./ThridParty/FreeRTOS/list.o
LOAD ./ThridParty/FreeRTOS/queue.o
LOAD ./ThridParty/FreeRTOS/stream_buffer.o
LOAD ./ThridParty/FreeRTOS/tasks.o
LOAD ./ThridParty/FreeRTOS/timers.o
LOAD ./ThridParty/FreeRTOS/portable/GCC/ARM_CM4F/port.o
LOAD ./ThridParty/FreeRTOS/portable/MemMang/heap_4.o
LOAD ./ThridParty/SEGGER/Config/SEGGER_SYSVIEW_Config_FreeRTOS.o
LOAD ./ThridParty/SEGGER/OS/SEGGER_SYSVIEW_FreeRTOS.o
LOAD ./ThridParty/SEGGER/Rec/segger_uart.o
LOAD ./ThridParty/SEGGER/SEGGER/SEGGER_RTT.o
LOAD ./ThridParty/SEGGER/SEGGER/SEGGER_RTT_ASM_ARMv7M.o
LOAD ./ThridParty/SEGGER/SEGGER/SEGGER_RTT_printf.o
LOAD ./ThridParty/SEGGER/SEGGER/SEGGER_SYSVIEW.o
LOAD ./ThridParty/SEGGER/SEGGER/Syscalls/SEGGER_RTT_Syscalls_GCC.o
LOAD ./ThridParty/SEGGER/SEGGER/Syscalls/SEGGER_RTT_Syscalls_IAR.o
LOAD ./ThridParty/SEGGER/SEGGER/Syscalls/SEGGER_RTT_Syscalls_KEIL.o
LOAD ./ThridParty/SEGGER/SEGGER/Syscalls/SEGGER_RTT_Syscalls_SES.o
START GROUP
LOAD c:/st/stm32cubeide_1.10.0/stm32cubeide/plugins/com.st.stm32cube.ide.mcu.externaltools.gnu-tools-for-stm32.10.3-2021.10.win32_1.0.0.202111181127/tools/bin/../lib/gcc/arm-none-eabi/10.3.1/../../../../arm-none-eabi/lib/thumb/v7e-m+dp/hard\libc_nano.a
LOAD c:/st/stm32cubeide_1.10.0/stm32cubeide/plugins/com.st.stm32cube.ide.mcu.externaltools.gnu-tools-for-stm32.10.3-2021.10.win32_1.0.0.202111181127/tools/bin/../lib/gcc/arm-none-eabi/10.3.1/../../../../arm-none-eabi/lib/thumb/v7e-m+dp/hard\libm.a
END GROUP
START GROUP
LOAD c:/st/stm32cubeide_1.10.0/stm32cubeide/plugins/com.st.stm32cube.ide.mcu.externaltools.gnu-tools-for-stm32.10.3-2021.10.win32_1.0.0.202111181127/tools/bin/../lib/gcc/arm-none-eabi/10.3.1/thumb/v7e-m+dp/hard\libgcc.a
LOAD c:/st/stm32cubeide_1.10.0/stm32cubeide/plugins/com.st.stm32cube.ide.mcu.externaltools.gnu-tools-for-stm32.10.3-2021.10.win32_1.0.0.202111181127/tools/bin/../lib/gcc/arm-none-eabi/10.3.1/../../../../arm-none-eabi/lib/thumb/v7e-m+dp/hard\libc_nano.a
END GROUP
START GROUP
LOAD c:/st/stm32cubeide_1.10.0/stm32cubeide/plugins/com.st.stm32cube.ide.mcu.externaltools.gnu-tools-for-stm32.10.3-2021.10.win32_1.0.0.202111181127/tools/bin/../lib/gcc/arm-none-eabi/10.3.1/thumb/v7e-m+dp/hard\libgcc.a
LOAD c:/st/stm32cubeide_1.10.0/stm32cubeide/plugins/com.st.stm32cube.ide.mcu.externaltools.gnu-tools-for-stm32.10.3-2021.10.win32_1.0.0.202111181127/tools/bin/../lib/gcc/arm-none-eabi/10.3.1/../../../../arm-none-eabi/lib/thumb/v7e-m+dp/hard\libc_nano.a
LOAD c:/st/stm32cubeide_1.10.0/stm32cubeide/plugins/com.st.stm32cube.ide.mcu.externaltools.gnu-tools-for-stm32.10.3-2021.10.win32_1.0.0.202111181127/tools/bin/../lib/gcc/arm-none-eabi/10.3.1/../../../../arm-none-eabi/lib/thumb/v7e-m+dp/hard\libnosys.a
END GROUP
START GROUP
LOAD c:/st/stm32cubeide_1.10.0/stm32cubeide/plugins/com.st.stm32cube.ide.mcu.externaltools.gnu-tools-for-stm32.10.3-2021.10.win32_1.0.0.202111181127/tools/bin/../lib/gcc/arm-none-eabi/10.3.1/thumb/v7e-m+dp/hard\libgcc.a
LOAD c:/st/stm32cubeide_1.10.0/stm32cubeide/plugins/com.st.stm32cube.ide.mcu.externaltools.gnu-tools-for-stm32.10.3-2021.10.win32_1.0.0.202111181127/tools/bin/../lib/gcc/arm-none-eabi/10.3.1/../../../../arm-none-eabi/lib/thumb/v7e-m+dp/hard\libc_nano.a
LOAD c:/st/stm32cubeide_1.10.0/stm32cubeide/plugins/com.st.stm32cube.ide.mcu.externaltools.gnu-tools-for-stm32.10.3-2021.10.win32_1.0.0.202111181127/tools/bin/../lib/gcc/arm-none-eabi/10.3.1/../../../../arm-none-eabi/lib/thumb/v7e-m+dp/hard\libnosys.a
END GROUP
LOAD c:/st/stm32cubeide_1.10.0/stm32cubeide/plugins/com.st.stm32cube.ide.mcu.externaltools.gnu-tools-for-stm32.10.3-2021.10.win32_1.0.0.202111181127/tools/bin/../lib/gcc/arm-none-eabi/10.3.1/thumb/v7e-m+dp/hard/crtend.o
LOAD c:/st/stm32cubeide_1.10.0/stm32cubeide/plugins/com.st.stm32cube.ide.mcu.externaltools.gnu-tools-for-stm32.10.3-2021.10.win32_1.0.0.202111181127/tools/bin/../lib/gcc/arm-none-eabi/10.3.1/thumb/v7e-m+dp/hard/crtn.o
                0x0000000020080000                _estack = (ORIGIN (RAM) + LENGTH (RAM))
                0x0000000000000200                _Min_Heap_Size = 0x200
                0x0000000000000400                _Min_Stack_Size = 0x400

.isr_vector     0x0000000008000000      0x1f8
                0x0000000008000000                . = ALIGN (0x4)
 *(.isr_vector)
 .isr_vector    0x0000000008000000      0x1f8 ./Core/Startup/startup_stm32f767zitx.o
                0x0000000008000000                g_pfnVectors
                0x00000000080001f8                . = ALIGN (0x4)

.text           0x0000000008000200     0x76f8
                0x0000000008000200                . = ALIGN (0x4)
 *(.text)
 .text          0x0000000008000200       0x40 c:/st/stm32cubeide_1.10.0/stm32cubeide/plugins/com.st.stm32cube.ide.mcu.externaltools.gnu-tools-for-stm32.10.3-2021.10.win32_1.0.0.202111181127/tools/bin/../lib/gcc/arm-none-eabi/10.3.1/thumb/v7e-m+dp/hard/crtbegin.o
 .text          0x0000000008000240       0x94 ./ThridParty/SEGGER/SEGGER/SEGGER_RTT_ASM_ARMv7M.o
                0x0000000008000240                SEGGER_RTT_ASM_WriteSkipNoLock
 .text          0x00000000080002d4       0x30 c:/st/stm32cubeide_1.10.0/stm32cubeide/plugins/com.st.stm32cube.ide.mcu.externaltools.gnu-tools-for-stm32.10.3-2021.10.win32_1.0.0.202111181127/tools/bin/../lib/gcc/arm-none-eabi/10.3.1/thumb/v7e-m+dp/hard\libgcc.a(_aeabi_uldivmod.o)
                0x00000000080002d4                __aeabi_uldivmod
 .text          0x0000000008000304      0x2d0 c:/st/stm32cubeide_1.10.0/stm32cubeide/plugins/com.st.stm32cube.ide.mcu.externaltools.gnu-tools-for-stm32.10.3-2021.10.win32_1.0.0.202111181127/tools/bin/../lib/gcc/arm-none-eabi/10.3.1/thumb/v7e-m+dp/hard\libgcc.a(_udivmoddi4.o)
                0x0000000008000304                __udivmoddi4
 .text          0x00000000080005d4        0x4 c:/st/stm32cubeide_1.10.0/stm32cubeide/plugins/com.st.stm32cube.ide.mcu.externaltools.gnu-tools-for-stm32.10.3-2021.10.win32_1.0.0.202111181127/tools/bin/../lib/gcc/arm-none-eabi/10.3.1/thumb/v7e-m+dp/hard\libgcc.a(_dvmd_tls.o)
                0x00000000080005d4                __aeabi_idiv0
                0x00000000080005d4                __aeabi_ldiv0
 *(.text*)
 .text.main     0x00000000080005d8       0xb4 ./Core/Src/main.o
                0x00000000080005d8                main
 .text.SystemClock_Config
                0x000000000800068c       0xdc ./Core/Src/main.o
                0x000000000800068c                SystemClock_Config
 .text.MX_GPIO_Init
                0x0000000008000768      0x22c ./Core/Src/main.o
 .text.vTask1_handler
                0x0000000008000994       0x24 ./Core/Src/main.o
 .text.vTask2_handler
                0x00000000080009b8       0x24 ./Core/Src/main.o
 .text.HAL_TIM_PeriodElapsedCallback
                0x00000000080009dc       0x24 ./Core/Src/main.o
                0x00000000080009dc                HAL_TIM_PeriodElapsedCallback
 .text.Error_Handler
                0x0000000008000a00        0xa ./Core/Src/main.o
                0x0000000008000a00                Error_Handler
 *fill*         0x0000000008000a0a        0x2 
 .text.HAL_MspInit
                0x0000000008000a0c       0x48 ./Core/Src/stm32f7xx_hal_msp.o
                0x0000000008000a0c                HAL_MspInit
 .text.HAL_InitTick
                0x0000000008000a54       0xf4 ./Core/Src/stm32f7xx_hal_timebase_tim.o
                0x0000000008000a54                HAL_InitTick
 .text.NMI_Handler
                0x0000000008000b48        0x6 ./Core/Src/stm32f7xx_it.o
                0x0000000008000b48                NMI_Handler
 .text.HardFault_Handler
                0x0000000008000b4e        0x6 ./Core/Src/stm32f7xx_it.o
                0x0000000008000b4e                HardFault_Handler
 .text.MemManage_Handler
                0x0000000008000b54        0x6 ./Core/Src/stm32f7xx_it.o
                0x0000000008000b54                MemManage_Handler
 .text.BusFault_Handler
                0x0000000008000b5a        0x6 ./Core/Src/stm32f7xx_it.o
                0x0000000008000b5a                BusFault_Handler
 .text.UsageFault_Handler
                0x0000000008000b60        0x6 ./Core/Src/stm32f7xx_it.o
                0x0000000008000b60                UsageFault_Handler
 .text.DebugMon_Handler
                0x0000000008000b66        0xe ./Core/Src/stm32f7xx_it.o
                0x0000000008000b66                DebugMon_Handler
 .text.TIM6_DAC_IRQHandler
                0x0000000008000b74       0x14 ./Core/Src/stm32f7xx_it.o
                0x0000000008000b74                TIM6_DAC_IRQHandler
 .text._read    0x0000000008000b88       0x3a ./Core/Src/syscalls.o
                0x0000000008000b88                _read
 .text._close   0x0000000008000bc2       0x18 ./Core/Src/syscalls.o
                0x0000000008000bc2                _close
 .text._fstat   0x0000000008000bda       0x20 ./Core/Src/syscalls.o
                0x0000000008000bda                _fstat
 .text._isatty  0x0000000008000bfa       0x16 ./Core/Src/syscalls.o
                0x0000000008000bfa                _isatty
 .text._lseek   0x0000000008000c10       0x1a ./Core/Src/syscalls.o
                0x0000000008000c10                _lseek
 *fill*         0x0000000008000c2a        0x2 
 .text._sbrk    0x0000000008000c2c       0x6c ./Core/Src/sysmem.o
                0x0000000008000c2c                _sbrk
 .text.SystemInit
                0x0000000008000c98       0x24 ./Core/Src/system_stm32f7xx.o
                0x0000000008000c98                SystemInit
 .text.Reset_Handler
                0x0000000008000cbc       0x50 ./Core/Startup/startup_stm32f767zitx.o
                0x0000000008000cbc                Reset_Handler
 .text.Default_Handler
                0x0000000008000d0c        0x2 ./Core/Startup/startup_stm32f767zitx.o
                0x0000000008000d0c                RTC_Alarm_IRQHandler
                0x0000000008000d0c                EXTI2_IRQHandler
                0x0000000008000d0c                TIM8_CC_IRQHandler
                0x0000000008000d0c                UART8_IRQHandler
                0x0000000008000d0c                SPI4_IRQHandler
                0x0000000008000d0c                TIM1_CC_IRQHandler
                0x0000000008000d0c                DMA2_Stream5_IRQHandler
                0x0000000008000d0c                JPEG_IRQHandler
                0x0000000008000d0c                DMA1_Stream5_IRQHandler
                0x0000000008000d0c                CAN3_RX1_IRQHandler
                0x0000000008000d0c                PVD_IRQHandler
                0x0000000008000d0c                TAMP_STAMP_IRQHandler
                0x0000000008000d0c                CAN2_RX1_IRQHandler
                0x0000000008000d0c                EXTI3_IRQHandler
                0x0000000008000d0c                TIM8_TRG_COM_TIM14_IRQHandler
                0x0000000008000d0c                DFSDM1_FLT1_IRQHandler
                0x0000000008000d0c                TIM1_UP_TIM10_IRQHandler
                0x0000000008000d0c                TIM8_UP_TIM13_IRQHandler
                0x0000000008000d0c                I2C3_ER_IRQHandler
                0x0000000008000d0c                DFSDM1_FLT2_IRQHandler
                0x0000000008000d0c                EXTI0_IRQHandler
                0x0000000008000d0c                I2C2_EV_IRQHandler
                0x0000000008000d0c                DMA1_Stream2_IRQHandler
                0x0000000008000d0c                CAN1_RX0_IRQHandler
                0x0000000008000d0c                FPU_IRQHandler
                0x0000000008000d0c                OTG_HS_WKUP_IRQHandler
                0x0000000008000d0c                CAN3_SCE_IRQHandler
                0x0000000008000d0c                LTDC_ER_IRQHandler
                0x0000000008000d0c                CAN2_SCE_IRQHandler
                0x0000000008000d0c                DMA2_Stream2_IRQHandler
                0x0000000008000d0c                SPI1_IRQHandler
                0x0000000008000d0c                TIM1_BRK_TIM9_IRQHandler
                0x0000000008000d0c                DCMI_IRQHandler
                0x0000000008000d0c                CAN2_RX0_IRQHandler
                0x0000000008000d0c                DMA2_Stream3_IRQHandler
                0x0000000008000d0c                SAI2_IRQHandler
                0x0000000008000d0c                DFSDM1_FLT3_IRQHandler
                0x0000000008000d0c                USART6_IRQHandler
                0x0000000008000d0c                CAN3_RX0_IRQHandler
                0x0000000008000d0c                CAN1_RX1_IRQHandler
                0x0000000008000d0c                UART5_IRQHandler
                0x0000000008000d0c                DMA2_Stream0_IRQHandler
                0x0000000008000d0c                TIM4_IRQHandler
                0x0000000008000d0c                QUADSPI_IRQHandler
                0x0000000008000d0c                I2C1_EV_IRQHandler
                0x0000000008000d0c                DMA1_Stream6_IRQHandler
                0x0000000008000d0c                DMA1_Stream1_IRQHandler
                0x0000000008000d0c                UART4_IRQHandler
                0x0000000008000d0c                TIM3_IRQHandler
                0x0000000008000d0c                RCC_IRQHandler
                0x0000000008000d0c                TIM8_BRK_TIM12_IRQHandler
                0x0000000008000d0c                Default_Handler
                0x0000000008000d0c                CEC_IRQHandler
                0x0000000008000d0c                EXTI15_10_IRQHandler
                0x0000000008000d0c                ADC_IRQHandler
                0x0000000008000d0c                DMA1_Stream7_IRQHandler
                0x0000000008000d0c                SPI5_IRQHandler
                0x0000000008000d0c                TIM7_IRQHandler
                0x0000000008000d0c                SDMMC1_IRQHandler
                0x0000000008000d0c                CAN2_TX_IRQHandler
                0x0000000008000d0c                TIM5_IRQHandler
                0x0000000008000d0c                DMA2_Stream7_IRQHandler
                0x0000000008000d0c                I2C3_EV_IRQHandler
                0x0000000008000d0c                EXTI9_5_IRQHandler
                0x0000000008000d0c                RTC_WKUP_IRQHandler
                0x0000000008000d0c                LTDC_IRQHandler
                0x0000000008000d0c                ETH_WKUP_IRQHandler
                0x0000000008000d0c                SPDIF_RX_IRQHandler
                0x0000000008000d0c                SPI2_IRQHandler
                0x0000000008000d0c                OTG_HS_EP1_IN_IRQHandler
                0x0000000008000d0c                DMA1_Stream0_IRQHandler
                0x0000000008000d0c                CAN1_TX_IRQHandler
                0x0000000008000d0c                EXTI4_IRQHandler
                0x0000000008000d0c                RNG_IRQHandler
                0x0000000008000d0c                ETH_IRQHandler
                0x0000000008000d0c                OTG_HS_EP1_OUT_IRQHandler
                0x0000000008000d0c                WWDG_IRQHandler
                0x0000000008000d0c                SPI6_IRQHandler
                0x0000000008000d0c                MDIOS_IRQHandler
                0x0000000008000d0c                I2C4_EV_IRQHandler
                0x0000000008000d0c                CAN3_TX_IRQHandler
                0x0000000008000d0c                TIM2_IRQHandler
                0x0000000008000d0c                OTG_FS_WKUP_IRQHandler
                0x0000000008000d0c                TIM1_TRG_COM_TIM11_IRQHandler
                0x0000000008000d0c                OTG_HS_IRQHandler
                0x0000000008000d0c                DMA2D_IRQHandler
                0x0000000008000d0c                EXTI1_IRQHandler
                0x0000000008000d0c                SDMMC2_IRQHandler
                0x0000000008000d0c                UART7_IRQHandler
                0x0000000008000d0c                USART2_IRQHandler
                0x0000000008000d0c                DFSDM1_FLT0_IRQHandler
                0x0000000008000d0c                I2C2_ER_IRQHandler
                0x0000000008000d0c                DMA2_Stream1_IRQHandler
                0x0000000008000d0c                CAN1_SCE_IRQHandler
                0x0000000008000d0c                FLASH_IRQHandler
                0x0000000008000d0c                DMA2_Stream4_IRQHandler
                0x0000000008000d0c                USART1_IRQHandler
                0x0000000008000d0c                OTG_FS_IRQHandler
                0x0000000008000d0c                SPI3_IRQHandler
                0x0000000008000d0c                DMA1_Stream4_IRQHandler
                0x0000000008000d0c                I2C1_ER_IRQHandler
                0x0000000008000d0c                FMC_IRQHandler
                0x0000000008000d0c                LPTIM1_IRQHandler
                0x0000000008000d0c                I2C4_ER_IRQHandler
                0x0000000008000d0c                DMA2_Stream6_IRQHandler
                0x0000000008000d0c                SAI1_IRQHandler
                0x0000000008000d0c                DMA1_Stream3_IRQHandler
 .text.HAL_Init
                0x0000000008000d0e       0x1a ./Drivers/STM32F7xx_HAL_Driver/Src/stm32f7xx_hal.o
                0x0000000008000d0e                HAL_Init
 .text.HAL_IncTick
                0x0000000008000d28       0x28 ./Drivers/STM32F7xx_HAL_Driver/Src/stm32f7xx_hal.o
                0x0000000008000d28                HAL_IncTick
 .text.HAL_GetTick
                0x0000000008000d50       0x18 ./Drivers/STM32F7xx_HAL_Driver/Src/stm32f7xx_hal.o
                0x0000000008000d50                HAL_GetTick
 .text.__NVIC_SetPriorityGrouping
                0x0000000008000d68       0x48 ./Drivers/STM32F7xx_HAL_Driver/Src/stm32f7xx_hal_cortex.o
 .text.__NVIC_GetPriorityGrouping
                0x0000000008000db0       0x1c ./Drivers/STM32F7xx_HAL_Driver/Src/stm32f7xx_hal_cortex.o
 .text.__NVIC_EnableIRQ
                0x0000000008000dcc       0x3c ./Drivers/STM32F7xx_HAL_Driver/Src/stm32f7xx_hal_cortex.o
 .text.__NVIC_SetPriority
                0x0000000008000e08       0x54 ./Drivers/STM32F7xx_HAL_Driver/Src/stm32f7xx_hal_cortex.o
 .text.NVIC_EncodePriority
                0x0000000008000e5c       0x66 ./Drivers/STM32F7xx_HAL_Driver/Src/stm32f7xx_hal_cortex.o
 .text.HAL_NVIC_SetPriorityGrouping
                0x0000000008000ec2       0x16 ./Drivers/STM32F7xx_HAL_Driver/Src/stm32f7xx_hal_cortex.o
                0x0000000008000ec2                HAL_NVIC_SetPriorityGrouping
 .text.HAL_NVIC_SetPriority
                0x0000000008000ed8       0x38 ./Drivers/STM32F7xx_HAL_Driver/Src/stm32f7xx_hal_cortex.o
                0x0000000008000ed8                HAL_NVIC_SetPriority
 .text.HAL_NVIC_EnableIRQ
                0x0000000008000f10       0x1c ./Drivers/STM32F7xx_HAL_Driver/Src/stm32f7xx_hal_cortex.o
                0x0000000008000f10                HAL_NVIC_EnableIRQ
 .text.HAL_GPIO_Init
                0x0000000008000f2c      0x358 ./Drivers/STM32F7xx_HAL_Driver/Src/stm32f7xx_hal_gpio.o
                0x0000000008000f2c                HAL_GPIO_Init
 .text.HAL_GPIO_WritePin
                0x0000000008001284       0x32 ./Drivers/STM32F7xx_HAL_Driver/Src/stm32f7xx_hal_gpio.o
                0x0000000008001284                HAL_GPIO_WritePin
 *fill*         0x00000000080012b6        0x2 
 .text.HAL_PWREx_EnableOverDrive
                0x00000000080012b8       0xa0 ./Drivers/STM32F7xx_HAL_Driver/Src/stm32f7xx_hal_pwr_ex.o
                0x00000000080012b8                HAL_PWREx_EnableOverDrive
 .text.HAL_RCC_OscConfig
                0x0000000008001358      0x55c ./Drivers/STM32F7xx_HAL_Driver/Src/stm32f7xx_hal_rcc.o
                0x0000000008001358                HAL_RCC_OscConfig
 .text.HAL_RCC_ClockConfig
                0x00000000080018b4      0x1d8 ./Drivers/STM32F7xx_HAL_Driver/Src/stm32f7xx_hal_rcc.o
                0x00000000080018b4                HAL_RCC_ClockConfig
 .text.HAL_RCC_GetSysClockFreq
                0x0000000008001a8c      0x208 ./Drivers/STM32F7xx_HAL_Driver/Src/stm32f7xx_hal_rcc.o
                0x0000000008001a8c                HAL_RCC_GetSysClockFreq
 .text.HAL_RCC_GetHCLKFreq
                0x0000000008001c94       0x18 ./Drivers/STM32F7xx_HAL_Driver/Src/stm32f7xx_hal_rcc.o
                0x0000000008001c94                HAL_RCC_GetHCLKFreq
 .text.HAL_RCC_GetPCLK1Freq
                0x0000000008001cac       0x28 ./Drivers/STM32F7xx_HAL_Driver/Src/stm32f7xx_hal_rcc.o
                0x0000000008001cac                HAL_RCC_GetPCLK1Freq
 .text.HAL_RCC_GetClockConfig
                0x0000000008001cd4       0x64 ./Drivers/STM32F7xx_HAL_Driver/Src/stm32f7xx_hal_rcc.o
                0x0000000008001cd4                HAL_RCC_GetClockConfig
 .text.HAL_TIM_Base_Init
                0x0000000008001d38       0xae ./Drivers/STM32F7xx_HAL_Driver/Src/stm32f7xx_hal_tim.o
                0x0000000008001d38                HAL_TIM_Base_Init
 .text.HAL_TIM_Base_MspInit
                0x0000000008001de6       0x14 ./Drivers/STM32F7xx_HAL_Driver/Src/stm32f7xx_hal_tim.o
                0x0000000008001de6                HAL_TIM_Base_MspInit
 *fill*         0x0000000008001dfa        0x2 
 .text.HAL_TIM_Base_Start_IT
                0x0000000008001dfc       0xf0 ./Drivers/STM32F7xx_HAL_Driver/Src/stm32f7xx_hal_tim.o
                0x0000000008001dfc                HAL_TIM_Base_Start_IT
 .text.HAL_TIM_IRQHandler
                0x0000000008001eec      0x20e ./Drivers/STM32F7xx_HAL_Driver/Src/stm32f7xx_hal_tim.o
                0x0000000008001eec                HAL_TIM_IRQHandler
 .text.HAL_TIM_OC_DelayElapsedCallback
                0x00000000080020fa       0x14 ./Drivers/STM32F7xx_HAL_Driver/Src/stm32f7xx_hal_tim.o
                0x00000000080020fa                HAL_TIM_OC_DelayElapsedCallback
 .text.HAL_TIM_IC_CaptureCallback
                0x000000000800210e       0x14 ./Drivers/STM32F7xx_HAL_Driver/Src/stm32f7xx_hal_tim.o
                0x000000000800210e                HAL_TIM_IC_CaptureCallback
 .text.HAL_TIM_PWM_PulseFinishedCallback
                0x0000000008002122       0x14 ./Drivers/STM32F7xx_HAL_Driver/Src/stm32f7xx_hal_tim.o
                0x0000000008002122                HAL_TIM_PWM_PulseFinishedCallback
 .text.HAL_TIM_TriggerCallback
                0x0000000008002136       0x14 ./Drivers/STM32F7xx_HAL_Driver/Src/stm32f7xx_hal_tim.o
                0x0000000008002136                HAL_TIM_TriggerCallback
 *fill*         0x000000000800214a        0x2 
 .text.TIM_Base_SetConfig
                0x000000000800214c      0x158 ./Drivers/STM32F7xx_HAL_Driver/Src/stm32f7xx_hal_tim.o
                0x000000000800214c                TIM_Base_SetConfig
 .text.HAL_TIMEx_CommutCallback
                0x00000000080022a4       0x14 ./Drivers/STM32F7xx_HAL_Driver/Src/stm32f7xx_hal_tim_ex.o
                0x00000000080022a4                HAL_TIMEx_CommutCallback
 .text.HAL_TIMEx_BreakCallback
                0x00000000080022b8       0x14 ./Drivers/STM32F7xx_HAL_Driver/Src/stm32f7xx_hal_tim_ex.o
                0x00000000080022b8                HAL_TIMEx_BreakCallback
 .text.HAL_TIMEx_Break2Callback
                0x00000000080022cc       0x14 ./Drivers/STM32F7xx_HAL_Driver/Src/stm32f7xx_hal_tim_ex.o
                0x00000000080022cc                HAL_TIMEx_Break2Callback
 .text.vListInitialise
                0x00000000080022e0       0x40 ./ThridParty/FreeRTOS/list.o
                0x00000000080022e0                vListInitialise
 .text.vListInitialiseItem
                0x0000000008002320       0x1a ./ThridParty/FreeRTOS/list.o
                0x0000000008002320                vListInitialiseItem
 .text.vListInsertEnd
                0x000000000800233a       0x48 ./ThridParty/FreeRTOS/list.o
                0x000000000800233a                vListInsertEnd
 .text.vListInsert
                0x0000000008002382       0x72 ./ThridParty/FreeRTOS/list.o
                0x0000000008002382                vListInsert
 .text.uxListRemove
                0x00000000080023f4       0x54 ./ThridParty/FreeRTOS/list.o
                0x00000000080023f4                uxListRemove
 .text.xQueueGenericReset
                0x0000000008002448       0xb6 ./ThridParty/FreeRTOS/queue.o
                0x0000000008002448                xQueueGenericReset
 .text.xQueueGenericCreate
                0x00000000080024fe       0xbe ./ThridParty/FreeRTOS/queue.o
                0x00000000080024fe                xQueueGenericCreate
 .text.prvInitialiseNewQueue
                0x00000000080025bc       0x52 ./ThridParty/FreeRTOS/queue.o
 *fill*         0x000000000800260e        0x2 
 .text.xQueueGenericSend
                0x0000000008002610      0x21c ./ThridParty/FreeRTOS/queue.o
                0x0000000008002610                xQueueGenericSend
 .text.xQueueGenericSendFromISR
                0x000000000800282c      0x17c ./ThridParty/FreeRTOS/queue.o
                0x000000000800282c                xQueueGenericSendFromISR
 .text.xQueueReceive
                0x00000000080029a8      0x20c ./ThridParty/FreeRTOS/queue.o
                0x00000000080029a8                xQueueReceive
 .text.prvCopyDataToQueue
                0x0000000008002bb4       0xd4 ./ThridParty/FreeRTOS/queue.o
 .text.prvCopyDataFromQueue
                0x0000000008002c88       0x4c ./ThridParty/FreeRTOS/queue.o
 .text.prvUnlockQueue
                0x0000000008002cd4       0xa4 ./ThridParty/FreeRTOS/queue.o
 .text.prvIsQueueEmpty
                0x0000000008002d78       0x2c ./ThridParty/FreeRTOS/queue.o
 .text.prvIsQueueFull
                0x0000000008002da4       0x30 ./ThridParty/FreeRTOS/queue.o
 .text.vQueueAddToRegistry
                0x0000000008002dd4       0x64 ./ThridParty/FreeRTOS/queue.o
                0x0000000008002dd4                vQueueAddToRegistry
 .text.vQueueWaitForMessageRestricted
                0x0000000008002e38       0x68 ./ThridParty/FreeRTOS/queue.o
                0x0000000008002e38                vQueueWaitForMessageRestricted
 .text.xTaskCreate
                0x0000000008002ea0       0x82 ./ThridParty/FreeRTOS/tasks.o
                0x0000000008002ea0                xTaskCreate
 .text.prvInitialiseNewTask
                0x0000000008002f22      0x12c ./ThridParty/FreeRTOS/tasks.o
 *fill*         0x000000000800304e        0x2 
 .text.prvAddNewTaskToReadyList
                0x0000000008003050       0xfc ./ThridParty/FreeRTOS/tasks.o
 .text.vTaskStartScheduler
                0x000000000800314c       0xc4 ./ThridParty/FreeRTOS/tasks.o
                0x000000000800314c                vTaskStartScheduler
 .text.vTaskSuspendAll
                0x0000000008003210       0x1c ./ThridParty/FreeRTOS/tasks.o
                0x0000000008003210                vTaskSuspendAll
 .text.xTaskResumeAll
                0x000000000800322c      0x124 ./ThridParty/FreeRTOS/tasks.o
                0x000000000800322c                xTaskResumeAll
 .text.xTaskGetTickCount
                0x0000000008003350       0x20 ./ThridParty/FreeRTOS/tasks.o
                0x0000000008003350                xTaskGetTickCount
 .text.xTaskGetTickCountFromISR
                0x0000000008003370       0x24 ./ThridParty/FreeRTOS/tasks.o
                0x0000000008003370                xTaskGetTickCountFromISR
 .text.xTaskIncrementTick
                0x0000000008003394      0x134 ./ThridParty/FreeRTOS/tasks.o
                0x0000000008003394                xTaskIncrementTick
 .text.vTaskSwitchContext
                0x00000000080034c8       0xd4 ./ThridParty/FreeRTOS/tasks.o
                0x00000000080034c8                vTaskSwitchContext
 .text.vTaskPlaceOnEventList
                0x000000000800359c       0x48 ./ThridParty/FreeRTOS/tasks.o
                0x000000000800359c                vTaskPlaceOnEventList
 .text.vTaskPlaceOnEventListRestricted
                0x00000000080035e4       0x5c ./ThridParty/FreeRTOS/tasks.o
                0x00000000080035e4                vTaskPlaceOnEventListRestricted
 .text.xTaskRemoveFromEventList
                0x0000000008003640       0xcc ./ThridParty/FreeRTOS/tasks.o
                0x0000000008003640                xTaskRemoveFromEventList
 .text.vTaskInternalSetTimeOutState
                0x000000000800370c       0x2c ./ThridParty/FreeRTOS/tasks.o
                0x000000000800370c                vTaskInternalSetTimeOutState
 .text.xTaskCheckForTimeOut
                0x0000000008003738       0xcc ./ThridParty/FreeRTOS/tasks.o
                0x0000000008003738                xTaskCheckForTimeOut
 .text.vTaskMissedYield
                0x0000000008003804       0x18 ./ThridParty/FreeRTOS/tasks.o
                0x0000000008003804                vTaskMissedYield
 .text.prvIdleTask
                0x000000000800381c       0x24 ./ThridParty/FreeRTOS/tasks.o
 .text.prvInitialiseTaskLists
                0x0000000008003840       0x80 ./ThridParty/FreeRTOS/tasks.o
 .text.prvCheckTasksWaitingTermination
                0x00000000080038c0       0x5c ./ThridParty/FreeRTOS/tasks.o
 .text.prvDeleteTCB
                0x000000000800391c       0x20 ./ThridParty/FreeRTOS/tasks.o
 .text.prvResetNextTaskUnblockTime
                0x000000000800393c       0x38 ./ThridParty/FreeRTOS/tasks.o
 .text.xTaskGetSchedulerState
                0x0000000008003974       0x3c ./ThridParty/FreeRTOS/tasks.o
                0x0000000008003974                xTaskGetSchedulerState
 .text.xTaskPriorityDisinherit
                0x00000000080039b0      0x100 ./ThridParty/FreeRTOS/tasks.o
                0x00000000080039b0                xTaskPriorityDisinherit
 .text.prvAddCurrentTaskToDelayedList
                0x0000000008003ab0       0xf0 ./ThridParty/FreeRTOS/tasks.o
 .text.xTimerCreateTimerTask
                0x0000000008003ba0       0x64 ./ThridParty/FreeRTOS/timers.o
                0x0000000008003ba0                xTimerCreateTimerTask
 .text.xTimerGenericCommand
                0x0000000008003c04       0x9c ./ThridParty/FreeRTOS/timers.o
                0x0000000008003c04                xTimerGenericCommand
 .text.prvProcessExpiredTimer
                0x0000000008003ca0       0x98 ./ThridParty/FreeRTOS/timers.o
 .text.prvTimerTask
                0x0000000008003d38       0x24 ./ThridParty/FreeRTOS/timers.o
 .text.prvProcessTimerOrBlockTask
                0x0000000008003d5c       0x9c ./ThridParty/FreeRTOS/timers.o
 .text.prvGetNextExpireTime
                0x0000000008003df8       0x48 ./ThridParty/FreeRTOS/timers.o
 .text.prvSampleTimeNow
                0x0000000008003e40       0x40 ./ThridParty/FreeRTOS/timers.o
 .text.prvInsertTimerInActiveList
                0x0000000008003e80       0x84 ./ThridParty/FreeRTOS/timers.o
 .text.prvProcessReceivedCommands
                0x0000000008003f04      0x18c ./ThridParty/FreeRTOS/timers.o
 .text.prvSwitchTimerLists
                0x0000000008004090       0xc8 ./ThridParty/FreeRTOS/timers.o
 .text.prvCheckForValidListAndQueue
                0x0000000008004158       0x6c ./ThridParty/FreeRTOS/timers.o
 .text.pxPortInitialiseStack
                0x00000000080041c4       0x68 ./ThridParty/FreeRTOS/portable/GCC/ARM_CM4F/port.o
                0x00000000080041c4                pxPortInitialiseStack
 .text.prvTaskExitError
                0x000000000800422c       0x58 ./ThridParty/FreeRTOS/portable/GCC/ARM_CM4F/port.o
 *fill*         0x0000000008004284        0xc 
 .text.SVC_Handler
                0x0000000008004290       0x28 ./ThridParty/FreeRTOS/portable/GCC/ARM_CM4F/port.o
                0x0000000008004290                SVC_Handler
 .text.prvPortStartFirstTask
                0x00000000080042b8       0x2c ./ThridParty/FreeRTOS/portable/GCC/ARM_CM4F/port.o
 .text.xPortStartScheduler
                0x00000000080042e4      0x144 ./ThridParty/FreeRTOS/portable/GCC/ARM_CM4F/port.o
                0x00000000080042e4                xPortStartScheduler
 .text.vInitPrioGroupValue
                0x0000000008004428       0xfc ./ThridParty/FreeRTOS/portable/GCC/ARM_CM4F/port.o
                0x0000000008004428                vInitPrioGroupValue
 .text.vPortEnterCritical
                0x0000000008004524       0x60 ./ThridParty/FreeRTOS/portable/GCC/ARM_CM4F/port.o
                0x0000000008004524                vPortEnterCritical
 .text.vPortExitCritical
                0x0000000008004584       0x54 ./ThridParty/FreeRTOS/portable/GCC/ARM_CM4F/port.o
                0x0000000008004584                vPortExitCritical
 *fill*         0x00000000080045d8        0x8 
 .text.PendSV_Handler
                0x00000000080045e0       0x68 ./ThridParty/FreeRTOS/portable/GCC/ARM_CM4F/port.o
                0x00000000080045e0                PendSV_Handler
 .text.SysTick_Handler
                0x0000000008004648       0x54 ./ThridParty/FreeRTOS/portable/GCC/ARM_CM4F/port.o
                0x0000000008004648                SysTick_Handler
 .text.vPortSetupTimerInterrupt
                0x000000000800469c       0x48 ./ThridParty/FreeRTOS/portable/GCC/ARM_CM4F/port.o
                0x000000000800469c                vPortSetupTimerInterrupt
 .text.vPortEnableVFP
                0x00000000080046e4       0x18 ./ThridParty/FreeRTOS/portable/GCC/ARM_CM4F/port.o
 .text.vPortValidateInterruptPriority
                0x00000000080046fc       0x80 ./ThridParty/FreeRTOS/portable/GCC/ARM_CM4F/port.o
                0x00000000080046fc                vPortValidateInterruptPriority
 .text.pvPortMalloc
                0x000000000800477c      0x1c0 ./ThridParty/FreeRTOS/portable/MemMang/heap_4.o
                0x000000000800477c                pvPortMalloc
 .text.vPortFree
                0x000000000800493c       0xc4 ./ThridParty/FreeRTOS/portable/MemMang/heap_4.o
                0x000000000800493c                vPortFree
 .text.prvHeapInit
                0x0000000008004a00       0xc4 ./ThridParty/FreeRTOS/portable/MemMang/heap_4.o
 .text.prvInsertBlockIntoFreeList
                0x0000000008004ac4       0xb4 ./ThridParty/FreeRTOS/portable/MemMang/heap_4.o
 .text._cbSendSystemDesc
                0x0000000008004b78       0x1c ./ThridParty/SEGGER/Config/SEGGER_SYSVIEW_Config_FreeRTOS.o
 .text.SEGGER_SYSVIEW_Conf
                0x0000000008004b94       0x2c ./ThridParty/SEGGER/Config/SEGGER_SYSVIEW_Config_FreeRTOS.o
                0x0000000008004b94                SEGGER_SYSVIEW_Conf
 .text._cbSendTaskList
                0x0000000008004bc0       0x90 ./ThridParty/SEGGER/OS/SEGGER_SYSVIEW_FreeRTOS.o
 .text._cbGetTime
                0x0000000008004c50       0x86 ./ThridParty/SEGGER/OS/SEGGER_SYSVIEW_FreeRTOS.o
 *fill*         0x0000000008004cd6        0x2 
 .text.SYSVIEW_AddTask
                0x0000000008004cd8       0xd0 ./ThridParty/SEGGER/OS/SEGGER_SYSVIEW_FreeRTOS.o
                0x0000000008004cd8                SYSVIEW_AddTask
 .text.SYSVIEW_SendTaskInfo
                0x0000000008004da8       0x42 ./ThridParty/SEGGER/OS/SEGGER_SYSVIEW_FreeRTOS.o
                0x0000000008004da8                SYSVIEW_SendTaskInfo
 *fill*         0x0000000008004dea        0x2 
 .text.__NVIC_EnableIRQ
                0x0000000008004dec       0x3c ./ThridParty/SEGGER/Rec/segger_uart.o
 .text.__NVIC_SetPriority
                0x0000000008004e28       0x54 ./ThridParty/SEGGER/Rec/segger_uart.o
 .text._StartSysView
                0x0000000008004e7c       0x1e ./ThridParty/SEGGER/Rec/segger_uart.o
 *fill*         0x0000000008004e9a        0x2 
 .text._cbOnUARTRx
                0x0000000008004e9c       0x40 ./ThridParty/SEGGER/Rec/segger_uart.o
 .text._cbOnUARTTx
                0x0000000008004edc       0x64 ./ThridParty/SEGGER/Rec/segger_uart.o
 .text.SEGGER_UART_init
                0x0000000008004f40       0x24 ./ThridParty/SEGGER/Rec/segger_uart.o
                0x0000000008004f40                SEGGER_UART_init
 .text.USART3_IRQHandler
                0x0000000008004f64       0x98 ./ThridParty/SEGGER/Rec/segger_uart.o
                0x0000000008004f64                USART3_IRQHandler
 .text.HIF_UART_EnableTXEInterrupt
                0x0000000008004ffc       0x20 ./ThridParty/SEGGER/Rec/segger_uart.o
                0x0000000008004ffc                HIF_UART_EnableTXEInterrupt
 .text.HIF_UART_Init
                0x000000000800501c       0xf4 ./ThridParty/SEGGER/Rec/segger_uart.o
                0x000000000800501c                HIF_UART_Init
 .text._DoInit  0x0000000008005110       0xb4 ./ThridParty/SEGGER/SEGGER/SEGGER_RTT.o
 .text._WriteBlocking
                0x00000000080051c4       0xba ./ThridParty/SEGGER/SEGGER/SEGGER_RTT.o
 .text._WriteNoCheck
                0x000000000800527e       0x90 ./ThridParty/SEGGER/SEGGER/SEGGER_RTT.o
 .text._GetAvailWriteSpace
                0x000000000800530e       0x46 ./ThridParty/SEGGER/SEGGER/SEGGER_RTT.o
 .text.SEGGER_RTT_ReadUpBufferNoLock
                0x0000000008005354      0x10c ./ThridParty/SEGGER/SEGGER/SEGGER_RTT.o
                0x0000000008005354                SEGGER_RTT_ReadUpBufferNoLock
 .text.SEGGER_RTT_ReadNoLock
                0x0000000008005460      0x10c ./ThridParty/SEGGER/SEGGER/SEGGER_RTT.o
                0x0000000008005460                SEGGER_RTT_ReadNoLock
 .text.SEGGER_RTT_WriteDownBufferNoLock
                0x000000000800556c       0xa0 ./ThridParty/SEGGER/SEGGER/SEGGER_RTT.o
                0x000000000800556c                SEGGER_RTT_WriteDownBufferNoLock
 .text.SEGGER_RTT_WriteNoLock
                0x000000000800560c       0xa0 ./ThridParty/SEGGER/SEGGER/SEGGER_RTT.o
                0x000000000800560c                SEGGER_RTT_WriteNoLock
 .text.SEGGER_RTT_WriteDownBuffer
                0x00000000080056ac       0x4c ./ThridParty/SEGGER/SEGGER/SEGGER_RTT.o
                0x00000000080056ac                SEGGER_RTT_WriteDownBuffer
 .text.SEGGER_RTT_Write
                0x00000000080056f8       0x4c ./ThridParty/SEGGER/SEGGER/SEGGER_RTT.o
                0x00000000080056f8                SEGGER_RTT_Write
 .text.SEGGER_RTT_AllocUpBuffer
                0x0000000008005744      0x108 ./ThridParty/SEGGER/SEGGER/SEGGER_RTT.o
                0x0000000008005744                SEGGER_RTT_AllocUpBuffer
 .text.SEGGER_RTT_ConfigDownBuffer
                0x000000000800584c       0x98 ./ThridParty/SEGGER/SEGGER/SEGGER_RTT.o
                0x000000000800584c                SEGGER_RTT_ConfigDownBuffer
 .text._EncodeStr
                0x00000000080058e4       0x72 ./ThridParty/SEGGER/SEGGER/SEGGER_SYSVIEW.o
 .text._PreparePacket
                0x0000000008005956       0x18 ./ThridParty/SEGGER/SEGGER/SEGGER_SYSVIEW.o
 *fill*         0x000000000800596e        0x2 
 .text._HandleIncomingPacket
                0x0000000008005970       0xe0 ./ThridParty/SEGGER/SEGGER/SEGGER_SYSVIEW.o
 .text._TrySendOverflowPacket
                0x0000000008005a50       0xe8 ./ThridParty/SEGGER/SEGGER/SEGGER_SYSVIEW.o
 .text._SendPacket
                0x0000000008005b38      0x2e0 ./ThridParty/SEGGER/SEGGER/SEGGER_SYSVIEW.o
 .text.SEGGER_SYSVIEW_Init
                0x0000000008005e18       0x88 ./ThridParty/SEGGER/SEGGER/SEGGER_SYSVIEW.o
                0x0000000008005e18                SEGGER_SYSVIEW_Init
 .text.SEGGER_SYSVIEW_SetRAMBase
                0x0000000008005ea0       0x20 ./ThridParty/SEGGER/SEGGER/SEGGER_SYSVIEW.o
                0x0000000008005ea0                SEGGER_SYSVIEW_SetRAMBase
 .text.SEGGER_SYSVIEW_RecordVoid
                0x0000000008005ec0       0x3c ./ThridParty/SEGGER/SEGGER/SEGGER_SYSVIEW.o
                0x0000000008005ec0                SEGGER_SYSVIEW_RecordVoid
 .text.SEGGER_SYSVIEW_RecordU32
                0x0000000008005efc       0x78 ./ThridParty/SEGGER/SEGGER/SEGGER_SYSVIEW.o
                0x0000000008005efc                SEGGER_SYSVIEW_RecordU32
 .text.SEGGER_SYSVIEW_RecordU32x2
                0x0000000008005f74       0xb4 ./ThridParty/SEGGER/SEGGER/SEGGER_SYSVIEW.o
                0x0000000008005f74                SEGGER_SYSVIEW_RecordU32x2
 .text.SEGGER_SYSVIEW_RecordU32x3
                0x0000000008006028       0xec ./ThridParty/SEGGER/SEGGER/SEGGER_SYSVIEW.o
                0x0000000008006028                SEGGER_SYSVIEW_RecordU32x3
 .text.SEGGER_SYSVIEW_RecordU32x4
                0x0000000008006114      0x124 ./ThridParty/SEGGER/SEGGER/SEGGER_SYSVIEW.o
                0x0000000008006114                SEGGER_SYSVIEW_RecordU32x4
 .text.SEGGER_SYSVIEW_Start
                0x0000000008006238      0x178 ./ThridParty/SEGGER/SEGGER/SEGGER_SYSVIEW.o
                0x0000000008006238                SEGGER_SYSVIEW_Start
 .text.SEGGER_SYSVIEW_Stop
                0x00000000080063b0       0x4c ./ThridParty/SEGGER/SEGGER/SEGGER_SYSVIEW.o
                0x00000000080063b0                SEGGER_SYSVIEW_Stop
 .text.SEGGER_SYSVIEW_GetSysDesc
                0x00000000080063fc      0x134 ./ThridParty/SEGGER/SEGGER/SEGGER_SYSVIEW.o
                0x00000000080063fc                SEGGER_SYSVIEW_GetSysDesc
 .text.SEGGER_SYSVIEW_SendTaskInfo
                0x0000000008006530      0x1c8 ./ThridParty/SEGGER/SEGGER/SEGGER_SYSVIEW.o
                0x0000000008006530                SEGGER_SYSVIEW_SendTaskInfo
 .text.SEGGER_SYSVIEW_SendTaskList
                0x00000000080066f8       0x28 ./ThridParty/SEGGER/SEGGER/SEGGER_SYSVIEW.o
                0x00000000080066f8                SEGGER_SYSVIEW_SendTaskList
 .text.SEGGER_SYSVIEW_SendSysDesc
                0x0000000008006720       0x48 ./ThridParty/SEGGER/SEGGER/SEGGER_SYSVIEW.o
                0x0000000008006720                SEGGER_SYSVIEW_SendSysDesc
 .text.SEGGER_SYSVIEW_RecordSystime
                0x0000000008006768       0x64 ./ThridParty/SEGGER/SEGGER/SEGGER_SYSVIEW.o
                0x0000000008006768                SEGGER_SYSVIEW_RecordSystime
 .text.SEGGER_SYSVIEW_RecordEnterISR
                0x00000000080067cc       0x84 ./ThridParty/SEGGER/SEGGER/SEGGER_SYSVIEW.o
                0x00000000080067cc                SEGGER_SYSVIEW_RecordEnterISR
 .text.SEGGER_SYSVIEW_RecordExitISR
                0x0000000008006850       0x38 ./ThridParty/SEGGER/SEGGER/SEGGER_SYSVIEW.o
                0x0000000008006850                SEGGER_SYSVIEW_RecordExitISR
 .text.SEGGER_SYSVIEW_RecordExitISRToScheduler
                0x0000000008006888       0x38 ./ThridParty/SEGGER/SEGGER/SEGGER_SYSVIEW.o
                0x0000000008006888                SEGGER_SYSVIEW_RecordExitISRToScheduler
 .text.SEGGER_SYSVIEW_OnIdle
                0x00000000080068c0       0x38 ./ThridParty/SEGGER/SEGGER/SEGGER_SYSVIEW.o
                0x00000000080068c0                SEGGER_SYSVIEW_OnIdle
 .text.SEGGER_SYSVIEW_OnTaskCreate
                0x00000000080068f8       0x84 ./ThridParty/SEGGER/SEGGER/SEGGER_SYSVIEW.o
                0x00000000080068f8                SEGGER_SYSVIEW_OnTaskCreate
 .text.SEGGER_SYSVIEW_OnTaskStartExec
                0x000000000800697c       0x84 ./ThridParty/SEGGER/SEGGER/SEGGER_SYSVIEW.o
                0x000000000800697c                SEGGER_SYSVIEW_OnTaskStartExec
 .text.SEGGER_SYSVIEW_OnTaskStartReady
                0x0000000008006a00       0x84 ./ThridParty/SEGGER/SEGGER/SEGGER_SYSVIEW.o
                0x0000000008006a00                SEGGER_SYSVIEW_OnTaskStartReady
 .text.SEGGER_SYSVIEW_OnTaskStopReady
                0x0000000008006a84       0xc0 ./ThridParty/SEGGER/SEGGER/SEGGER_SYSVIEW.o
                0x0000000008006a84                SEGGER_SYSVIEW_OnTaskStopReady
 .text.SEGGER_SYSVIEW_ShrinkId
                0x0000000008006b44       0x20 ./ThridParty/SEGGER/SEGGER/SEGGER_SYSVIEW.o
                0x0000000008006b44                SEGGER_SYSVIEW_ShrinkId
 .text.SEGGER_SYSVIEW_SendModule
                0x0000000008006b64      0x114 ./ThridParty/SEGGER/SEGGER/SEGGER_SYSVIEW.o
                0x0000000008006b64                SEGGER_SYSVIEW_SendModule
 .text.SEGGER_SYSVIEW_SendModuleDescription
                0x0000000008006c78       0x3c ./ThridParty/SEGGER/SEGGER/SEGGER_SYSVIEW.o
                0x0000000008006c78                SEGGER_SYSVIEW_SendModuleDescription
 .text.SEGGER_SYSVIEW_SendNumModules
                0x0000000008006cb4       0x7c ./ThridParty/SEGGER/SEGGER/SEGGER_SYSVIEW.o
                0x0000000008006cb4                SEGGER_SYSVIEW_SendNumModules
 .text.SEGGER_SYSVIEW_Warn
                0x0000000008006d30       0xb8 ./ThridParty/SEGGER/SEGGER/SEGGER_SYSVIEW.o
                0x0000000008006d30                SEGGER_SYSVIEW_Warn
 .text.SEGGER_SYSVIEW_IsStarted
                0x0000000008006de8       0x5c ./ThridParty/SEGGER/SEGGER/SEGGER_SYSVIEW.o
                0x0000000008006de8                SEGGER_SYSVIEW_IsStarted
 .text._write_r
                0x0000000008006e44       0x22 ./ThridParty/SEGGER/SEGGER/Syscalls/SEGGER_RTT_Syscalls_GCC.o
                0x0000000008006e44                _write_r
 *fill*         0x0000000008006e66        0x2 
 .text.__errno  0x0000000008006e68        0xc c:/st/stm32cubeide_1.10.0/stm32cubeide/plugins/com.st.stm32cube.ide.mcu.externaltools.gnu-tools-for-stm32.10.3-2021.10.win32_1.0.0.202111181127/tools/bin/../lib/gcc/arm-none-eabi/10.3.1/../../../../arm-none-eabi/lib/thumb/v7e-m+dp/hard\libc_nano.a(lib_a-errno.o)
                0x0000000008006e68                __errno
 .text.__libc_init_array
                0x0000000008006e74       0x48 c:/st/stm32cubeide_1.10.0/stm32cubeide/plugins/com.st.stm32cube.ide.mcu.externaltools.gnu-tools-for-stm32.10.3-2021.10.win32_1.0.0.202111181127/tools/bin/../lib/gcc/arm-none-eabi/10.3.1/../../../../arm-none-eabi/lib/thumb/v7e-m+dp/hard\libc_nano.a(lib_a-init.o)
                0x0000000008006e74                __libc_init_array
 .text.memcmp   0x0000000008006ebc       0x20 c:/st/stm32cubeide_1.10.0/stm32cubeide/plugins/com.st.stm32cube.ide.mcu.externaltools.gnu-tools-for-stm32.10.3-2021.10.win32_1.0.0.202111181127/tools/bin/../lib/gcc/arm-none-eabi/10.3.1/../../../../arm-none-eabi/lib/thumb/v7e-m+dp/hard\libc_nano.a(lib_a-memcmp.o)
                0x0000000008006ebc                memcmp
 .text.memcpy   0x0000000008006edc       0x1c c:/st/stm32cubeide_1.10.0/stm32cubeide/plugins/com.st.stm32cube.ide.mcu.externaltools.gnu-tools-for-stm32.10.3-2021.10.win32_1.0.0.202111181127/tools/bin/../lib/gcc/arm-none-eabi/10.3.1/../../../../arm-none-eabi/lib/thumb/v7e-m+dp/hard\libc_nano.a(lib_a-memcpy-stub.o)
                0x0000000008006edc                memcpy
 .text.memset   0x0000000008006ef8       0x10 c:/st/stm32cubeide_1.10.0/stm32cubeide/plugins/com.st.stm32cube.ide.mcu.externaltools.gnu-tools-for-stm32.10.3-2021.10.win32_1.0.0.202111181127/tools/bin/../lib/gcc/arm-none-eabi/10.3.1/../../../../arm-none-eabi/lib/thumb/v7e-m+dp/hard\libc_nano.a(lib_a-memset.o)
                0x0000000008006ef8                memset
 .text._puts_r  0x0000000008006f08       0xdc c:/st/stm32cubeide_1.10.0/stm32cubeide/plugins/com.st.stm32cube.ide.mcu.externaltools.gnu-tools-for-stm32.10.3-2021.10.win32_1.0.0.202111181127/tools/bin/../lib/gcc/arm-none-eabi/10.3.1/../../../../arm-none-eabi/lib/thumb/v7e-m+dp/hard\libc_nano.a(lib_a-puts.o)
                0x0000000008006f08                _puts_r
 .text.puts     0x0000000008006fe4       0x10 c:/st/stm32cubeide_1.10.0/stm32cubeide/plugins/com.st.stm32cube.ide.mcu.externaltools.gnu-tools-for-stm32.10.3-2021.10.win32_1.0.0.202111181127/tools/bin/../lib/gcc/arm-none-eabi/10.3.1/../../../../arm-none-eabi/lib/thumb/v7e-m+dp/hard\libc_nano.a(lib_a-puts.o)
                0x0000000008006fe4                puts
 .text.__swbuf_r
                0x0000000008006ff4       0xa4 c:/st/stm32cubeide_1.10.0/stm32cubeide/plugins/com.st.stm32cube.ide.mcu.externaltools.gnu-tools-for-stm32.10.3-2021.10.win32_1.0.0.202111181127/tools/bin/../lib/gcc/arm-none-eabi/10.3.1/../../../../arm-none-eabi/lib/thumb/v7e-m+dp/hard\libc_nano.a(lib_a-wbuf.o)
                0x0000000008006ff4                __swbuf_r
 .text.__swsetup_r
                0x0000000008007098       0xdc c:/st/stm32cubeide_1.10.0/stm32cubeide/plugins/com.st.stm32cube.ide.mcu.externaltools.gnu-tools-for-stm32.10.3-2021.10.win32_1.0.0.202111181127/tools/bin/../lib/gcc/arm-none-eabi/10.3.1/../../../../arm-none-eabi/lib/thumb/v7e-m+dp/hard\libc_nano.a(lib_a-wsetup.o)
                0x0000000008007098                __swsetup_r
 .text.__sflush_r
                0x0000000008007174      0x10c c:/st/stm32cubeide_1.10.0/stm32cubeide/plugins/com.st.stm32cube.ide.mcu.externaltools.gnu-tools-for-stm32.10.3-2021.10.win32_1.0.0.202111181127/tools/bin/../lib/gcc/arm-none-eabi/10.3.1/../../../../arm-none-eabi/lib/thumb/v7e-m+dp/hard\libc_nano.a(lib_a-fflush.o)
                0x0000000008007174                __sflush_r
 .text._fflush_r
                0x0000000008007280       0x78 c:/st/stm32cubeide_1.10.0/stm32cubeide/plugins/com.st.stm32cube.ide.mcu.externaltools.gnu-tools-for-stm32.10.3-2021.10.win32_1.0.0.202111181127/tools/bin/../lib/gcc/arm-none-eabi/10.3.1/../../../../arm-none-eabi/lib/thumb/v7e-m+dp/hard\libc_nano.a(lib_a-fflush.o)
                0x0000000008007280                _fflush_r
 .text.std      0x00000000080072f8       0x48 c:/st/stm32cubeide_1.10.0/stm32cubeide/plugins/com.st.stm32cube.ide.mcu.externaltools.gnu-tools-for-stm32.10.3-2021.10.win32_1.0.0.202111181127/tools/bin/../lib/gcc/arm-none-eabi/10.3.1/../../../../arm-none-eabi/lib/thumb/v7e-m+dp/hard\libc_nano.a(lib_a-findfp.o)
 .text._cleanup_r
                0x0000000008007340        0xc c:/st/stm32cubeide_1.10.0/stm32cubeide/plugins/com.st.stm32cube.ide.mcu.externaltools.gnu-tools-for-stm32.10.3-2021.10.win32_1.0.0.202111181127/tools/bin/../lib/gcc/arm-none-eabi/10.3.1/../../../../arm-none-eabi/lib/thumb/v7e-m+dp/hard\libc_nano.a(lib_a-findfp.o)
                0x0000000008007340                _cleanup_r
 .text.__sfmoreglue
                0x000000000800734c       0x2c c:/st/stm32cubeide_1.10.0/stm32cubeide/plugins/com.st.stm32cube.ide.mcu.externaltools.gnu-tools-for-stm32.10.3-2021.10.win32_1.0.0.202111181127/tools/bin/../lib/gcc/arm-none-eabi/10.3.1/../../../../arm-none-eabi/lib/thumb/v7e-m+dp/hard\libc_nano.a(lib_a-findfp.o)
                0x000000000800734c                __sfmoreglue
 .text.__sfp_lock_acquire
                0x0000000008007378        0xc c:/st/stm32cubeide_1.10.0/stm32cubeide/plugins/com.st.stm32cube.ide.mcu.externaltools.gnu-tools-for-stm32.10.3-2021.10.win32_1.0.0.202111181127/tools/bin/../lib/gcc/arm-none-eabi/10.3.1/../../../../arm-none-eabi/lib/thumb/v7e-m+dp/hard\libc_nano.a(lib_a-findfp.o)
                0x0000000008007378                __sfp_lock_acquire
 .text.__sfp_lock_release
                0x0000000008007384        0xc c:/st/stm32cubeide_1.10.0/stm32cubeide/plugins/com.st.stm32cube.ide.mcu.externaltools.gnu-tools-for-stm32.10.3-2021.10.win32_1.0.0.202111181127/tools/bin/../lib/gcc/arm-none-eabi/10.3.1/../../../../arm-none-eabi/lib/thumb/v7e-m+dp/hard\libc_nano.a(lib_a-findfp.o)
                0x0000000008007384                __sfp_lock_release
 .text.__sinit_lock_acquire
                0x0000000008007390        0xc c:/st/stm32cubeide_1.10.0/stm32cubeide/plugins/com.st.stm32cube.ide.mcu.externaltools.gnu-tools-for-stm32.10.3-2021.10.win32_1.0.0.202111181127/tools/bin/../lib/gcc/arm-none-eabi/10.3.1/../../../../arm-none-eabi/lib/thumb/v7e-m+dp/hard\libc_nano.a(lib_a-findfp.o)
                0x0000000008007390                __sinit_lock_acquire
 .text.__sinit_lock_release
                0x000000000800739c        0xc c:/st/stm32cubeide_1.10.0/stm32cubeide/plugins/com.st.stm32cube.ide.mcu.externaltools.gnu-tools-for-stm32.10.3-2021.10.win32_1.0.0.202111181127/tools/bin/../lib/gcc/arm-none-eabi/10.3.1/../../../../arm-none-eabi/lib/thumb/v7e-m+dp/hard\libc_nano.a(lib_a-findfp.o)
                0x000000000800739c                __sinit_lock_release
 .text.__sinit  0x00000000080073a8       0x70 c:/st/stm32cubeide_1.10.0/stm32cubeide/plugins/com.st.stm32cube.ide.mcu.externaltools.gnu-tools-for-stm32.10.3-2021.10.win32_1.0.0.202111181127/tools/bin/../lib/gcc/arm-none-eabi/10.3.1/../../../../arm-none-eabi/lib/thumb/v7e-m+dp/hard\libc_nano.a(lib_a-findfp.o)
                0x00000000080073a8                __sinit
 .text.__sfp    0x0000000008007418       0x8c c:/st/stm32cubeide_1.10.0/stm32cubeide/plugins/com.st.stm32cube.ide.mcu.externaltools.gnu-tools-for-stm32.10.3-2021.10.win32_1.0.0.202111181127/tools/bin/../lib/gcc/arm-none-eabi/10.3.1/../../../../arm-none-eabi/lib/thumb/v7e-m+dp/hard\libc_nano.a(lib_a-findfp.o)
                0x0000000008007418                __sfp
 .text._fwalk_reent
                0x00000000080074a4       0x3e c:/st/stm32cubeide_1.10.0/stm32cubeide/plugins/com.st.stm32cube.ide.mcu.externaltools.gnu-tools-for-stm32.10.3-2021.10.win32_1.0.0.202111181127/tools/bin/../lib/gcc/arm-none-eabi/10.3.1/../../../../arm-none-eabi/lib/thumb/v7e-m+dp/hard\libc_nano.a(lib_a-fwalk.o)
                0x00000000080074a4                _fwalk_reent
 .text.__retarget_lock_init_recursive
                0x00000000080074e2        0x2 c:/st/stm32cubeide_1.10.0/stm32cubeide/plugins/com.st.stm32cube.ide.mcu.externaltools.gnu-tools-for-stm32.10.3-2021.10.win32_1.0.0.202111181127/tools/bin/../lib/gcc/arm-none-eabi/10.3.1/../../../../arm-none-eabi/lib/thumb/v7e-m+dp/hard\libc_nano.a(lib_a-lock.o)
                0x00000000080074e2                __retarget_lock_init_recursive
 .text.__retarget_lock_acquire_recursive
                0x00000000080074e4        0x2 c:/st/stm32cubeide_1.10.0/stm32cubeide/plugins/com.st.stm32cube.ide.mcu.externaltools.gnu-tools-for-stm32.10.3-2021.10.win32_1.0.0.202111181127/tools/bin/../lib/gcc/arm-none-eabi/10.3.1/../../../../arm-none-eabi/lib/thumb/v7e-m+dp/hard\libc_nano.a(lib_a-lock.o)
                0x00000000080074e4                __retarget_lock_acquire_recursive
 .text.__retarget_lock_release_recursive
                0x00000000080074e6        0x2 c:/st/stm32cubeide_1.10.0/stm32cubeide/plugins/com.st.stm32cube.ide.mcu.externaltools.gnu-tools-for-stm32.10.3-2021.10.win32_1.0.0.202111181127/tools/bin/../lib/gcc/arm-none-eabi/10.3.1/../../../../arm-none-eabi/lib/thumb/v7e-m+dp/hard\libc_nano.a(lib_a-lock.o)
                0x00000000080074e6                __retarget_lock_release_recursive
 .text.__swhatbuf_r
                0x00000000080074e8       0x4a c:/st/stm32cubeide_1.10.0/stm32cubeide/plugins/com.st.stm32cube.ide.mcu.externaltools.gnu-tools-for-stm32.10.3-2021.10.win32_1.0.0.202111181127/tools/bin/../lib/gcc/arm-none-eabi/10.3.1/../../../../arm-none-eabi/lib/thumb/v7e-m+dp/hard\libc_nano.a(lib_a-makebuf.o)
                0x00000000080074e8                __swhatbuf_r
 *fill*         0x0000000008007532        0x2 
 .text.__smakebuf_r
                0x0000000008007534       0x80 c:/st/stm32cubeide_1.10.0/stm32cubeide/plugins/com.st.stm32cube.ide.mcu.externaltools.gnu-tools-for-stm32.10.3-2021.10.win32_1.0.0.202111181127/tools/bin/../lib/gcc/arm-none-eabi/10.3.1/../../../../arm-none-eabi/lib/thumb/v7e-m+dp/hard\libc_nano.a(lib_a-makebuf.o)
                0x0000000008007534                __smakebuf_r
 .text._free_r  0x00000000080075b4       0x98 c:/st/stm32cubeide_1.10.0/stm32cubeide/plugins/com.st.stm32cube.ide.mcu.externaltools.gnu-tools-for-stm32.10.3-2021.10.win32_1.0.0.202111181127/tools/bin/../lib/gcc/arm-none-eabi/10.3.1/../../../../arm-none-eabi/lib/thumb/v7e-m+dp/hard\libc_nano.a(lib_a-nano-freer.o)
                0x00000000080075b4                _free_r
 .text.sbrk_aligned
                0x000000000800764c       0x40 c:/st/stm32cubeide_1.10.0/stm32cubeide/plugins/com.st.stm32cube.ide.mcu.externaltools.gnu-tools-for-stm32.10.3-2021.10.win32_1.0.0.202111181127/tools/bin/../lib/gcc/arm-none-eabi/10.3.1/../../../../arm-none-eabi/lib/thumb/v7e-m+dp/hard\libc_nano.a(lib_a-nano-mallocr.o)
 .text._malloc_r
                0x000000000800768c       0xe8 c:/st/stm32cubeide_1.10.0/stm32cubeide/plugins/com.st.stm32cube.ide.mcu.externaltools.gnu-tools-for-stm32.10.3-2021.10.win32_1.0.0.202111181127/tools/bin/../lib/gcc/arm-none-eabi/10.3.1/../../../../arm-none-eabi/lib/thumb/v7e-m+dp/hard\libc_nano.a(lib_a-nano-mallocr.o)
                0x000000000800768c                _malloc_r
 .text._sbrk_r  0x0000000008007774       0x20 c:/st/stm32cubeide_1.10.0/stm32cubeide/plugins/com.st.stm32cube.ide.mcu.externaltools.gnu-tools-for-stm32.10.3-2021.10.win32_1.0.0.202111181127/tools/bin/../lib/gcc/arm-none-eabi/10.3.1/../../../../arm-none-eabi/lib/thumb/v7e-m+dp/hard\libc_nano.a(lib_a-sbrkr.o)
                0x0000000008007774                _sbrk_r
 .text.__sread  0x0000000008007794       0x22 c:/st/stm32cubeide_1.10.0/stm32cubeide/plugins/com.st.stm32cube.ide.mcu.externaltools.gnu-tools-for-stm32.10.3-2021.10.win32_1.0.0.202111181127/tools/bin/../lib/gcc/arm-none-eabi/10.3.1/../../../../arm-none-eabi/lib/thumb/v7e-m+dp/hard\libc_nano.a(lib_a-stdio.o)
                0x0000000008007794                __sread
 .text.__swrite
                0x00000000080077b6       0x38 c:/st/stm32cubeide_1.10.0/stm32cubeide/plugins/com.st.stm32cube.ide.mcu.externaltools.gnu-tools-for-stm32.10.3-2021.10.win32_1.0.0.202111181127/tools/bin/../lib/gcc/arm-none-eabi/10.3.1/../../../../arm-none-eabi/lib/thumb/v7e-m+dp/hard\libc_nano.a(lib_a-stdio.o)
                0x00000000080077b6                __swrite
 .text.__sseek  0x00000000080077ee       0x24 c:/st/stm32cubeide_1.10.0/stm32cubeide/plugins/com.st.stm32cube.ide.mcu.externaltools.gnu-tools-for-stm32.10.3-2021.10.win32_1.0.0.202111181127/tools/bin/../lib/gcc/arm-none-eabi/10.3.1/../../../../arm-none-eabi/lib/thumb/v7e-m+dp/hard\libc_nano.a(lib_a-stdio.o)
                0x00000000080077ee                __sseek
 .text.__sclose
                0x0000000008007812        0x8 c:/st/stm32cubeide_1.10.0/stm32cubeide/plugins/com.st.stm32cube.ide.mcu.externaltools.gnu-tools-for-stm32.10.3-2021.10.win32_1.0.0.202111181127/tools/bin/../lib/gcc/arm-none-eabi/10.3.1/../../../../arm-none-eabi/lib/thumb/v7e-m+dp/hard\libc_nano.a(lib_a-stdio.o)
                0x0000000008007812                __sclose
 *fill*         0x000000000800781a        0x2 
 .text._close_r
                0x000000000800781c       0x20 c:/st/stm32cubeide_1.10.0/stm32cubeide/plugins/com.st.stm32cube.ide.mcu.externaltools.gnu-tools-for-stm32.10.3-2021.10.win32_1.0.0.202111181127/tools/bin/../lib/gcc/arm-none-eabi/10.3.1/../../../../arm-none-eabi/lib/thumb/v7e-m+dp/hard\libc_nano.a(lib_a-closer.o)
                0x000000000800781c                _close_r
 .text._fstat_r
                0x000000000800783c       0x24 c:/st/stm32cubeide_1.10.0/stm32cubeide/plugins/com.st.stm32cube.ide.mcu.externaltools.gnu-tools-for-stm32.10.3-2021.10.win32_1.0.0.202111181127/tools/bin/../lib/gcc/arm-none-eabi/10.3.1/../../../../arm-none-eabi/lib/thumb/v7e-m+dp/hard\libc_nano.a(lib_a-fstatr.o)
                0x000000000800783c                _fstat_r
 .text._isatty_r
                0x0000000008007860       0x20 c:/st/stm32cubeide_1.10.0/stm32cubeide/plugins/com.st.stm32cube.ide.mcu.externaltools.gnu-tools-for-stm32.10.3-2021.10.win32_1.0.0.202111181127/tools/bin/../lib/gcc/arm-none-eabi/10.3.1/../../../../arm-none-eabi/lib/thumb/v7e-m+dp/hard\libc_nano.a(lib_a-isattyr.o)
                0x0000000008007860                _isatty_r
 .text._lseek_r
                0x0000000008007880       0x24 c:/st/stm32cubeide_1.10.0/stm32cubeide/plugins/com.st.stm32cube.ide.mcu.externaltools.gnu-tools-for-stm32.10.3-2021.10.win32_1.0.0.202111181127/tools/bin/../lib/gcc/arm-none-eabi/10.3.1/../../../../arm-none-eabi/lib/thumb/v7e-m+dp/hard\libc_nano.a(lib_a-lseekr.o)
                0x0000000008007880                _lseek_r
 .text.__malloc_lock
                0x00000000080078a4        0xc c:/st/stm32cubeide_1.10.0/stm32cubeide/plugins/com.st.stm32cube.ide.mcu.externaltools.gnu-tools-for-stm32.10.3-2021.10.win32_1.0.0.202111181127/tools/bin/../lib/gcc/arm-none-eabi/10.3.1/../../../../arm-none-eabi/lib/thumb/v7e-m+dp/hard\libc_nano.a(lib_a-mlock.o)
                0x00000000080078a4                __malloc_lock
 .text.__malloc_unlock
                0x00000000080078b0        0xc c:/st/stm32cubeide_1.10.0/stm32cubeide/plugins/com.st.stm32cube.ide.mcu.externaltools.gnu-tools-for-stm32.10.3-2021.10.win32_1.0.0.202111181127/tools/bin/../lib/gcc/arm-none-eabi/10.3.1/../../../../arm-none-eabi/lib/thumb/v7e-m+dp/hard\libc_nano.a(lib_a-mlock.o)
                0x00000000080078b0                __malloc_unlock
 .text._read_r  0x00000000080078bc       0x24 c:/st/stm32cubeide_1.10.0/stm32cubeide/plugins/com.st.stm32cube.ide.mcu.externaltools.gnu-tools-for-stm32.10.3-2021.10.win32_1.0.0.202111181127/tools/bin/../lib/gcc/arm-none-eabi/10.3.1/../../../../arm-none-eabi/lib/thumb/v7e-m+dp/hard\libc_nano.a(lib_a-readr.o)
                0x00000000080078bc                _read_r
 *(.glue_7)
 .glue_7        0x00000000080078e0        0x0 linker stubs
 *(.glue_7t)
 .glue_7t       0x00000000080078e0        0x0 linker stubs
 *(.eh_frame)
 .eh_frame      0x00000000080078e0        0x0 c:/st/stm32cubeide_1.10.0/stm32cubeide/plugins/com.st.stm32cube.ide.mcu.externaltools.gnu-tools-for-stm32.10.3-2021.10.win32_1.0.0.202111181127/tools/bin/../lib/gcc/arm-none-eabi/10.3.1/thumb/v7e-m+dp/hard/crtbegin.o
 *(.init)
 .init          0x00000000080078e0        0x4 c:/st/stm32cubeide_1.10.0/stm32cubeide/plugins/com.st.stm32cube.ide.mcu.externaltools.gnu-tools-for-stm32.10.3-2021.10.win32_1.0.0.202111181127/tools/bin/../lib/gcc/arm-none-eabi/10.3.1/thumb/v7e-m+dp/hard/crti.o
                0x00000000080078e0                _init
 .init          0x00000000080078e4        0x8 c:/st/stm32cubeide_1.10.0/stm32cubeide/plugins/com.st.stm32cube.ide.mcu.externaltools.gnu-tools-for-stm32.10.3-2021.10.win32_1.0.0.202111181127/tools/bin/../lib/gcc/arm-none-eabi/10.3.1/thumb/v7e-m+dp/hard/crtn.o
 *(.fini)
 .fini          0x00000000080078ec        0x4 c:/st/stm32cubeide_1.10.0/stm32cubeide/plugins/com.st.stm32cube.ide.mcu.externaltools.gnu-tools-for-stm32.10.3-2021.10.win32_1.0.0.202111181127/tools/bin/../lib/gcc/arm-none-eabi/10.3.1/thumb/v7e-m+dp/hard/crti.o
                0x00000000080078ec                _fini
 .fini          0x00000000080078f0        0x8 c:/st/stm32cubeide_1.10.0/stm32cubeide/plugins/com.st.stm32cube.ide.mcu.externaltools.gnu-tools-for-stm32.10.3-2021.10.win32_1.0.0.202111181127/tools/bin/../lib/gcc/arm-none-eabi/10.3.1/thumb/v7e-m+dp/hard/crtn.o
                0x00000000080078f8                . = ALIGN (0x4)
                0x00000000080078f8                _etext = .

.vfp11_veneer   0x00000000080078f8        0x0
 .vfp11_veneer  0x00000000080078f8        0x0 linker stubs

.v4_bx          0x00000000080078f8        0x0
 .v4_bx         0x00000000080078f8        0x0 linker stubs

.iplt           0x00000000080078f8        0x0
 .iplt          0x00000000080078f8        0x0 c:/st/stm32cubeide_1.10.0/stm32cubeide/plugins/com.st.stm32cube.ide.mcu.externaltools.gnu-tools-for-stm32.10.3-2021.10.win32_1.0.0.202111181127/tools/bin/../lib/gcc/arm-none-eabi/10.3.1/thumb/v7e-m+dp/hard/crtbegin.o

.rodata         0x00000000080078f8      0x1b8
                0x00000000080078f8                . = ALIGN (0x4)
 *(.rodata)
 .rodata        0x00000000080078f8       0x37 ./Core/Src/main.o
 *fill*         0x000000000800792f        0x1 
 .rodata        0x0000000008007930        0x5 ./ThridParty/FreeRTOS/tasks.o
 *fill*         0x0000000008007935        0x3 
 .rodata        0x0000000008007938        0xd ./ThridParty/FreeRTOS/timers.o
 *fill*         0x0000000008007945        0x3 
 .rodata        0x0000000008007948       0x49 ./ThridParty/SEGGER/Config/SEGGER_SYSVIEW_Config_FreeRTOS.o
 *fill*         0x0000000008007991        0x3 
 .rodata        0x0000000008007994       0x58 ./ThridParty/SEGGER/OS/SEGGER_SYSVIEW_FreeRTOS.o
 .rodata        0x00000000080079ec        0x9 ./ThridParty/SEGGER/SEGGER/SEGGER_RTT.o
 *fill*         0x00000000080079f5        0x3 
 .rodata        0x00000000080079f8       0x10 ./ThridParty/SEGGER/SEGGER/SEGGER_SYSVIEW.o
 *(.rodata*)
 .rodata.AHBPrescTable
                0x0000000008007a08       0x10 ./Core/Src/system_stm32f7xx.o
                0x0000000008007a08                AHBPrescTable
 .rodata.APBPrescTable
                0x0000000008007a18        0x8 ./Core/Src/system_stm32f7xx.o
                0x0000000008007a18                APBPrescTable
 .rodata.SYSVIEW_X_OS_TraceAPI
                0x0000000008007a20        0x8 ./ThridParty/SEGGER/OS/SEGGER_SYSVIEW_FreeRTOS.o
                0x0000000008007a20                SYSVIEW_X_OS_TraceAPI
 .rodata._abHelloMsg
                0x0000000008007a28        0x4 ./ThridParty/SEGGER/Rec/segger_uart.o
 .rodata._aInitStr.0
                0x0000000008007a2c       0x11 ./ThridParty/SEGGER/SEGGER/SEGGER_RTT.o
 *fill*         0x0000000008007a3d        0x3 
 .rodata._abSync
                0x0000000008007a40        0xa ./ThridParty/SEGGER/SEGGER/SEGGER_SYSVIEW.o
 *fill*         0x0000000008007a4a        0x2 
 .rodata._global_impure_ptr
                0x0000000008007a4c        0x4 c:/st/stm32cubeide_1.10.0/stm32cubeide/plugins/com.st.stm32cube.ide.mcu.externaltools.gnu-tools-for-stm32.10.3-2021.10.win32_1.0.0.202111181127/tools/bin/../lib/gcc/arm-none-eabi/10.3.1/../../../../arm-none-eabi/lib/thumb/v7e-m+dp/hard\libc_nano.a(lib_a-impure.o)
                0x0000000008007a4c                _global_impure_ptr
 .rodata.__sf_fake_stderr
                0x0000000008007a50       0x20 c:/st/stm32cubeide_1.10.0/stm32cubeide/plugins/com.st.stm32cube.ide.mcu.externaltools.gnu-tools-for-stm32.10.3-2021.10.win32_1.0.0.202111181127/tools/bin/../lib/gcc/arm-none-eabi/10.3.1/../../../../arm-none-eabi/lib/thumb/v7e-m+dp/hard\libc_nano.a(lib_a-findfp.o)
                0x0000000008007a50                __sf_fake_stderr
 .rodata.__sf_fake_stdin
                0x0000000008007a70       0x20 c:/st/stm32cubeide_1.10.0/stm32cubeide/plugins/com.st.stm32cube.ide.mcu.externaltools.gnu-tools-for-stm32.10.3-2021.10.win32_1.0.0.202111181127/tools/bin/../lib/gcc/arm-none-eabi/10.3.1/../../../../arm-none-eabi/lib/thumb/v7e-m+dp/hard\libc_nano.a(lib_a-findfp.o)
                0x0000000008007a70                __sf_fake_stdin
 .rodata.__sf_fake_stdout
                0x0000000008007a90       0x20 c:/st/stm32cubeide_1.10.0/stm32cubeide/plugins/com.st.stm32cube.ide.mcu.externaltools.gnu-tools-for-stm32.10.3-2021.10.win32_1.0.0.202111181127/tools/bin/../lib/gcc/arm-none-eabi/10.3.1/../../../../arm-none-eabi/lib/thumb/v7e-m+dp/hard\libc_nano.a(lib_a-findfp.o)
                0x0000000008007a90                __sf_fake_stdout
                0x0000000008007ab0                . = ALIGN (0x4)

.ARM.extab      0x0000000008007ab0        0x0
                0x0000000008007ab0                . = ALIGN (0x4)
 *(.ARM.extab* .gnu.linkonce.armextab.*)
                0x0000000008007ab0                . = ALIGN (0x4)

.ARM            0x0000000008007ab0        0x8
                0x0000000008007ab0                . = ALIGN (0x4)
                0x0000000008007ab0                __exidx_start = .
 *(.ARM.exidx*)
 .ARM.exidx     0x0000000008007ab0        0x8 c:/st/stm32cubeide_1.10.0/stm32cubeide/plugins/com.st.stm32cube.ide.mcu.externaltools.gnu-tools-for-stm32.10.3-2021.10.win32_1.0.0.202111181127/tools/bin/../lib/gcc/arm-none-eabi/10.3.1/thumb/v7e-m+dp/hard\libgcc.a(_udivmoddi4.o)
                0x0000000008007ab8                __exidx_end = .
                0x0000000008007ab8                . = ALIGN (0x4)

.rel.dyn        0x0000000008007ab8        0x0
 .rel.iplt      0x0000000008007ab8        0x0 c:/st/stm32cubeide_1.10.0/stm32cubeide/plugins/com.st.stm32cube.ide.mcu.externaltools.gnu-tools-for-stm32.10.3-2021.10.win32_1.0.0.202111181127/tools/bin/../lib/gcc/arm-none-eabi/10.3.1/thumb/v7e-m+dp/hard/crtbegin.o

.preinit_array  0x0000000008007ab8        0x0
                0x0000000008007ab8                . = ALIGN (0x4)
                0x0000000008007ab8                PROVIDE (__preinit_array_start = .)
 *(.preinit_array*)
                0x0000000008007ab8                PROVIDE (__preinit_array_end = .)
                0x0000000008007ab8                . = ALIGN (0x4)

.init_array     0x0000000008007ab8        0x4
                0x0000000008007ab8                . = ALIGN (0x4)
                0x0000000008007ab8                PROVIDE (__init_array_start = .)
 *(SORT_BY_NAME(.init_array.*))
 *(.init_array*)
 .init_array    0x0000000008007ab8        0x4 c:/st/stm32cubeide_1.10.0/stm32cubeide/plugins/com.st.stm32cube.ide.mcu.externaltools.gnu-tools-for-stm32.10.3-2021.10.win32_1.0.0.202111181127/tools/bin/../lib/gcc/arm-none-eabi/10.3.1/thumb/v7e-m+dp/hard/crtbegin.o
                0x0000000008007abc                PROVIDE (__init_array_end = .)
                0x0000000008007abc                . = ALIGN (0x4)

.fini_array     0x0000000008007abc        0x4
                0x0000000008007abc                . = ALIGN (0x4)
                [!provide]                        PROVIDE (__fini_array_start = .)
 *(SORT_BY_NAME(.fini_array.*))
 *(.fini_array*)
 .fini_array    0x0000000008007abc        0x4 c:/st/stm32cubeide_1.10.0/stm32cubeide/plugins/com.st.stm32cube.ide.mcu.externaltools.gnu-tools-for-stm32.10.3-2021.10.win32_1.0.0.202111181127/tools/bin/../lib/gcc/arm-none-eabi/10.3.1/thumb/v7e-m+dp/hard/crtbegin.o
                [!provide]                        PROVIDE (__fini_array_end = .)
                0x0000000008007ac0                . = ALIGN (0x4)
                0x0000000008007ac0                _sidata = LOADADDR (.data)

.data           0x0000000020000000       0x80 load address 0x0000000008007ac0
                0x0000000020000000                . = ALIGN (0x4)
                0x0000000020000000                _sdata = .
 *(.data)
 *(.data*)
 .data.SystemCoreClock
                0x0000000020000000        0x4 ./Core/Src/system_stm32f7xx.o
                0x0000000020000000                SystemCoreClock
 .data.uwTickPrio
                0x0000000020000004        0x4 ./Drivers/STM32F7xx_HAL_Driver/Src/stm32f7xx_hal.o
                0x0000000020000004                uwTickPrio
 .data.uwTickFreq
                0x0000000020000008        0x1 ./Drivers/STM32F7xx_HAL_Driver/Src/stm32f7xx_hal.o
                0x0000000020000008                uwTickFreq
 *fill*         0x0000000020000009        0x3 
 .data.uxTopUsedPriority
                0x000000002000000c        0x4 ./ThridParty/FreeRTOS/tasks.o
                0x000000002000000c                uxTopUsedPriority
 .data.uxCriticalNesting
                0x0000000020000010        0x4 ./ThridParty/FreeRTOS/portable/GCC/ARM_CM4F/port.o
 .data._SVInfo  0x0000000020000014        0x8 ./ThridParty/SEGGER/Rec/segger_uart.o
 .data._impure_ptr
                0x000000002000001c        0x4 c:/st/stm32cubeide_1.10.0/stm32cubeide/plugins/com.st.stm32cube.ide.mcu.externaltools.gnu-tools-for-stm32.10.3-2021.10.win32_1.0.0.202111181127/tools/bin/../lib/gcc/arm-none-eabi/10.3.1/../../../../arm-none-eabi/lib/thumb/v7e-m+dp/hard\libc_nano.a(lib_a-impure.o)
                0x000000002000001c                _impure_ptr
 .data.impure_data
                0x0000000020000020       0x60 c:/st/stm32cubeide_1.10.0/stm32cubeide/plugins/com.st.stm32cube.ide.mcu.externaltools.gnu-tools-for-stm32.10.3-2021.10.win32_1.0.0.202111181127/tools/bin/../lib/gcc/arm-none-eabi/10.3.1/../../../../arm-none-eabi/lib/thumb/v7e-m+dp/hard\libc_nano.a(lib_a-impure.o)
 *(.RamFunc)
 *(.RamFunc*)
                0x0000000020000080                . = ALIGN (0x4)
                0x0000000020000080                _edata = .

.igot.plt       0x0000000020000080        0x0 load address 0x0000000008007b40
 .igot.plt      0x0000000020000080        0x0 c:/st/stm32cubeide_1.10.0/stm32cubeide/plugins/com.st.stm32cube.ide.mcu.externaltools.gnu-tools-for-stm32.10.3-2021.10.win32_1.0.0.202111181127/tools/bin/../lib/gcc/arm-none-eabi/10.3.1/thumb/v7e-m+dp/hard/crtbegin.o
                0x0000000020000080                . = ALIGN (0x4)

.bss            0x0000000020000080    0x144a8 load address 0x0000000008007b40
                0x0000000020000080                _sbss = .
                0x0000000020000080                __bss_start__ = _sbss
 *(.bss)
 .bss           0x0000000020000080       0x1c c:/st/stm32cubeide_1.10.0/stm32cubeide/plugins/com.st.stm32cube.ide.mcu.externaltools.gnu-tools-for-stm32.10.3-2021.10.win32_1.0.0.202111181127/tools/bin/../lib/gcc/arm-none-eabi/10.3.1/thumb/v7e-m+dp/hard/crtbegin.o
 *(.bss*)
 .bss.htim6     0x000000002000009c       0x4c ./Core/Src/stm32f7xx_hal_timebase_tim.o
                0x000000002000009c                htim6
 .bss.__sbrk_heap_end
                0x00000000200000e8        0x4 ./Core/Src/sysmem.o
 .bss.uwTick    0x00000000200000ec        0x4 ./Drivers/STM32F7xx_HAL_Driver/Src/stm32f7xx_hal.o
                0x00000000200000ec                uwTick
 .bss.xQueueRegistry
                0x00000000200000f0       0x40 ./ThridParty/FreeRTOS/queue.o
                0x00000000200000f0                xQueueRegistry
 .bss.pxCurrentTCB
                0x0000000020000130        0x4 ./ThridParty/FreeRTOS/tasks.o
                0x0000000020000130                pxCurrentTCB
 .bss.pxReadyTasksLists
                0x0000000020000134       0x64 ./ThridParty/FreeRTOS/tasks.o
 .bss.xDelayedTaskList1
                0x0000000020000198       0x14 ./ThridParty/FreeRTOS/tasks.o
 .bss.xDelayedTaskList2
                0x00000000200001ac       0x14 ./ThridParty/FreeRTOS/tasks.o
 .bss.pxDelayedTaskList
                0x00000000200001c0        0x4 ./ThridParty/FreeRTOS/tasks.o
 .bss.pxOverflowDelayedTaskList
                0x00000000200001c4        0x4 ./ThridParty/FreeRTOS/tasks.o
 .bss.xPendingReadyList
                0x00000000200001c8       0x14 ./ThridParty/FreeRTOS/tasks.o
 .bss.xTasksWaitingTermination
                0x00000000200001dc       0x14 ./ThridParty/FreeRTOS/tasks.o
 .bss.uxDeletedTasksWaitingCleanUp
                0x00000000200001f0        0x4 ./ThridParty/FreeRTOS/tasks.o
 .bss.xSuspendedTaskList
                0x00000000200001f4       0x14 ./ThridParty/FreeRTOS/tasks.o
 .bss.uxCurrentNumberOfTasks
                0x0000000020000208        0x4 ./ThridParty/FreeRTOS/tasks.o
 .bss.xTickCount
                0x000000002000020c        0x4 ./ThridParty/FreeRTOS/tasks.o
 .bss.uxTopReadyPriority
                0x0000000020000210        0x4 ./ThridParty/FreeRTOS/tasks.o
 .bss.xSchedulerRunning
                0x0000000020000214        0x4 ./ThridParty/FreeRTOS/tasks.o
 .bss.xPendedTicks
                0x0000000020000218        0x4 ./ThridParty/FreeRTOS/tasks.o
 .bss.xYieldPending
                0x000000002000021c        0x4 ./ThridParty/FreeRTOS/tasks.o
 .bss.xNumOfOverflows
                0x0000000020000220        0x4 ./ThridParty/FreeRTOS/tasks.o
 .bss.uxTaskNumber
                0x0000000020000224        0x4 ./ThridParty/FreeRTOS/tasks.o
 .bss.xNextTaskUnblockTime
                0x0000000020000228        0x4 ./ThridParty/FreeRTOS/tasks.o
 .bss.xIdleTaskHandle
                0x000000002000022c        0x4 ./ThridParty/FreeRTOS/tasks.o
 .bss.uxSchedulerSuspended
                0x0000000020000230        0x4 ./ThridParty/FreeRTOS/tasks.o
 .bss.xActiveTimerList1
                0x0000000020000234       0x14 ./ThridParty/FreeRTOS/timers.o
 .bss.xActiveTimerList2
                0x0000000020000248       0x14 ./ThridParty/FreeRTOS/timers.o
 .bss.pxCurrentTimerList
                0x000000002000025c        0x4 ./ThridParty/FreeRTOS/timers.o
 .bss.pxOverflowTimerList
                0x0000000020000260        0x4 ./ThridParty/FreeRTOS/timers.o
 .bss.xTimerQueue
                0x0000000020000264        0x4 ./ThridParty/FreeRTOS/timers.o
 .bss.xTimerTaskHandle
                0x0000000020000268        0x4 ./ThridParty/FreeRTOS/timers.o
 .bss.xLastTime.0
                0x000000002000026c        0x4 ./ThridParty/FreeRTOS/timers.o
 .bss.ucMaxSysCallPriority
                0x0000000020000270        0x1 ./ThridParty/FreeRTOS/portable/GCC/ARM_CM4F/port.o
 *fill*         0x0000000020000271        0x3 
 .bss.ulMaxPRIGROUPValue
                0x0000000020000274        0x4 ./ThridParty/FreeRTOS/portable/GCC/ARM_CM4F/port.o
 .bss.ucHeap    0x0000000020000278    0x12c00 ./ThridParty/FreeRTOS/portable/MemMang/heap_4.o
 .bss.xStart    0x0000000020012e78        0x8 ./ThridParty/FreeRTOS/portable/MemMang/heap_4.o
 .bss.pxEnd     0x0000000020012e80        0x4 ./ThridParty/FreeRTOS/portable/MemMang/heap_4.o
 .bss.xFreeBytesRemaining
                0x0000000020012e84        0x4 ./ThridParty/FreeRTOS/portable/MemMang/heap_4.o
 .bss.xMinimumEverFreeBytesRemaining
                0x0000000020012e88        0x4 ./ThridParty/FreeRTOS/portable/MemMang/heap_4.o
 .bss.xNumberOfSuccessfulAllocations
                0x0000000020012e8c        0x4 ./ThridParty/FreeRTOS/portable/MemMang/heap_4.o
 .bss.xNumberOfSuccessfulFrees
                0x0000000020012e90        0x4 ./ThridParty/FreeRTOS/portable/MemMang/heap_4.o
 .bss.xBlockAllocatedBit
                0x0000000020012e94        0x4 ./ThridParty/FreeRTOS/portable/MemMang/heap_4.o
 .bss._aTasks   0x0000000020012e98       0xa0 ./ThridParty/SEGGER/OS/SEGGER_SYSVIEW_FreeRTOS.o
 .bss._NumTasks
                0x0000000020012f38        0x4 ./ThridParty/SEGGER/OS/SEGGER_SYSVIEW_FreeRTOS.o
 .bss._cbOnRx   0x0000000020012f3c        0x4 ./ThridParty/SEGGER/Rec/segger_uart.o
 .bss._cbOnTx   0x0000000020012f40        0x4 ./ThridParty/SEGGER/Rec/segger_uart.o
 .bss._SEGGER_RTT
                0x0000000020012f44       0xa8 ./ThridParty/SEGGER/SEGGER/SEGGER_RTT.o
                0x0000000020012f44                _SEGGER_RTT
 .bss._acUpBuffer
                0x0000000020012fec      0x400 ./ThridParty/SEGGER/SEGGER/SEGGER_RTT.o
 .bss._acDownBuffer
                0x00000000200133ec       0x10 ./ThridParty/SEGGER/SEGGER/SEGGER_RTT.o
 .bss._UpBuffer
                0x00000000200133fc     0x1000 ./ThridParty/SEGGER/SEGGER/SEGGER_SYSVIEW.o
 .bss._DownBuffer
                0x00000000200143fc        0x8 ./ThridParty/SEGGER/SEGGER/SEGGER_SYSVIEW.o
 .bss._SYSVIEW_Globals
                0x0000000020014404       0x28 ./ThridParty/SEGGER/SEGGER/SEGGER_SYSVIEW.o
 .bss._pFirstModule
                0x000000002001442c        0x4 ./ThridParty/SEGGER/SEGGER/SEGGER_SYSVIEW.o
 .bss._NumModules
                0x0000000020014430        0x1 ./ThridParty/SEGGER/SEGGER/SEGGER_SYSVIEW.o
 *fill*         0x0000000020014431        0x3 
 .bss._aPacket  0x0000000020014434       0xe3 ./ThridParty/SEGGER/SEGGER/SEGGER_SYSVIEW.o
 .bss.__lock___malloc_recursive_mutex
                0x0000000020014517        0x1 c:/st/stm32cubeide_1.10.0/stm32cubeide/plugins/com.st.stm32cube.ide.mcu.externaltools.gnu-tools-for-stm32.10.3-2021.10.win32_1.0.0.202111181127/tools/bin/../lib/gcc/arm-none-eabi/10.3.1/../../../../arm-none-eabi/lib/thumb/v7e-m+dp/hard\libc_nano.a(lib_a-lock.o)
                0x0000000020014517                __lock___malloc_recursive_mutex
 .bss.__lock___sfp_recursive_mutex
                0x0000000020014518        0x1 c:/st/stm32cubeide_1.10.0/stm32cubeide/plugins/com.st.stm32cube.ide.mcu.externaltools.gnu-tools-for-stm32.10.3-2021.10.win32_1.0.0.202111181127/tools/bin/../lib/gcc/arm-none-eabi/10.3.1/../../../../arm-none-eabi/lib/thumb/v7e-m+dp/hard\libc_nano.a(lib_a-lock.o)
                0x0000000020014518                __lock___sfp_recursive_mutex
 .bss.__lock___sinit_recursive_mutex
                0x0000000020014519        0x1 c:/st/stm32cubeide_1.10.0/stm32cubeide/plugins/com.st.stm32cube.ide.mcu.externaltools.gnu-tools-for-stm32.10.3-2021.10.win32_1.0.0.202111181127/tools/bin/../lib/gcc/arm-none-eabi/10.3.1/../../../../arm-none-eabi/lib/thumb/v7e-m+dp/hard\libc_nano.a(lib_a-lock.o)
                0x0000000020014519                __lock___sinit_recursive_mutex
 *fill*         0x000000002001451a        0x2 
 .bss.__malloc_free_list
                0x000000002001451c        0x4 c:/st/stm32cubeide_1.10.0/stm32cubeide/plugins/com.st.stm32cube.ide.mcu.externaltools.gnu-tools-for-stm32.10.3-2021.10.win32_1.0.0.202111181127/tools/bin/../lib/gcc/arm-none-eabi/10.3.1/../../../../arm-none-eabi/lib/thumb/v7e-m+dp/hard\libc_nano.a(lib_a-nano-mallocr.o)
                0x000000002001451c                __malloc_free_list
 .bss.__malloc_sbrk_start
                0x0000000020014520        0x4 c:/st/stm32cubeide_1.10.0/stm32cubeide/plugins/com.st.stm32cube.ide.mcu.externaltools.gnu-tools-for-stm32.10.3-2021.10.win32_1.0.0.202111181127/tools/bin/../lib/gcc/arm-none-eabi/10.3.1/../../../../arm-none-eabi/lib/thumb/v7e-m+dp/hard\libc_nano.a(lib_a-nano-mallocr.o)
                0x0000000020014520                __malloc_sbrk_start
 .bss.errno     0x0000000020014524        0x4 c:/st/stm32cubeide_1.10.0/stm32cubeide/plugins/com.st.stm32cube.ide.mcu.externaltools.gnu-tools-for-stm32.10.3-2021.10.win32_1.0.0.202111181127/tools/bin/../lib/gcc/arm-none-eabi/10.3.1/../../../../arm-none-eabi/lib/thumb/v7e-m+dp/hard\libc_nano.a(lib_a-reent.o)
                0x0000000020014524                errno
 *(COMMON)
                0x0000000020014528                . = ALIGN (0x4)
                0x0000000020014528                _ebss = .
                0x0000000020014528                __bss_end__ = _ebss

._user_heap_stack
                0x0000000020014528      0x600 load address 0x0000000008007b40
                0x0000000020014528                . = ALIGN (0x8)
                [!provide]                        PROVIDE (end = .)
                0x0000000020014528                PROVIDE (_end = .)
                0x0000000020014728                . = (. + _Min_Heap_Size)
 *fill*         0x0000000020014528      0x200 
                0x0000000020014b28                . = (. + _Min_Stack_Size)
 *fill*         0x0000000020014728      0x400 
                0x0000000020014b28                . = ALIGN (0x8)

/DISCARD/
 libc.a(*)
 libm.a(*)
 libgcc.a(*)

.ARM.attributes
                0x0000000000000000       0x2e
 *(.ARM.attributes)
 .ARM.attributes
                0x0000000000000000       0x1e c:/st/stm32cubeide_1.10.0/stm32cubeide/plugins/com.st.stm32cube.ide.mcu.externaltools.gnu-tools-for-stm32.10.3-2021.10.win32_1.0.0.202111181127/tools/bin/../lib/gcc/arm-none-eabi/10.3.1/thumb/v7e-m+dp/hard/crti.o
 .ARM.attributes
                0x000000000000001e       0x32 c:/st/stm32cubeide_1.10.0/stm32cubeide/plugins/com.st.stm32cube.ide.mcu.externaltools.gnu-tools-for-stm32.10.3-2021.10.win32_1.0.0.202111181127/tools/bin/../lib/gcc/arm-none-eabi/10.3.1/thumb/v7e-m+dp/hard/crtbegin.o
 .ARM.attributes
                0x0000000000000050       0x32 ./Core/Src/main.o
 .ARM.attributes
                0x0000000000000082       0x32 ./Core/Src/stm32f7xx_hal_msp.o
 .ARM.attributes
                0x00000000000000b4       0x32 ./Core/Src/stm32f7xx_hal_timebase_tim.o
 .ARM.attributes
                0x00000000000000e6       0x32 ./Core/Src/stm32f7xx_it.o
 .ARM.attributes
                0x0000000000000118       0x32 ./Core/Src/syscalls.o
 .ARM.attributes
                0x000000000000014a       0x32 ./Core/Src/sysmem.o
 .ARM.attributes
                0x000000000000017c       0x32 ./Core/Src/system_stm32f7xx.o
 .ARM.attributes
                0x00000000000001ae       0x21 ./Core/Startup/startup_stm32f767zitx.o
 .ARM.attributes
                0x00000000000001cf       0x32 ./Drivers/STM32F7xx_HAL_Driver/Src/stm32f7xx_hal.o
 .ARM.attributes
                0x0000000000000201       0x32 ./Drivers/STM32F7xx_HAL_Driver/Src/stm32f7xx_hal_cortex.o
 .ARM.attributes
                0x0000000000000233       0x32 ./Drivers/STM32F7xx_HAL_Driver/Src/stm32f7xx_hal_gpio.o
 .ARM.attributes
                0x0000000000000265       0x32 ./Drivers/STM32F7xx_HAL_Driver/Src/stm32f7xx_hal_pwr_ex.o
 .ARM.attributes
                0x0000000000000297       0x32 ./Drivers/STM32F7xx_HAL_Driver/Src/stm32f7xx_hal_rcc.o
 .ARM.attributes
                0x00000000000002c9       0x32 ./Drivers/STM32F7xx_HAL_Driver/Src/stm32f7xx_hal_tim.o
 .ARM.attributes
                0x00000000000002fb       0x32 ./Drivers/STM32F7xx_HAL_Driver/Src/stm32f7xx_hal_tim_ex.o
 .ARM.attributes
                0x000000000000032d       0x32 ./ThridParty/FreeRTOS/list.o
 .ARM.attributes
                0x000000000000035f       0x32 ./ThridParty/FreeRTOS/queue.o
 .ARM.attributes
                0x0000000000000391       0x32 ./ThridParty/FreeRTOS/tasks.o
 .ARM.attributes
                0x00000000000003c3       0x32 ./ThridParty/FreeRTOS/timers.o
 .ARM.attributes
                0x00000000000003f5       0x32 ./ThridParty/FreeRTOS/portable/GCC/ARM_CM4F/port.o
 .ARM.attributes
                0x0000000000000427       0x32 ./ThridParty/FreeRTOS/portable/MemMang/heap_4.o
 .ARM.attributes
                0x0000000000000459       0x32 ./ThridParty/SEGGER/Config/SEGGER_SYSVIEW_Config_FreeRTOS.o
 .ARM.attributes
                0x000000000000048b       0x32 ./ThridParty/SEGGER/OS/SEGGER_SYSVIEW_FreeRTOS.o
 .ARM.attributes
                0x00000000000004bd       0x32 ./ThridParty/SEGGER/Rec/segger_uart.o
 .ARM.attributes
                0x00000000000004ef       0x32 ./ThridParty/SEGGER/SEGGER/SEGGER_RTT.o
 .ARM.attributes
                0x0000000000000521       0x1e ./ThridParty/SEGGER/SEGGER/SEGGER_RTT_ASM_ARMv7M.o
 .ARM.attributes
                0x000000000000053f       0x32 ./ThridParty/SEGGER/SEGGER/SEGGER_SYSVIEW.o
 .ARM.attributes
                0x0000000000000571       0x32 ./ThridParty/SEGGER/SEGGER/Syscalls/SEGGER_RTT_Syscalls_GCC.o
 .ARM.attributes
                0x00000000000005a3       0x32 c:/st/stm32cubeide_1.10.0/stm32cubeide/plugins/com.st.stm32cube.ide.mcu.externaltools.gnu-tools-for-stm32.10.3-2021.10.win32_1.0.0.202111181127/tools/bin/../lib/gcc/arm-none-eabi/10.3.1/../../../../arm-none-eabi/lib/thumb/v7e-m+dp/hard\libc_nano.a(lib_a-errno.o)
 .ARM.attributes
                0x00000000000005d5       0x32 c:/st/stm32cubeide_1.10.0/stm32cubeide/plugins/com.st.stm32cube.ide.mcu.externaltools.gnu-tools-for-stm32.10.3-2021.10.win32_1.0.0.202111181127/tools/bin/../lib/gcc/arm-none-eabi/10.3.1/../../../../arm-none-eabi/lib/thumb/v7e-m+dp/hard\libc_nano.a(lib_a-impure.o)
 .ARM.attributes
                0x0000000000000607       0x32 c:/st/stm32cubeide_1.10.0/stm32cubeide/plugins/com.st.stm32cube.ide.mcu.externaltools.gnu-tools-for-stm32.10.3-2021.10.win32_1.0.0.202111181127/tools/bin/../lib/gcc/arm-none-eabi/10.3.1/../../../../arm-none-eabi/lib/thumb/v7e-m+dp/hard\libc_nano.a(lib_a-init.o)
 .ARM.attributes
                0x0000000000000639       0x32 c:/st/stm32cubeide_1.10.0/stm32cubeide/plugins/com.st.stm32cube.ide.mcu.externaltools.gnu-tools-for-stm32.10.3-2021.10.win32_1.0.0.202111181127/tools/bin/../lib/gcc/arm-none-eabi/10.3.1/../../../../arm-none-eabi/lib/thumb/v7e-m+dp/hard\libc_nano.a(lib_a-memcmp.o)
 .ARM.attributes
                0x000000000000066b       0x32 c:/st/stm32cubeide_1.10.0/stm32cubeide/plugins/com.st.stm32cube.ide.mcu.externaltools.gnu-tools-for-stm32.10.3-2021.10.win32_1.0.0.202111181127/tools/bin/../lib/gcc/arm-none-eabi/10.3.1/../../../../arm-none-eabi/lib/thumb/v7e-m+dp/hard\libc_nano.a(lib_a-memcpy-stub.o)
 .ARM.attributes
                0x000000000000069d       0x32 c:/st/stm32cubeide_1.10.0/stm32cubeide/plugins/com.st.stm32cube.ide.mcu.externaltools.gnu-tools-for-stm32.10.3-2021.10.win32_1.0.0.202111181127/tools/bin/../lib/gcc/arm-none-eabi/10.3.1/../../../../arm-none-eabi/lib/thumb/v7e-m+dp/hard\libc_nano.a(lib_a-memset.o)
 .ARM.attributes
                0x00000000000006cf       0x32 c:/st/stm32cubeide_1.10.0/stm32cubeide/plugins/com.st.stm32cube.ide.mcu.externaltools.gnu-tools-for-stm32.10.3-2021.10.win32_1.0.0.202111181127/tools/bin/../lib/gcc/arm-none-eabi/10.3.1/../../../../arm-none-eabi/lib/thumb/v7e-m+dp/hard\libc_nano.a(lib_a-puts.o)
 .ARM.attributes
                0x0000000000000701       0x32 c:/st/stm32cubeide_1.10.0/stm32cubeide/plugins/com.st.stm32cube.ide.mcu.externaltools.gnu-tools-for-stm32.10.3-2021.10.win32_1.0.0.202111181127/tools/bin/../lib/gcc/arm-none-eabi/10.3.1/../../../../arm-none-eabi/lib/thumb/v7e-m+dp/hard\libc_nano.a(lib_a-wbuf.o)
 .ARM.attributes
                0x0000000000000733       0x32 c:/st/stm32cubeide_1.10.0/stm32cubeide/plugins/com.st.stm32cube.ide.mcu.externaltools.gnu-tools-for-stm32.10.3-2021.10.win32_1.0.0.202111181127/tools/bin/../lib/gcc/arm-none-eabi/10.3.1/../../../../arm-none-eabi/lib/thumb/v7e-m+dp/hard\libc_nano.a(lib_a-wsetup.o)
 .ARM.attributes
                0x0000000000000765       0x32 c:/st/stm32cubeide_1.10.0/stm32cubeide/plugins/com.st.stm32cube.ide.mcu.externaltools.gnu-tools-for-stm32.10.3-2021.10.win32_1.0.0.202111181127/tools/bin/../lib/gcc/arm-none-eabi/10.3.1/../../../../arm-none-eabi/lib/thumb/v7e-m+dp/hard\libc_nano.a(lib_a-fflush.o)
 .ARM.attributes
                0x0000000000000797       0x32 c:/st/stm32cubeide_1.10.0/stm32cubeide/plugins/com.st.stm32cube.ide.mcu.externaltools.gnu-tools-for-stm32.10.3-2021.10.win32_1.0.0.202111181127/tools/bin/../lib/gcc/arm-none-eabi/10.3.1/../../../../arm-none-eabi/lib/thumb/v7e-m+dp/hard\libc_nano.a(lib_a-findfp.o)
 .ARM.attributes
                0x00000000000007c9       0x32 c:/st/stm32cubeide_1.10.0/stm32cubeide/plugins/com.st.stm32cube.ide.mcu.externaltools.gnu-tools-for-stm32.10.3-2021.10.win32_1.0.0.202111181127/tools/bin/../lib/gcc/arm-none-eabi/10.3.1/../../../../arm-none-eabi/lib/thumb/v7e-m+dp/hard\libc_nano.a(lib_a-fwalk.o)
 .ARM.attributes
                0x00000000000007fb       0x32 c:/st/stm32cubeide_1.10.0/stm32cubeide/plugins/com.st.stm32cube.ide.mcu.externaltools.gnu-tools-for-stm32.10.3-2021.10.win32_1.0.0.202111181127/tools/bin/../lib/gcc/arm-none-eabi/10.3.1/../../../../arm-none-eabi/lib/thumb/v7e-m+dp/hard\libc_nano.a(lib_a-lock.o)
 .ARM.attributes
                0x000000000000082d       0x32 c:/st/stm32cubeide_1.10.0/stm32cubeide/plugins/com.st.stm32cube.ide.mcu.externaltools.gnu-tools-for-stm32.10.3-2021.10.win32_1.0.0.202111181127/tools/bin/../lib/gcc/arm-none-eabi/10.3.1/../../../../arm-none-eabi/lib/thumb/v7e-m+dp/hard\libc_nano.a(lib_a-makebuf.o)
 .ARM.attributes
                0x000000000000085f       0x32 c:/st/stm32cubeide_1.10.0/stm32cubeide/plugins/com.st.stm32cube.ide.mcu.externaltools.gnu-tools-for-stm32.10.3-2021.10.win32_1.0.0.202111181127/tools/bin/../lib/gcc/arm-none-eabi/10.3.1/../../../../arm-none-eabi/lib/thumb/v7e-m+dp/hard\libc_nano.a(lib_a-nano-freer.o)
 .ARM.attributes
                0x0000000000000891       0x32 c:/st/stm32cubeide_1.10.0/stm32cubeide/plugins/com.st.stm32cube.ide.mcu.externaltools.gnu-tools-for-stm32.10.3-2021.10.win32_1.0.0.202111181127/tools/bin/../lib/gcc/arm-none-eabi/10.3.1/../../../../arm-none-eabi/lib/thumb/v7e-m+dp/hard\libc_nano.a(lib_a-nano-mallocr.o)
 .ARM.attributes
                0x00000000000008c3       0x32 c:/st/stm32cubeide_1.10.0/stm32cubeide/plugins/com.st.stm32cube.ide.mcu.externaltools.gnu-tools-for-stm32.10.3-2021.10.win32_1.0.0.202111181127/tools/bin/../lib/gcc/arm-none-eabi/10.3.1/../../../../arm-none-eabi/lib/thumb/v7e-m+dp/hard\libc_nano.a(lib_a-sbrkr.o)
 .ARM.attributes
                0x00000000000008f5       0x32 c:/st/stm32cubeide_1.10.0/stm32cubeide/plugins/com.st.stm32cube.ide.mcu.externaltools.gnu-tools-for-stm32.10.3-2021.10.win32_1.0.0.202111181127/tools/bin/../lib/gcc/arm-none-eabi/10.3.1/../../../../arm-none-eabi/lib/thumb/v7e-m+dp/hard\libc_nano.a(lib_a-stdio.o)
 .ARM.attributes
                0x0000000000000927       0x32 c:/st/stm32cubeide_1.10.0/stm32cubeide/plugins/com.st.stm32cube.ide.mcu.externaltools.gnu-tools-for-stm32.10.3-2021.10.win32_1.0.0.202111181127/tools/bin/../lib/gcc/arm-none-eabi/10.3.1/../../../../arm-none-eabi/lib/thumb/v7e-m+dp/hard\libc_nano.a(lib_a-closer.o)
 .ARM.attributes
                0x0000000000000959       0x32 c:/st/stm32cubeide_1.10.0/stm32cubeide/plugins/com.st.stm32cube.ide.mcu.externaltools.gnu-tools-for-stm32.10.3-2021.10.win32_1.0.0.202111181127/tools/bin/../lib/gcc/arm-none-eabi/10.3.1/../../../../arm-none-eabi/lib/thumb/v7e-m+dp/hard\libc_nano.a(lib_a-fstatr.o)
 .ARM.attributes
                0x000000000000098b       0x32 c:/st/stm32cubeide_1.10.0/stm32cubeide/plugins/com.st.stm32cube.ide.mcu.externaltools.gnu-tools-for-stm32.10.3-2021.10.win32_1.0.0.202111181127/tools/bin/../lib/gcc/arm-none-eabi/10.3.1/../../../../arm-none-eabi/lib/thumb/v7e-m+dp/hard\libc_nano.a(lib_a-isattyr.o)
 .ARM.attributes
                0x00000000000009bd       0x32 c:/st/stm32cubeide_1.10.0/stm32cubeide/plugins/com.st.stm32cube.ide.mcu.externaltools.gnu-tools-for-stm32.10.3-2021.10.win32_1.0.0.202111181127/tools/bin/../lib/gcc/arm-none-eabi/10.3.1/../../../../arm-none-eabi/lib/thumb/v7e-m+dp/hard\libc_nano.a(lib_a-lseekr.o)
 .ARM.attributes